ml@borg-kindberg.at:wolgapeter
canaes.leandro@gboe.org:87M29Kv
aguillermog1800@alumno.ipn.mx:Esia95..
20190630@hti.edu.eg:Mohamed0100200300
2233735@sharkia2.moe.edu.eg:Emp#811018
manu64608:Manu.2020
ethan.wardman@my.tccd.edu:Championsfire101!@
sebastian.machado@uao.edu.co:Papamamaehijo77816@@
kcgccs@onedrive5tb.com:Ccs06164811
gdh.cusco@promart.pe:Abril2018
rayana.arquitetura@outlook.com:31101929ja*
20071076@tafe.wa.edu.au:Soma1213
jvindas@gpilatam.com:JVC20586sam
202109521251@alunos.estacio.br:Lp041821
sebastianmedina971@gmail.com:SMHsebas99.
malif.ismail@s.unikl.edu.my:@Alifafiq123
info@collabim.com:dra36Xv8Sn
s2906882@bb.moe.gov.sa:qawsQAWS1212
andrea.iglesias@unmsm.edu.pe:H2vH6d7c
sushmita.saha18@gim.ac.in:Track@98
pa005718730@alorica.com:4R.Lending.Team
ygao65@syr.edu:Xue4306%
202130110@students.asu.edu.jo:Vsx78749
j100020938@taalim.ma:Trnjs2756
jakkozi5@edu.lublin.eu:Kasia770321
kontakte@seiz-zimmermann.de:Autocolor1967#
p136538514@taalim.ma:Yenp6511
chhuon.sri2016@rupp.edu.kh:Sri12341
acasqueiro@gmail.com:iEFP20111960
693846@nur.edu.bo:Nur@2021
imartinez@dycipac.com:Dyc801124$
emamazonas@rioeduca.net:fkccn0918061#
bsalas@tigernaturalgas.com:##Tiger0503
ariveram-17s301@esp.edu.mx:Andy123ESP
amankr@gc-solutions.net:Gcube@#$1234567
adrien.tourneur@ac-grenoble.fr:Lilytenshi01
ps3pkg@od.obagg.com:Vi$180574
dua-ahmad@pakturkmaarif.edu.pk:K$7J9/_?S(f.#F6
17761a03b2@lbrce.ac.in:Msi@42990
1162@stxaviersschoolnevta.in:Nevta@198
pm00759870@techmahindra.com:T!c46R@b
e137094@esoft.academy:VimukthiPathirana@01
alberto.junior@qvsaude.com.br:D161286d@
lpena63@unisalle.edu.co:xkX1Skh5u-
bhisan@outlook.com:emp+yLight00
pr0f3ss0r:Bl4irchu6k
12004289600@edumail.com.br:mimi1234
65361@student.up.poznan.pl:136594BC_2020
s2289783@rb.moe.gov.sa:kaek123@F
kathibill@sbgfoods.com:KatBill17!
yongsun.seo@ingka.ikea.com:yong@010415
haoyuechao@usenode.net:CHAO20090513
julios.castillo@unmsm.edu.pe:Office.20140020
angel.urrutiam@uanl.edu.mx:8-XUn5EEEh
457415675@monofeya3.moe.edu.eg:Std#070619
jesusm3331@yesstudents.org:daniela24
ch74485512@idat.edu.pe:Colmenares_1021
mustafizur.sohan@shohoz.com:sys4m!N!#
mike@walulel.com:J.Ampem#2020
sjungwat@msmail.tic.ac.th:Ammy@2523
t377622@estb.moe.gov.sa:99663355Mm
hhnreddy.m@arunachala.biz:Alpl1463@
priscyla.lima@msconnect.com.br:ms@@2023
1429998@sga.pucminas.br:1528Mari
p00171634@houstonisd.org:Hisd9516
d134503281@taalim.ma:Cchwac4321
nonthapat.l@live.ku.th:Nuchnemo@1
nafe.mohaali@cear.es:NAFE1976/
phamphu@tlu.edu.vn:Phucnqlxd2014
tngwenya2:FillerCan@2023
202203216104@alunos.estacio.br:Anj200470
infigueroa2@poligran.edu.co:Inri15908052/
rualegrem@alumnos.unex.es:123Corralillo
rayza.alejandro@unas.edu.pe:927606149R.
455535177@qaliobia1.moe.edu.eg:Std#040520
toth.zoltan3@oc.hu:Datoan01
dparafiniuk1@szkpodst9.pl:Supra111
julianoogomezz@hotmail.com:encerial2
mlucena-g4f@abdi.com.br:@Industriabrasileira#2022
at4007@aschool.edu.vn:123456a@
ratichikovani0@gmail.com:4egmSLQS?*P@7Fy
f139343452@taalim.ma:1652Anas
shamira.bohorquezc@ug.edu.ec:Shamb.0308
nehemie.mampaka@mavs.uta.edu:Monkey#123
0341.geraldy@smpmpbtm.sch.id:miko12345
219042105@student.uj.ac.za:Tonnymuhiya123@23
kumarpavan:kumarpavan123@
ia7370@bha.academy:34PR33Q7
abans3:ArushB1234567890
ktm-joan1@dealercc.com:Maquina989
jocadenipoti@hotmail.com:netoneto2005
155105417@ybu.edu.tr:Anas1980
2190655048@nku.edu.tr:Tuanam046556
459432995@gharbeia3.moe.edu.eg:Std#071201
daniel.carpinetti@edenred.com:eunaOdigo51
cc1010107121:Jh1010107121
rr758@365office.co:Erko1036
r130188800@taalim.ma:Ktjx7361
936266@sharkia1.moe.edu.eg:Emp#660326
2000742333@moej.edu.jo:Moe@2392003
shageraghty@paypal.com:Aq11aq11
20151315@students.ual.pt:RL138131*
alfredom_9@hotmail.com:arminonly8
jorge.echenique@ips.gob.cl:1504JaeG12!!
malgburi@wsutech.edu:Purple3456
hardkas@edu.hel.fi:re-tkire-nta
dtrout1@bruinmail.slcc.edu:!Isopentylalcohol827
jazevedo@erahelicopters.com:Abner%1234
458632515@domyat1.moe.edu.eg:Std#070520
user4@hthr.ru:123456aA
cristian.sena10050@gmail.com:1005059758
rykicspm2114524@pgc.edu.pk:P2114524EJyb
19034743:19034743
lucas.rare@icloud.com:Pilucha18
dproulx@mysra.org:Taya5360
panita.nith@bu.ac.th:210992_Cj
s7164211@mkhg.moe.gov.sa:Jd8904530
s3577650@mkhb.moe.gov.sa:Jounieh@123
n136266794@taalim.ma:Fdgr6112
450718309@cairo1.moe.edu.eg:Std#050504
457367109@luxor1.moe.edu.eg:Std#070701
449122579@cairo2.moe.edu.eg:Std#041118
klopflen0@mccsc.edu:3yezvxza
igweissinger1s@semo.edu:We/is/singer123
at@oyster-properties.co.uk:LeaveHorse980!
448288725@cairo1.moe.edu.eg:Std#040617
100164656@est.uasd.edu.do:adriel163109
maach@one.ma:Pass2020*
31ajohnson9@go.dsdmail.net:2513378
cs203@nig3.a1p.me:pineappletree86.
r0naldg4n@gmail.com:R0naldgan13
nt781166@schools.mk:Nikola321
flawlesspetar:Sofopipija
k.mezghani22377@pi.tn:Mez9a9ikar*
carla.velasco@psm.edu.ve:Percusia-4
thibaut.barthes@yahoo.fr:Epice1234
n.magengenene@my.milpark.ac.za:magengenene@1
vu.long2@kyndryl.com:C4c~f)qUHz&Bb!g<
darmiand020@gmail.com:Akbwxj12
principal@hcstgn.in:Mallika2007
alejandro.valdes@grupogtd.com:Peb94278
ceepmchaves_10@hotmail.com:P@r@ib@2020
gabriel-barcos@cbm.rs.gov.br:Yac74779
juansacchi@macro.com.ar:23224177PAf
2334@omareyah.edu.jo:Viruss82
comunicacion@comapav.com:Ayuntamiento@comapa2022
ramzi.tlati@rades.r-iset.tn:KfX%JCnM2U
6380119026@student.chula.ac.th:4rM2Cf77
463658846@monofeya2.moe.edu.eg:Std#080301
01127441@bpjskes.id:82288228
rsguszti@sulid.hu:M1c1m6ck0
r.rajbangshi@wlv.ac.uk:useradmin
khalladi.mohamed3@ofppt-edu.ma:Mamababa1234
m.serra@gruppoisc.com:P4mela81!
l134216424@taalim.ma:Vwaw5532
luzsgaal@sura.com.co:fjahfjsdfj587*
mmartin@fender.com:ihp/J%9%3dg4hW_
nabil@guruinovasi.com:@Nabiel22
marcelo.vergueiro@edu.pucrs.br:Kurame97*
paosses2020@udec.cl:Misifu123@
dc06201910146@alexu.edu.eg:M88551100a
karim.lamraoui@cbs-xerox.com:Sidalimaya@2011
goarge.2698171@t3.moe.edu.eg:egyptM@e26981712
sarawut.andon@cmu.ac.th:AnDon016701-*-
doca040925hdfmcra4:cecilio1737
huunv92@stu.tdt.edu.vn:01256779001huu
ads_596771@privatemoe.ae:PJubo32%
csnnro35@csn.edu.pk:Cantt@123
jacek.moskwa@esgroup.ch:Mistrzu520836
453762267@monofeya3.moe.edu.eg:Std#060308
s313030301012@moe.edu.kw:JASSEM22
evanildo.feitosa@aedu.com:01628550
justin.barnett@kpsglobal.com:Frauline17!
csr7@lotusterminals.com:raviahlawat
465030027@alex4.moe.edu.eg:Esraa+Nada
202203185985@alunos.estacio.br:Bra$il16
reed.william@rsmoosburg-fs.de:IhdFHPudKdSs3mg.
2019002496@unfv.edu.pe:XXALIAGAgigi18052000
410235788@qaliobia1.moe.edu.eg:Std#030202
rishant.aery@birlasoft.com:Vibby143#22
010417019@ite.edu.br:Log04204
rramirez@grupoaluman.com:Rod63021
k135372391@taalim.ma:soukaina.123
009635@sugunafoods.com:Suguna@123
t359906@mkhb.moe.gov.sa:Sofian2008
aya194803@fart.bu.edu.eg:1011143427
17ml261@esisalama.org:MBUYU08081998@
514244000:sabacho1
2009042701@ravport.nl:Suza5207
shrilg@airtelmail.in:Rahulrahul@123
djhuertas14@misena.edu.co:daniel3164152858
grwfscmm2155152@pgc.edu.pk:P2155152HFxm
crmadmin@naseba.com:Mcse2003
ana.medrandap@ug.edu.ec:Medranda1801
frper103@ulaval.ca:a48591526b
201902132051@alunos.estacio.br:240878Mm$
esarmientoa1@est.ups.edu.ec:Eisa0998269105
20b-089-se@uitu.edu.pk:Uit@209
viiid05@apsasc.onmicrosoft.com:arjapoi@123
nakilex@gmail.com:1742Rn!
sitinovita@sma1ngawen.sch.id:WGktt165
shaun.tabone@mcast.edu.mt:Corsa016
anan.so@kasikornbank.com:Panda123
kaleb.thurman@pcstudent.net:Thurman2621
ubs.sesc@contagem.mg.gov.br:ubs@SESC123
admin@vinexa1.onmicrosoft.com:Cliente.2023
admin@tulum.ae:K0IDec@y9G2X.?)i
0675346687:ANAtopg@12345687
21022964@student.ltuc.com:QHK0272
6271017063@student.chula.ac.th:6xI4722w
f133362776@taalim.ma:Lifegood2002
t438270@mkhg.moe.gov.sa:TSM12345tsm
perryp@pitt.k12.nc.us:Wildcats1982
eemakenemi@myseneca.ca:Godwin62
pranshulsoni57@gmail.com:Pranshul@15
labib.chamam@tarbia.tn:24015745*A!cv
robert.deaconu@student.utcb.ro:Samsunggalaxis3
leonela.aponte@usil.pe:yeimyG17
ab610956@schools.mk:Alem2020
rits_31:Choudhary@31
n130266495@taalim.ma:Tzna1087
csvillanueva@ust.edu.ph:Teresajune2011
marta.soares@ipsn.cespu.pt:Bukibuku27#/
naimish.pandya@bd.com:Welcome1
lr-18-30079@ufhec.edu.do:Robinstiven199717
s7749868@qsmb.moe.gov.sa:Goodgood357
14tf@ggs-pg.edu.me:Boy6431606
carlifrias2015@hotmail.com:0JEDa2020
cp1ba-70@ramec.in:A11ur00g
1234550@senati.pe:Virtual20
477104441@assiut2.moe.edu.eg:filintaff77&&
egonzalez1400@my.mru.edu:pereirAesromy2007
lhrsetm1997723@pgc.edu.pk:ko.P1997723
mandresurregom@gmail.com:monicamartinez
rmohamed0004.ea@futuresnet.net:Timedrone19
aj130450@schools.mk:AJ13579ja
r136909589@taalim.ma:Vkup9962
140215360@students.uajy.ac.id:!@1hitamireng
r141051817@taalim.ma:Saql7161
leonardolcpmc@cbnb.fab.mil.br:tadesacanagem1
452536241@behera4.moe.edu.eg:Std#070307
joserenato.felix@secd.com.br:Securitydynamics2022
0000266541@aiou.edu.pk:Ebsq1649
bassammuradmurad@gmail.com:1505@P@$sw0rd
1400651151@sonla.itrithuc.vn:qWt0#gMF
z264002@matahari.com:Passw123!
azure@fluitecnik.com:4zur3ADC0n3ct
bkcfjgct@gmail.com:Syconationklaas500!
f146053958@taalim.ma:Rqdo10583
wgieroba@edu.lublin.eu:Bananowy12
lfernandez@netsol.com.do:LFNoc2020!!
079462@luiss.it:Luiss2016
ms00588902@techmahindra.com:Zenfone@9
bigsolrac1998@gmail.com:optimusgh1998
obaida@step-iraq.org:GGG825230@@
kamil@sp8mikolow.edupage.org:Jestem222!
1726924e@umich.mx:RubiNieto12
n10091_2016@lyceum.lk:Charshani582
3552905@vingroup.net:Abc@12345
043-18@sxcsccu.edu.in:Nac81469
riccardo.pellegrino@scmmi.it:Pareidolia42
sebastien.legrand@elsan.care:Baba$$e1974
kgnino@distraves.com:Angelito2021.
095470:Fotboll0206
creshna.suddoo@sgsco.com:Veediksha2902
romina.gonzalez@naranjax.com:Teclado9090$
20-1-43-004428@sol-du.ac.in:sol#200100007831
alvaro@doncactus.com:PacoNeme1902
a1613335@idat.edu.pe:73814877C
ezequiel.hidalgo@cvsa.com.ar:SAVc202#
m130054682@taalim.ma:Tyjq2117
aegocong@mymail.mapua.edu.ph:YAWAPiStE123
24214834@mnscorp.net:Rangers123
deepaks4@amdocs.com:kxnuVKmkc8!
1144465@senati.pe:Virtual18
g136129643@taalim.ma:Tnob1561
samueleliwo@dvmhtbaalst.be:Vilvoorde9300.
schoudhury94@free.stulive.com:Dontloveme97
ccarmelino@westpalmcharter.org:Chca#8464810
bra0088@bse.vic.edu.au:hcc7N-36v
molebohengrv@gmail.com:19870609
ndm21cyp@bangor.ac.uk:Password=incorr3ct
yod@isl.edu.la:Ras13444
abdullahzameel.3309@slisr.org:@bdull@hz@m33l
test25@t.odmail.cn:641104.com
mariade.monter@msev.gob.mx:Lunaizabey71
selmali@itomis.com:Dil@ra2055
carterd18@hwbcymru.net:P4ssw0rd
jiggafide@knights.ucf.edu:Themetal1!
408272712@qaliobia2.moe.edu.eg:Std#020902
r120098165:Rfyr7982
jose.assur@certisign.com.br:#CS1802@
nmoussa9660@hwdsb.on.ca:Alan2019
dailybotg3@gmail.com:Keyblade91
adam.kulig.453@projektsnk.pl:Snk453AK
20130431@miucateci.edu.do:keifryytu1
posliguamarco@sanisidro.edu.ec:Iriel7721.
gyanendra.shahi@aidshealth.org:Gracia123
hungtran@ubc.ca:Banhbao241195!!
20227@karamu.nz:p8Jul2006
yadira.borrero@udea.edu.co:Low15776
1301190@eng.asu.edu.eg:Unable2hack2
eryk.jasik@zsdebnica.pl:Ej271013
suraj.ouwanssi@3is.fr:Fallout*31
virginiarosaboni@gmail.com:Virginia190370.
gbenedetti@chapmantaylor.com:ctp15!IB
std125316@ac.eap.gr:Rago5586
vpoadmin@altacmgc.com:Simplex123$
2152569@washoeschools.org:AE*01212005
ar182494@alumno.udb.edu.sv:Quan8501
youngtico@outlook.com:Ian97436135
m.azergui@one.ma:rezafdsqvcxw789*+
a1621918@idat.edu.pe:73182635C
maribibarzola2002@hotmail.com:patricio2002
jagutierrezv@est.emi.edu.bo:titoG7170
gouravlovanshi:Gourav2198*
whi0007@officersc.vic.edu.au:Coco9090
d16089@idat.edu.pe:1angelita
br768@ms365.id:Puji6h0z1v
akrawczyk9@e-zsps.kielce.eu:Andzia2001
vishwa.19@ichat.sp.edu.sg:neymarjr11
e_2018200498k@uncp.edu.pe:Pandecalabaza23
alexandru.pal@stud.ubbcluj.ro:alexpalsan1
douglas.ps06@aluno.ifsc.edu.br:Ddpds2001
jukgree_pinta@cmu.ac.th:Ju060443
trw26213@email.vccs.edu:Narllama15
ctr029@bcps.org:Ocacsab1
asma.griri@taalim.ma:asm@=1975
411256151127@sv.ufl.udn.vn:thao.1111
eleazar.longcop@apnts.edu.ph:051007K**
hoju.lee@gatewaycollege.lk:H3zig_Pl@yz
aslam@amahomed.onmicrosoft.com:Yahya0811
s0181535@fm-edu.org:Vuf81687
rajeshmenon77@gmail.com:Devi@2022
amysza@thevenaagency.com:Masa2614!
amanzueta@grupogiprd.com:Liam2233.
1551010113@daihocyhanoi.edu.vn:28Phuong06
info@nub.edu.eg:RORO@NUB17
johnnyt@accessbankplc.com:088712635
051-amfv.18@amfv.pt:B#hzphkmc5493
davy.macadaya@r9.deped.gov.ph:#@030506_Dove
luisgamerepk0607@gmail.com:Axael0607_
rrhh@desguacesmora.com:Des.2018
mohammed_ali@art.sohag.edu.eg:Huh33806
nemohun@umail.utm.ac.mu:Edenhazard11
basem.mahmoud@wataneya.org:142022@Bassem
dajimenez99@comil.edu.ec:C@mbialaclave
norma.alvaradof@issste.gob.mx:Naf140322
calvinwg@get365.pw:Cw400488
cso059@365mopf.gov.mm:vit@l2o22
grzlak.628@edu.erzeszow.pl:Gondi1669
57700606107@365.udru.ac.th:Sirithon@57
rkomandam@mcm.edu.ph:Baklangsagadsapangit1
itn259380@qualifizierung.at:Michael212??
cfaustino@inpi.gob.mx:Katarro.1#
jrz04@mail.aub.edu:Rogerfadia20
17jbilling@penrice.org.uk:RoddyParker99
szajkog@holywell.herts.sch.uk:Oroszlan1
mspacek@zak.zs-spicak.cz:39Spicak235
19as0594_ms@psu.edu.ph:19AS0594
sguler21@ku.edu.tr:Mustafakose1
ed20af2@leeds.ac.uk:Light@210382
rahul.thakuri@centria.fi:Rocknroll123!
elanthendrale@hcl.com:ammoii@133
ns956472@schools.mk:Nikola23042006
bokning@taxitjanst.se:Ts120200
ngochien@tmark.vn:Hien012589415
1448846:Welcome%6080
frederic.leveille@polymtl.ca:8f2leveF
sulgan.dominik@spsepn.edu.sk:Scooty402
st031961@m03.kyoto-kcg.ac.jp:n6vP2e2Z
barteljs@mail.uc.edu:bartel100
s4338127@rb.moe.gov.sa:ZaZa147147
sittisak.inja@mail.kmutt.ac.th:b8wlr9c8.
adferrini@lomanegra.com:Argentina2021
152390@ettyhillesumlyceum.nl:12-06-2006
1510009@ums.uom.ac.mu:Qas93844
ahmed.peco@ol.af.unsa.ba:E5-773G-559Z
u19098210@up.ac.za:Eireac4538*
comercial@wps.digital:36566569joY@
gershon@aegisext.com:Migyll1431!
423726983@hebron.edu.ps:Moe@42372
sale21:Kat9908799
ad20202987@wipro.com:@Dc2016bte06
n130384578@taalim.ma:Smuley2003
keith@locallooponline.com:Tookie#1
servicedesk@skycable.com:Serv1cedesk1t
llorenzor@elisava.net:kV7qoA3B
e201210277@upc.edu.pe:Micaela$01
442203783:zxAS154@&1
ymeng@surgery.cuhk.edu.hk:Qot43627
m.ahmed@royalgardens.ae:Mimu_6338
451096253@sharkia2.moe.edu.eg:Std#041225
224220262@marista.g12.br:69072280334Br
22013960@sch.moe.edu.eg:knmpolvh
himalipatel:Dilan@2010
malsingh@arbormemorial.com:Arbor8372
m137297157@taalim.ma:layn3ltbonmk
aula2a03@cursos.formaltec.com:Galicia-A2A03
192120003@manit.ac.in:Myselfakshay@05111996
michelmaxy89@gmail.com:Mazzarope1@
712358@pdsb.net:Lovemelike22
a19a46782@educacion.edu.do:5H7aj9i
ankitas.mr19n@ricssbe.edu.in:Hansolo9@
mlcundumi@itc.edu.co:13108039char
samsalik:S@m19xp85568966
455842877@alex2.moe.edu.eg:yousef55555
m.imour@dams.edu.jo:Xuv74789
kadlic@stud.uniza.sk:X02056-D11
vitor.brabo90@uni9.edu.br:dNmiLPFf
jenniffer.guerrap@ug.edu.ec:Nikole0603.
keith.collins@allstream.com:WithoutFire!1
09mgoua051208@inea.gob.mx:GOUA@051208
483038:*mobc*2023
tranducthanh1810@m.yoffice.net:H0angL0ng@#$
wposso@misena.edu.co:Alemania20202
juanmuto@unisabana.edu.co:1020782249Rocco
462728552@sharkia5.moe.edu.eg:Abcde_1234
valpi20@hotmail.com:Manu1708
s2005870@asrg.moe.gov.sa:Aa@147963
elisa.cipriani2@stud.unifi.it:Martina3
elsa.junca.b@uniminuto.edu.co:Uni102369*
windiwiy:heysisterslolxdhey112
hjal0821@hellebjerg.dk:wmg67tvj
fpena@uade.edu.ar:davinci7748
tarek.aslan@beetleware.net:Tiko2604
20karaop@fulford.york.sch.uk:Poyrazkaraoglu123
letycia.oliveira@tecnomyl.com:Tecnomyl2020
mostafa@leed-egy.com:Saeed1977@
nicolas-ortiz4@upc.edu.co:1032676528nN#
jn668841@schools.mk:jn668841@schools.mk
khnsky11:gksmfdlWkd1!
st119574@ait.asia:Arfarn10
64234112@cmru.ac.th:64234112
aguo3@masonlive.gmu.edu:Deathlightknight7849
amrand90838@mnpsk12.org:Ad120207
l147043283@taalim.ma:hamza1234A
julio.silvam@sonda.com:Jc4737470++
claudio.espinoza@espoch.edu.ec:@Naly1234
202101103074@mgmtech.org:Pass123456
a221210047@unison.mx:Nacori2018
delegado.madrid@proliga.futbol:Pozuelo52
s138134039@taalim.ma:Mlll6779
alvarosanchez2005@gmail.com:Alvarock1976
divanov@gvcgroup.com:Martin20192
r.elharaoui@emaa.ma:190996IMANE.
7303057516156410:6px8kcjfzhwtdd
l.topchyi@alpha-serve.com:@1Elizar
recep_denker:rd3837801
m415175@365vippc.com:Rax530162
hacjp@lwv.me:To90ScA69nA35!
n08799_2014@lyceum.lk:#DJdrummer
aliciabarad@gmail.com:Crccnc123
r0882751@student.thomasmore.be:Pitteloeke123!
ag-2451@praxis.nl:Pijpsnijder[1847
e.elarabi0711@education.qa:ghazy8888
k131125508@taalim.ma:Nawfal2003
202004004182@alunos.estacio.br:S@pphir3
ion.andries@iisgalilei.eu:090201Iv$@
jyoung@ebnet.org:HappyHour122
my1655@vip365.link:1PcGXH>V$&NG8
a.huguez@condumex.com.mx:Carso021086
10@soo365.onmicrosoft.com:U_el123456
suthiwat.y@iphouses.com:22109230x]k
enzo.1595486@discente.uemg.br:Zed272116
ayethazinphyoe@ucsm.edu.mm:Atzp-251190
hjimenez@des.com.do:Hira987654
oaleph3503@innovaccion.mx:$3cur1ty.5522
ahlousabale@astigp.com:#S4W9ZdB
danygrunt@outlook.com:3JVvPL4q%y+4HL?
473370498@alex2.moe.edu.eg:Std#060812
201722866@tese.edu.mx:Had862044
dotienthanh2752003:thanhphat2
120200409076@mutah.edu.jo:Bvppg@9022
austin.kelley@polycor.com:Limestone+2018
redas.dobilas@pilenumokykla.lt:Tor43564
l134176341@taalim.ma:Yasser147
sistenx:pass@word1
5009216u@spbys.onmicrosoft.com:Franek123
albert.rosines@bonarea.com:Arosines11
key9127@usedu.site:Cbr400rr
agustinaaf28@alumno.pumahue.cl:Lqu71206
devanshverma@ih-corp.com:MaiNahiBtaunga1
natalia.veloz@educacion.gob.ec:NA2051ve2051**
gangagautam@pu.edu.np:24199@dad
roka0090@edu.eal.dk:karambole
12385@aulactb.edu.vn:Nguyenkhanh372009
en17367622@my.sliit.lk:P002RL61
3302979964@hungyen.itrithuc.vn:Bao160909
01001234273:Hellin@cell1234
laura-pereira@upc.edu.co:0526Morado<3.
m.adel28091@hotmail.com:Mohammed@289
a405447@dekra.com:Dekra2015
kzeynepmiray5@gmail.com:mikroskop
s130844@ap.be:p*1f$S9w?Jk5%hC2
tvhill@my.harrisburgu.edu:TH171283!
jvasco4167@soybuho.com:Andres.2004
f137154268@taalim.ma:cuK3g59oO1
202204515512@alunos.estacio.br:Pk210298@
s10165749@connect.np.edu.sg:14Q97g98
v_vitoulova@utb.cz:2832001.veverka
marta@meg.studio:Meg.studio22
426531554@hebron.edu.ps:Moe@42653
omar_bouzerda:omaromar123
kiisu1996@gmail.com:Darinesha@1996
tj.roger.condori.s@upds.net.bo:ROGERjeje666
t20a2370@educacion.edu.do:1ip9yi#R
l130143897@taalim.ma:SMGm#1999
940207@senacminas.edu.br:14132573648
u202216288@upc.edu.pe:Amor051220=
sandra_almeida@aedu.com:!SS257768
ahmedrahal333@kgr.dmu.edu.eg:A@ramy333.
spencermeyer22@usd383.org:Man-66775
b052010175@student.utem.edu.my:Syah_14899
200910204@my.xu.edu.ph:Trailblazer8
1603444@st.brevardschools.org:Student03
vmerdek@obraspublicas.gob.ar:M0p.1419
bmurray@epsglobal.com:Majo8168
ahmad@opera.com:ehtisham123
19187119@student.hcmus.edu.vn:Leminhan562001
ali.aydin@nusr-et.com.tr:Nusret1903
01172011024@student.qau.edu.pk:asd@375
elham14232@feng.bu.edu.eg:Elh26796@
a.bouriaba@gsabboud.com:Papaouter123
464772438@fayoum2.moe.edu.eg:102030aA@#
test@copiah.ms:CCSD123$
danilo.souza197@etec.sp.gov.br:martelo123
20202574040:Wcbp1791
sanchezbjav@madrid.es:Hinojosa2000
soaad.edu_6953@edu.kfs.edu.eg:HS$@218776
obad543@student.aast.edu:Abdo0503213736@
msanchez:maurimateo17.
hfebres@mincetur.gob.pe:Hhffebrero2020
95635@unifev.edu.br:Unifev123
lrsantos@mcm.edu.ph:dUN#_9941
dhtkdals@sw-ms.gne.go.kr:Me102713**
y.m.mahmoud2@student.aast.edu:YassiN123#
eng.andrej@gmail.com:avg2020
phuongbinh.tccb@ump.edu.vn:Dhyd456123
boonlert.y@bhatarapro.com:Evangelion01
m_7711176@gnamuna.edu.np:Ujjwal123
iv81270096@edu.mon.bg:Ivo0643061313
sirapob.sir@mail.kmutt.ac.th:@Sirapob07
soufyan.chejai@ofppt-edu.ma:ista.2020
458552966@giza2.moe.edu.eg:Std#070510
1143864726@fadp.edu.co:Sinergy1230
sun@gadgetbay.com:tomtefar2!!
khulan.o@caffebene.mn:Teams0118#
c0842058@mylambton.ca:Waheguru01_
dimaris.villalaz@meduca.edu.pa:Shalow202012
angelferrer@grupolamaquina.es:Epdhntr371050
oliveira:La792550lo
phamhhoanghung@dtu.edu.vn:Hungdz213
nkechi.uwaechi@unb.ca:Me20_myself02_i04
chuong.nguyen.kd@mobifone.vn:9Condau1@
r132878789@taalim.ma:Taha2000
35598972@smadatuban.sch.id:Perdini3
es-goldenman7600@alexu.edu.eg:Khatkhat56
bruno.perlaky@t.odmail.cn:Blasty157
lqgw@islandenergyservices.com:TIOnelli
horlandosousa@hotmail.com:ferias2016
kzapatamont@uniminuto.edu.co:Kevinzapata1
210015@softwarica.edu.np:S-@]e5<5
krisnabuurs@hotmail.com:NyaSjors2009*
aerospace@viyagmbh.com:Koblenzaero2022+
swaraj.dutta@delagua.org:R3giste#
6329011186@ms.cdti.ac.th:1100703717275.
s3907152@rb.moe.gov.sa:AH131442n
nicolas.arango@urosario.edu.co:123Abcnico
danielle.joyp11@gmail.com:Danie09959814739.
astahl26@scarsdaleschools.org:AsAsAs123
f1810104@for.lanlink.com.br:lanlink@2020
9101602290ksa@aou.edu.sa:Aqaz135255wsx
v.ghulamhussain1@ptcl.net.pk:pAss@1218
zxin@uwaterloo.ca:Xin19890419
jmq9575@hotmail.com:957560867
willgriffiths08@gmail.com:Near2853
ax4b-pfurtado@sesc.com.br:Pri@ax4b
steve.mallory@nrfs.org:11qqq22www33eee
spvg4782@estudiantes.edu.ec:Cyclomiidolo1
o.bruining@demonoliet.nl:4Lf9rASN
s305121702153@alnajat.edu.kw:2090277sh-1712
mattia.corotai@iismucci.it:C1ppal1ppa07
nuno.telecom@gmail.com:Nuno1977@
mark.brookes@damco.com:Damco654
yfbetancourt1@misena.edu.co:L3xm4rk190!
oumaima.elgarraoui@ced.uca.ma:lavieestbelle1996A
m.saleem2@ptcl.net.pk:Ptcl#7535
1140110068@erciyes.edu.tr:MTe+19CNd
abdul:Std#123456
2713307@collegelacite.ca:Nsuala701
orlandopm84@hotmail.com:Peralta.84
hello@mitosistech.com:Mito@321
pcarbonell@aiva.com:Bolso.2671
s4517157@jzg.moe.gov.sa:Mm0551365433
202004230182@alunos.estacio.br:dpogpkgkcon01*
1442620@senati.pe:perroflaco123
nicwong2007@gmail.com:888988vK1234
455235636@assiut3.moe.edu.eg:Std#070909
tiberiansun21@hotmail.com:P@ssw0rdfhgnxnqd251099
aya.sehaoui1@usms.ac.ma:M130048651@2020
3019789@tps10.org:11trumpet
kadiribharath2006@hotmail.com:PADMA2006
d000612:Perdana@983
100532@estudante.uab.pt:CQQYAFJF
15079@dcpsmd.org:Fall2020
mis@thesachdevgroup.com:Powerbi0010
pujandey@gmail.com:01816157652@PujanDey
miguel.nino@applusglobal.com:Norcontrol2023
jackson@innowsbpo.com:Mazel123@
e4772@tuvch.mx:Pug84144
223121099@marista.g12.br:50397834187Br
320200316@sha.edu.eg:30111291301321
219078695@student.uj.ac.za:Quinton1@000
leotaylo@stwilfrids.com:branch81
marketing@unmundo.com.ar:GWfh76*Lj1
v-13343815@micorreo.uny.edu.ve:Tocuyo13*
ecd.mhgroup@hotmail.com:H7@bib1991992
berly.sueros@neoagrum.com.pe:Vale031619
taib.bakkali@taalim.ma:KAM/91/SAH
j100069793@taalim.ma:Dniq6996
trilokkumar.00253@lavenir.cc:Errors@305
s1477641@student.mp.edu.au:jolla123.
s562409120027@ms.rmutsv.ac.th:0895892707
admin@53021790.onmicrosoft.com:YsbNZ@HL#5!"6xxbA!.6
saidselim:K8gDwbWb8CHipP.
almacen@cordonbleu.edu.pe:pastelitokawai10C
lbubaa@notore.com:Nwimama334455
mahmoudelshahawy:Std#041101
19679@student.riphah.edu.pk:asd@16602
niloy.sarbajna@accenture.com:n7i7l7o7y@
bahammou.imad@ofppt-edu.ma:id102@//
s6310452@mkhg.moe.gov.sa:13P@s86sW0r1586
nc20217g658@tmt.edu.vn:Abcd1202
lider.tpf@atlasgr.com.br:Si250801
222m24009@alumno.ujat.mx:624350071
l20441164@mochis.tecnm.mx:Fol28455
servicedesk@cspecem.com:m0IE$A%a2L@!
dcorreazapa@uniminuto.edu.co:DEC1088010393
elondres@cancilleria.gov.co:2019Cancilleria
knps88@gmail.com:3v3n3m3nt
srp664745@tatamotors.com:*Jayashree109$
wwarias@ze9zg.edu.pl:Stanislav15#
408467783@minia2.moe.edu.eg:Std#030401
mz3255@office365.fun:Mi2Apellid0
2705@bisuae.ae:Bis3@105
saramohammadi2508@gmail.com:123456789
zvmarykay:zv27101998
mohamedkamal306@outlook.sa:X_V!RuH7yi@@nvz
santosfernandeslucas@gmail.com:@Pintsizeleech59
phuoctran020604@gmail.com:Ttp@009900
cadenaoscar@javeriana.edu.co:notepasesJave
1138564@minia3.moe.edu.eg:Emp#800313
457697239@aswan1.moe.edu.eg:Std#070701
daniel.almeida@stone.com.br:030528dbe#
s6701968@jzb.moe.gov.sa:HHYYjj56
mmajid@setesaudia.com.sa:Mm123456
b12ayrx6i@xkx.me:Vkp@12345678
rssle@iscte-iul.pt:Dinossauro.123
japaridze@sdsu.edu:Dcfta2021
bushra04:ASD!@123bs
ra15359775@ead.cesumar.br:sA+e4uSv
maria.parreira@aegp.edu.pt:Cacoskikos10?
mdomingos@bna.ao:BNA2020#
muslim@almohanna.com.sa:Tac54951
a19204271@idat.edu.pe:a19204271@idat.edu.pe
a29692130@tp.edu.tw:Felix60319
69639@sistemas.frc.utn.edu.ar:152845985Teamo
keoctaviano@usa.edu.ph:Naive202
v19013l0250@sabes.edu.mx:7071286**
congthe@qhplus.com:The0909169430
emre.k1642@gmail.com:emre1642
u19300896@utp.edu.pe:Mafia1234%
gisha.sosthomol@nmc.ae:Alby@12345
e138234476@taalim.ma:Yassine/97Sed
hamzaahmedqip@gmail.com:hamza2007hh
22647431:phuc211204
n00172696@upn.pe:OHC2018peru05
nour-snded:nuzsyD-kekcot-juqzo6
2.5d@c-design.in:%hjks3.m8*BJs9sa^QWbv.m
mahmoud.said@bhit.bu.edu.eg:Mm35462729
jain.daksh1503@gmail.com:Nirmaljaya@1243
u23203603@utp.edu.pe:Vilca1208
nguyenchi122012@gmail.com:nguyenchi12
giset_marie@hotmail.com:7872063085Gfl!
ahmoute.ibtissame@ofppt-edu.ma:HH120042ajdiya
es-mohab.said1318@alexu.edu.eg:Sh3ban96123
00003463072@aakashicampus.com:An@250105
202008223271@alunos.estacio.br:Uiolokiju1
ml0328045@pasadenaisd.org:Saripablo2104
460687449@qaliobia3.moe.edu.eg:Habiba#200
1163106020444@mail.rmutt.ac.th:Tawan2206
abdelmounaimelmrabet@gmail.com:19970312YAHYA
tej@jbsexpedite.com:Dixl6oQ@
jcjim@udec.edu.mx:Maya1965
martigas@ecomsur.com:Persinao1
th4481@o365sg.xyz:JvcP@$$111
446327122@cairo3.moe.edu.eg:Std#061114
kzl@accessspectrum.net:Zin@yi19870
16175506@mylife.unisa.ac.za:pnn53IQQ
5921000432@student.myscps.us:LMHS1234!
amb.doha@mvp.gov.ba:1308katar
vinhntnlop5d@gmail.com:Yt999888
635061200138@rmutk.ac.th:1100401068100
phinormanton@ikea.cl:Machoclo01
d143097913@taalim.ma:Anakhouya33
raphael.eduardo@p4ed.com:Qc4da98j75
kggarcia@bausate.edu.pe:gu4d4lup3
sidnei1w@estudante.unisa.br:147ANS258gnt36
202201279087@alunos.estacio.br:141725Br
cheryl.r.collins@lausd.net:$tephanA0118$tepA
2930651:imorfb981
m.groizard@alumnosluisvives.es:Hola1234
archie_milton@schoolemail.net:Archie0306
alvonso@students.undip.ac.id:Aakmmtokyo24#
akirapereiros@hotmail.nl:Hazenoot20021
16711075@dogus.edu.tr:99863503766
ssilesr1@est.emi.edu.bo:Sergio@123
s222794@ds.unts.it:6WDSAWNQ
830806989:33338101
it19972794@my.sliit.lk:-2243988
accueil@lagardere-tr.com:L@g@rdere2020!
kavian@my.ncu.edu.jm:Ncu12345
denis.soriano@unitec.edu:Renovandome1986
12115233654@senacminas.edu.br:12345678
2754336@monofeya1.moe.edu.eg:1#Hendadham
sjtv0572@estudiantes.edu.ec:SJ2020tv
sejal.zilpe@outlook.com:Eureka@@212121
orcem.ele@orientcement.com:Akhila@13775
barbiatwork@gmail.com:Chase0625
diemquyen@hcm.edu.vn:Hoacuctrang_1967
dr.arehman@cust.edu.pk:Abdul08cosmos7
haresh.2504134@talmeez.pk:asd@67681
9228120647@cantho.itrithuc.vn:Abcd1234
michael.ogemaauku@mtn.com:Otwal@Peter@1989
andrea_giani@ces2021.tech:Ant201199rea
us544@alphagraphics.com:Mobley#89
amjad@crevaty.onmicrosoft.com:Azra1311
vitoria.brito2@p4ed.com:1984Orwell
462107573@assiut1.moe.edu.eg:Mm#1234567
20190726017@dogus.edu.tr:19865012226
fc125693@farelcollege.nl:cth5f92n
lartey.nathan@gitc.gov.gh:@77Matthew77@
dezider.petik@simipgroup.com:SG51dp22++
imran.afqar@highnoon.com.pk:Ashaz8489
svivas@reedtms.com:Applepass991028
bec192976@tjohngroup.com:Ajayshreya@47
mazen_abuzir@bpc.ps:MZF=6sigma
msharaf@azhar.edu.eg:Alamir@76
pornsuriyap@bgppower.com:Pq1_rnsuriya
gtripels@control-care.com:s1nGl3ton
dp01135419@uls.edu.sv:Kevoz7890
luisfernando21:Valenciaf2121*
itstl_crad@live.com.mx:Cochiloco09
demetri5201@knights.ucf.edu:Akinfenwa5.
niko.zorko@udruga-mis.hr:Ral31225
th2449@o365new.xyz:06Ceyhan1975-
458176243@monofeya3.moe.edu.eg:Std#070608
k165520207041@tnut.edu.vn:1234@aBCD
190067419@csusaflstudent.org:B727813@
aaa287@dubaicarmelschool.com:Dubaicarmel2021
onedrive:@llan.Lob00
alcimar.gomes@supley.com.br:Quz21750
archit.jain.apd21@iitbhu.ac.in:Sonu@1234
agiet_tanyingu@fsafood.net:tanyiag
p0028136@ness-tech.co.il:Mk12345!
s7004609@asrg.moe.gov.sa:Asdf1414
roseliferreira@aedu.com:26112000
maher@cba.edu.kw:abc2000
abdghafur@e3.free365.org:C0r0n41920
imran.khilji@sns.edu.pk:Atyab2012!
e2resuello@ioffice.live:@E2011eu5er
68235@aepap.edu.pt:U?Gysn7_tZSk8!s
g138615046@taalim.ma:Ytyp4056
aime@firering-holdings.com:Fir2020!
edicahya.81@igi.or.id:3736699
444709902@monofeya1.moe.edu.eg:Std#031207
kurlej_igor@zsrecz.pl:oliwa5121
173020006@kluniversity.in:Nani@1990
dany@dany.ro:Muieculamaie123
s20181331@home.npl.edu.hk:Quf404012
a2014429@nms.unl.pt:oXgfV35
7d14@sp1.siemce.pl:mihal2112
seksit.k@thaibev.com:trpnvwpxvsfkzgld
alaa141064@f-law.tanta.edu.eg:Mac15903
saurav.kumar@hanu.com:200195@Sa
180272@ucis.ac.th:Unity1234
n7951@365e.live:Pon62888
juciaratg@hotmail.com:dy5FWA4tB*t./uT
i-christian.claro@hacktiv.io:cerberus.cerby15
tflotesc@est.emi.edu.bo:con_mas_lirica69
andres.morales@arvato.com:Tpcomcast98+
409132165@redsea1.moe.edu.eg:j5b5kvAzzEHv
figueiras_jos:Laura7610
s.caururo@maccaferri.com:ILOVEMINING20n**
dan@maldensolutions.com:Teagan01
a.alnabhani@dubaipolice.gov.ae:gzYs795gzYs795
kgarbacz1@zstmielec.pl:WillyHenderson11
dalvaa01@educantabria.es:Damian2122
2009000177@ilbc.edu.mm:Maz52709
2021170@student.iva.nl:Jokavegu123
rockygmod1@gmail.com:16a14+k1j@123
t354730@ng.moe.gov.sa:AMam1234
marie.delannoy@abehal.fr:Azerty634
a133019895@taalim.ma:Yassine@2004
2130032@uqroo.mx:240418jc
12610450@taalim.ma:Usofamerica123
prachits@scg.com:IloveDow8989
14712020101667@stud.cu.edu.eg:1524191801710AZz
chrisronan.tan@cit.edu:09223142491#Nanan
zeshan@uet.edu.pk:dcrat2050
anas_chaayra@um5.ac.ma:MTD927G5
jgruszcynski@enmark.com:Enmark2015
erojo@fmi.com:Abc257??
a1715179@idat.edu.pe:universitario
a.kari@wms-hn.org:!Start2020#!
gilcut@thechildrensfocus.com:Ilove14101998
tat.sarkar@simplisafe.com:Waterloo@567
01678236985@edu.udesc.br:#Mestrado2017
da.quezada@acad.ucb.edu.bo:Zop25245
478055774@behera3.moe.edu.eg:Std#880713
s25285@jdihs.edu.pk:m8T2aZj4
wposso@soyucn.edu.co:Staderstr2020
batuhan.aydin@ozu.edu.tr:Ba111471
akaur92@nait.ca:Preet-@0044
anna.15846@klayschools.com:Anna4dass
e133068062@taalim.ma:Hymz8522
amira.453130@t2.moe.edu.eg:salama123EBAID+-*/
202102358@stu.uob.edu.bh:020504802
bret.garner@campus.mccd.edu:Koenigsegg@2022
daniel.manjarrez@esap.edu.co:*840432edwar*
jonathan@pede-brasil.org:Tissot1853
wellington.santos@ijc.org.br:Niko2020
ashish@odwen.co.in:Rock@teen@123
nestor.vazquez@grupoemme.mx:Jeho2010
s2470043@mkhg.moe.gov.sa:M12M12m12
d.sikorski@tech3.elodz.edu.pl:Pigusiek44
9961018018:unnikunjatta
cireyes@itparral.edu.mx:04Luna99
879100@cognizant.com:Sensation!2023!
20122179@eastorange.k12.nj.us.:avander15
jparrales@mymail.lccc.edu:omgizhydra@219
1582-2020@lms.indus.edu.pk:asd@8339
eduardofranconunes@gmail.com:368586Eduardo
bmedlin@thefittscompany.com:Welcome2TFC
anurag.2018@vitstudent.ac.in:Abhi123@
azzouta.achraf@ofppt-edu.ma:Oldboy2002
farsan0007@yahoo.com:asd@02707
joshuag@sulekha.net:J@8366ua
laszlo.simon@umszki.hu:Xefa2914
yashphapunkar@gmail.com:y2556103
t188871@rg.moe.gov.sa:Reem139300
mcnaughtonkate4@gmail.com:KateMcNaughton
2301476@newvalley1.moe.edu.eg:Std#060212
arturo.gonzalez@utp.ac.pa:7317282Sa
s8127378@rb.moe.gov.sa:01324aFAT
mnhoami.nk@cantho.edu.vn:Tuyen29324882
dqltk.733@dongnai.itrithuc.vn:Abca&654321
18127056@hcmus.edu.vn:133TuLinh
aguibbs@domainebousquet.com:Acunia20148
gblanton0010@kctcs.edu:College2020
eva.aragong@alumno.buap.mx:Grisel99021
043541071@ecampus.ut.ac.id:Sobaddebo05
s3243943@mkhb.moe.gov.sa:almalki2020M
450747566@giza2.moe.edu.eg:Std#041127
k.islam@ucepbd.org:Moinul12
phfah@koutfood.com:Sayed#11487
odejo005.317@kshsonline.me.uk:Basket324!
banot.matej@gmct.cz:matyspotify123
lsu@itgsolutions.com.pe:Nica2019*
20ur1979_ms@psu.edu.ph:MarK0807
sanderscf@clay.flvs.net:Ch@r1z@rd608
addison.l@lykinsenergy.com:JayAddi2020
muhkusen@students.undip.ac.id:@Daun1997
azapatag09@cen.edu.mx:AlejandroZG2020
fkiss2@hanonsystems.com:Pikanto06
ahmedserwah_emp@suez.edu.eg:fRefef46464#%&^
ptdung.rhm17@ump.edu.vn:Phamtrungdung1
mrthanakornkhomkham@gmail.com:9955082LoVe
16202010787@alexu.edu.eg:Yyyyyy942002
lunaleaper@gmail.com:Sgb2422!
usinagem@carelliecia.com.br:Engcarelli2018
s2385096@mkhb.moe.gov.sa:Qw_0555560429
joseseverodasilv:12Severo*
import_export@fremaux.fr:Jaco6526
0356506186:manhha188
tursunkhuja:Nti928333783
hallan.lopes01@etec.sp.gov.br:06182403Ha
connectpass:q+6T2y9s
g131027316@taalim.ma:Xepp1295
kb1068050@cpsb.org:Kb!?8050
dan.cannata@stud.uniroma3.it:Ballabella23#
hanh.tran@desertndt.com:Danv@123
tharun@t.odmail.cn:Lucky@9908967993
rohitlalwani2812@outlook.com:J@ychand1
cfernandez@inmotion.cl:Inmotion1985
dysenbekov_e0213@sm.nis.edu.kz:Place-12348
usman.ali@attiehmedico.com:Anilajaani@12345
46244@365info.site:Lonewolf1
erikas.adomasukas@gmail.com:Ruonis2020
lanette.barnett@creoks.org:Daltons2!
aa@dynco.se:Dynamic2Dynamic2020!020!
ktorres2117@mor.conalep.edu.mx:keila072102
dba0028b@dee.edu.mx:Guillermo28b
ariel.rivera@umv.gov.co:Arumv2021
gerenciaaaa@grupodiniz.com.mx:Recorcholis2415
walbedg@outlook.com:Melvin290
carlos.ricord@utp.ac.pa:Barcelona12cm*
pedro.copertari@bvstv.com:Agos2112
463713991@qaliobia1.moe.edu.eg:Emp#010520
nzhukov-18@edu.ranepa.ru:iNAr2437
rakesh.malviya@resinova.com:51284@Astral
t445113@mkhb.moe.gov.sa:MOMOsam1430
fulkokouassi@outlook.fr:+W@!jcZYs3+qDk7
cjosl3@eq.edu.au:YOGABBA#82
3544087@vingroup.net:abc@123
pavlim00@gymck.cz:Moreg@dzo1
b180910814@must.edu.mn:PIZDA456asd
tong0653960850@gmail.com:tong0653960850tong
rokasjurkunas@emokykla.lt:Baravykas@#
maulana_msteams@edtech.sch.id:081682iak!
erika.uchuypoma@ucsm.edu.pe:wangxianstonexd2031.
463514202@assiut2.moe.edu.eg:Std#071210
almacen@versaplas.com:Vplnecalma07/
01322@cetiqt.senai.br:Elis2015*
ggarrio@bci.cl:Banco008
karen_farfan@usmp.pe:Lola9870$*3
450369636@sharkia2.moe.edu.eg:Std#041112
048-20964@futureworld.edu.pk:Koq69336
zmhtet@gne.com.sg:Xenlay@052o!*
ericky_@hotmail.com:kns-123
royanmohamad@officeku.net:Raziqrais19491989
guerzyfyomar@f.odpan.cn:omar1+1omar
emir.ereli@teams.musin.de:Antalya07!
palmeraie.gm@barcelo.com:Iakafa2408++
tanvir054@student.sust.edu:p@S$WordDds1
5894@dpsid.onmicrosoft.com:Phfhccbxccv2177
azakaria@dallahtelecom.com:Az2561985
ahmed.belyazid@gstangerine.com:diFgan-xozket-kyrky5
omar.ramos4@meduca.edu.pa:Dujai87043
luiz.araujo@santino.com.br:0703gc@@212326cl@r@
tvivona@performancearch.com:Curtainwall1
20130704@hti.edu.eg:Sasa1318
mmancillam002@alumno.uaemex.mx:o0q349wmL8b
s4901003@mkhb.moe.gov.sa:Sami12345
jrioss:mihermana12
caduran@zonemail.clpccd.edu:C0nt40ff1c3
shahidm@comsats.edu.pk:sajhabHAF@83
restaurante:hNXLMnGHBSbg
abdullhalasafi1977@gmail.com:4263904129391977249
apachea4@gmail.com:Jayjay104703
444822205@giza6.moe.edu.eg:marwana
silva:Rafaellima1
rvreddy.b@gmail.com:Pavani01
2017061019@mmmut.ac.in:Aron@1999
yinet1682002@gmail.com:123lucas
paul.olsen@silvon.com:CogHill1@
r131776135@taalim.ma:Rtjw4824
singh.ratanjot@iitg.ac.in:Itsmeratan!
20121640@unapec.edu.do:Corazon**2303
z201800547@taalim.ma:Fatimazahra_2020@
jyotirmaya.panda@paladion.net:Jyoti9853@#$
asmaa.pgs2022@med.suez.edu.eg:aa0560921214
korenp@gundeliskola.hu:Korenalfatango13
alexbp:P0d0l16362
ycho29@ssis.edu.vn:98756985
744768@pdsb.net:Kiwi1676
0386027@ycps.org:010205Ah
553239@alsanawbarschool.com:Alkuwaiti62007!
edson.truilho@energisa.com.br:061020@vitor
476292425@cairo4.moe.edu.eg:Std#040105
alexst@aquasec.com:Am$$w0rd1995
admin@wiga.onmicrosoft.com:wiga123*
carlos.ribas@dgeg.gov.pt:4work.2021*
263482@live.cvesd.org:Ag01092012
afahim@anesthesiapartners.com:Winter20!
al.hernandezd1@fmsnor.org:Colpio0444
1139097@senati.pe:74705392dione#
444680933@gharbeia4.moe.edu.eg:Std#040807
cristianramos:Id3203465135
jbravo:bravosibaja800
melannie1000@live.saisd.net:717989047
atorres6275@student.egcc.edu:andrew1400
s1105834178@top.ic.edu.sa:Afnanosailan4top
tigerspeed159@t.5tb.in:lenovo@7777laptop
sadat.s@uplifteducation.edu.au:Zuk55430
syaiful.bahri@pacificmedan.com:Puti2018
471883150@sharkia1.moe.edu.eg:Std#040101
ganesh.gade@ltts.com:July!@#$4321gan
lanphuong112114@gmail.com:16122004lp
kareem_162010@art.sohag.edu.eg:1Q159W23ER4h
jalonso@isise.edu.pe:jalonso@isise.edu.pe
pedroasn5:Ph332696
nagy607468@outlook.lv:Ds[+3Y>prU*A
spratlt@mmicnc.com:Spring2018
mouatakif.fath-ellah@taalim.ma:LA76501@1421982
parthibangym2017@gmail.com:123456@Partha
1876473@cslaval.qc.ca:charbelkaram2009
k131237984@taalim.ma:Olgaf3167
hossam.alanwr@arch.asu.edu.eg:10022011@Hh
dunghoangvu14@drivevip.net:HelioMediaTekG90T
pratuan_ki62@live.rmutl.ac.th:Pratoun091240kidnog
703115@pdsb.net:Dexterisgood123
trmatson@hnhsd.org:trevorma2031
1721002892:01666283868
garbutts1@hwbcymru.net:Samgaming1
lalvarado@frsf.utn.edu.ar:lucassk44775535
20162382@aluno.facha.edu.br:Tha.1260
csit76.yogesh@newsummit.edu.np:Tomato123@#$
mihai.bornea@shm.kbs.schule:Pumba.004
beatriz.grosa@senacsp.edu.br:27112010
anhduc1975@5tb.tech:Duc0566179179@
ezayon@djuhsd.org:D20200347
nana.beridze@bsma.edu.ge:bsma-12345678
ceguavil@uncp.edu.pe:46685328Ce
vkandra@ishir.com:Sul45088
natali.molina@msev.gob.mx:Gisi5745
70002287@learning.acbt.lk:!Thisum123
tellmewhy79@gijang.es.kr:4676817
446034358@benisuef2.moe.edu.eg:Std#040901
kylegreaves02@hotmail.com:Badd4unow
ernand@aedu.com:82577400
eng.marwaali@gmail.com:Marwaali21
abinesh.h@lntinfotech.com:Lkjhgfdsa#@312
sergio.gil@tutor.grupocto.com:Cabrito7
ducluong7a3.ngstrh@ngs.edu.vn:Luongdung123
fadwa.elfouzari@flairstech.com:Fwelcome@2024
2906809@qena1.moe.edu.eg:Emp#841101
c1823@hradebni.cz:RMtJ8DzS
21513012@ynu.kr:Dltjdwls3608!
xdrayke@gmail.com:+jnVFkn/KCU246Q
482459391@behera3.moe.edu.eg:Std#050327
20761600@sun.ac.za:Rooihond4321@
cowellalexander@gmail.com:_ILoved15
christos.papageorgiou@acg.edu:44BE5cd1!
andy.briceno@upeu.edu.pe:lok1tos215$
adithibijumon@gmail.com:adithi184
451438864@benisuef1.moe.edu.eg:Std#041213
451201192@qaliobia2.moe.edu.eg:Std#050717
kacbar.591@edu.erzeszow.pl:Kacpro1500!
201911575@stu.jazanu.edu.sa:1095552038
8812276@students.unrwa-edu.org:et5ImW0uO*0h
20654152@students.ltu.edu.au:Meditatio9057
greg.wolszczak@solution-bi.com:DJ5?2fi9GTula
202010257@aau.ac.ae:202010257
50203595@gepp.com:ruelas1968
g16g5153@campus.ru.ac.za:970101Zelda!@#$
nneka.james@fac.edu.tt:Wibertmisoloesposo4
omotesg002@tcdsb.ca:virtual2020
jeff@eomac.com:Sale$Tech2021!
eimyvalverde1006:evalverde1006
e8574@maizuru.kosen-ac.jp:Sentobinsento13
160079@softwarica.edu.np:fpuaacLUBx3uBtg
0000726564@alunosesimg.com.br:Mhso2013#$
julie@superiorservicesrsh.com:roof8222
215938@ccboe.com:sounding03
hamad.waleed@tamdeen-ye.org:Maha712119610
jes.vega@udla.edu.co:alberto.mvz1993
464653705@sharkia3.moe.edu.eg:mona#19751
kowalmat@zspatova.cz:19Pat55
0930902345:laziness
animasabigail5@gmail.com:Darklemon105
killalea75@bigpond.com:concord01
depart_pm@thesystem.co.th:*Advice1234
triniflores.cabrera@gmail.com:gris140255
nhanlt8@vingroup.net:abc@123
tuandt2.200215@msedu.edu.vn:86giapngo#a
hmt@nmdc.ae:34783478@Hy
wraschke-fabian@web.de:Citrix2011!
trinhpn@fpt.com.vn:DILAMVUIVE@2002
aiae830925p8a@seph.gob.mx:Ixxc2886
rammirador@mymail.mapua.edu.ph:Radicle32
salvador.sanchez@woodplc.com:Stssjs22783
peetoob@gmail.com:WwxuYMB3
ik898324@schools.mk:Utu93787
12308vargas@itesba.edu.mx:Carlosvm12
ariadnapepern@gmail.com:manzaniperal
uajkjvccs2018bsm30@ajku.edu.pk:ajku@12719
201411007@uns.edu.pe:74654144
449896469@cairo6.moe.edu.eg:Std#030529
220911420@stu.istinye.edu.tr:3660nnZ.
somsak.ps@outlook.bru.ac.th:sspp2565
nedas.kadisa@dobkevicius.lt:Berniukas1
majidhag@hinuchm.k12.il:Mela082020
jhguevarac@aviacion.edu.co:boeing737-400
hayat.dabjan@skyband.com.sa:197081Sdra
20dh711200@st.huflit.edu.vn:4Ri2mgHuED2NPhp
aalhalabi@baumat.com:outngitzwgu5.mi
aposal1552@apostolica.mx:Clown2020
ali@westessexgraphics.com:Zaphyre@123
n00200687@upn.pe:Elisystem*#7687
gfarfan@norphone-ecuador.com:Gf2022*-
egoncalves@jscomercial.com:Picanha2018
rickson.romero@klabin.com.br:2608Klabin
uc2020219046@student.uc.pt:Dudu.2002
ngocnhss180911@fpt.edu.vn:@lovemyself894
kandelaki.ana@teachers.gov.ge:Kandelaki!165
1c-kesek.wiktor@almalo.edu.pl:Kisiel17
thiele.andresy@stein.ms.de:Nahabo10
razad@amber-int.com:Soapvalley2021
abrown261@knights.ucf.edu:Aixela2018!!
201002112@eastdelta.edu.bd:SRABON@550
445262407@qaliobia2.moe.edu.eg:Std#040214
xjmogonz@intcomex.com:Jamaica654321
s887@kingdomschools.edu.sa:Hope@2021
info@thegioikimcuong.vn:010196@!NgocKy
zkutlu@etu.edu.tr:708090-+a
oupa@stratosat.co.za:Confirm1234
druizk84@live.com:Anita0609
madouchesofian:Barcelone14!
sakshi8@s.amity.edu:M@E5CA1F@1
yo-adris1@riyadhschools.edu.sa:Ss114123
a21901299@mail.islagaia.pt:Charizard18
bponserre@assopluriels.fr:01London06!
ammarali@tih.org.pk:Jutt0304
cc005910222@alorica.com:Alorica2022*
mmadrigal@twu.edu:Pardillo2!
skdo3bhu8@xkx.me:Trendafili@
21014827@sch.moe.edu.eg:egsch@014827
446102807@g102019.moe.edu.eg:xi0@ss4b
2552052019@mail.utec.edu.sv:02071994
yasin2018129@primusdubai.com:8gr4ptKc
anabela.cerca@ae-aherculano.pt:CalvinHobbes14
juachino@upt.pe:naruto123@@123
s3593653@jzg.moe.gov.sa:Elina123
2681@mc.edu.eg:xmsj029*
sa985810@schools.mk:077514736
zs21005465@estudiantes.uv.mx:Campanitas03
z236400273@taalim.ma:JaCAzOm1fb
1463@sunrise.edu.sa:Aa@12345678
chicoze2:lindinho
s123827@student.squ.edu.om:Phys@Uni9
aitmagourt_ayoub@emsi-edu.ma:Chanour99
petr.gurtler@zak.zsruska.cz:Pet8811
cristina.santolaya@cett.cat:Alimara.
w15l200066@yuverta.nl:Famsamuels19861987!
jillspradlin@msn.com:EddieV2018!
jirawat@csc-solutions.com:Ham08660
zuleyca_chavez@hotmail.com:Aleignacio1#32
admin@16ri.onmicrosoft.com:16&Oficial19%@
l20660054@matehuala.tecnm.mx:Dapaemm8523_1234
s22391:R@123456
jbritt@trustnsr.com:Kirby1212
murphyj109:Hero0988
14417.ajb@alainjuniors.com:Tar11487
juver_borda@usmp.pe:Angelitomalo123
sascha.usinger@s.rshz.de:RSH@db664
hggih:FV01000769931
vignesh.r20@gim.ac.in:mukundviki29@
tyson.wil@stmartins.sa.edu.au:Dragon5
kesavaraj@strateqgroup.com:kR@jj6083
11064.dpsgv@dpsgs.org:Karishma@123
hhyle@my.gcu.edu:Adaliah123!
stpsetm2104712@pgc.edu.pk:P210412UNhk
dngalindo@unah.hn:Septiembre*2018
36-acm-0025@kdu.ac.lk:Airliner@380
sandra.vargas@testingit.com.mx:IanKai21
3604@novelschools.com:Rup12598
user3@xua.onmicrosoft.com:Chuong12345
micah.lanier@briarcliff.edu:ML790670!
gustavo.gomez@gire.com:9881nacho
pee_ba60@live.rmutl.ac.th:1160300219137
okaicome1919054@pgc.edu.pk:dani8080
d130301245@taalim.ma:Hlzf3163
ef006036893@alorica.com:Alorica05282021
michele.degasperis@live.it:1DiaboliK2
huoc3981@amiantit.com:baninghu6
458298272@gharbeia3.moe.edu.eg:Std#070805
413231@cyvs.tyc.edu.tw:H225271309
andresol@permoda.com.co:P3rm0d42022.
ycharrasquiel@clofan.com:Jaggen9750*
s6619605@mb.moe.gov.sa:192837460Ab
petro.vieira@aluno.unip.br:75198398187
7700734535@viavarejo.com.br:CGV#8898
nhernand0729@mymail.lausd.net:number1234
d1341@365v.me:muhammAD#313
mariana.salazar@papelsa.com:Sol3042@
k1f18asbz0023@ucp.edu.pk:mino1m2n3o
wahlvorstand-hl@fmsh.eu:FMSH2018!
adithya.v@tekninjas.com:dihe68062!
64121666@up.ac.th:123456asD~
supterminal@comfandi.com.co:terminal01
d.hawkins@milehighlabs.com:Pappa417go
nagy.viktor1@sulid.hu:Hugibugi123
259529@student.pwr.edu.pl:Kolo1505
zh5vjp@office-365.space:Msdmsd1822
pras@sogo.co.id:Safaraz22
fcontrerash@udla.cl:Javi9313
837448:Hossam#@12
1451010209@pnt.edu.vn:Anhtuan2412
zv155107@students.euc.ac.cy:Zitavita19011973
s_richard1@stemarieduport.fr:reglise1999
510040749@dclive.ca:B8MRs57
2702601@formacao.iefp.pt:iEFP24121979
2897252@ismailia1.moe.edu.eg:01013066197
tarikbelkam@outlook.com:Bcyh02031997/1998
spdesign:nVU/n0RY
carlosphg83@educastur.es:HernandezGonzalez83
kakr6091@colorado.edu:Baryonyx178a.
410573@d131.org:KS073105
media@mndf.gov.mv:Passcode@4834
shadat@icco349.onmicrosoft.com:Kab082762
nabcoasdig11902:JonVdek1992
wojciech.pluta@zs2jelesnia.pl:Wojtekpuda@123
422224783@sha.edu.eg:30305271401213
jasna.primorac@fiorano.rs:Jasnaprimorac7
red@redindian.co.za:Nov@2020!#%
752496@pdsb.net:gursewak123
t3493501@timbrasil.com.br:CBb2023@
elyes.jelili@vaganet.fr:makaveli@1980
raj.patel@students.jmcss.org:Rp6010952
r130105052@taalim.ma:Assia2003
fatima.ki@alameen.ngo:MahmoudYazbek@12345
mtan11@binghamton.edu:Mt54636494
discrodandrius@gmail.com:Sare132+
18100207:Q5R1G4Z2
stum20180016314@ese.gov.ae:P#3x3iFFgM47
judithkyai63@mwalimu.tsc.go.ke:Kyat#2022
n00064833@upn.pe:SASBOBblancoynegro210495#
h133127385@taalim.ma:HdZR2Y3VhAF3tzy
ydlhoz@wisevisioncorp.com:Yarandeto28
t.westdijk@debontewever.nl:Naka59411
s6270206@jzb.moe.gov.sa:O331430o331430
jadams3@student.framingham.edu:ja103165
sharma08:9150255425
s-cuzcuetam@bsd405.org:Mariano1920
vu.le2201@hcmut.edu.vn:Gr3djsg0db097
prabenda@wielton.com.pl:Flatout999
j145021101@taalim.ma:HwrukgT6bL
c12170015@john.petra.ac.id:271198K.a
407310010@qalqilia.edu.ps:Aqmohammad//32
chappalisiva.n@hcl.com:Sep@20182019
vt77695628@edu.mon.bg:ValeriValeri1
ppc@afflatusgravure.com:Afflatus@2021
se17-309@ssuet.edu.pk:DmcN9925!
trios@hispanoamericano.edu.mx:Yuc20151
1802832@estudante.uab.pt:mFWJg5T_
phal.vuthy2018@rupp.edu.kh:Thy365365
idec@uca.edu.ar:Lopr343434
wsegura:Gatorade.2024$.
youssef.daoud@live.com:You$$ef231087
n120057619@taalim.ma:Ufce9619
jz229821@bhcc.edu:7u0p0p2w1q0P
l134329510@taalim.ma:Hzzh3291
g.damarla@student.utwente.nl:Divith.2018
100574581@est.uasd.edu.do:m12062002
matheus.ferreira@stoque.com.br:Egon_940325_m@Rosemary*
lopnifox@sulid.hu:Cof94504
bruno@5thstudio.co.uk:LandlessRoundup5%
hadaalzdjali@gmail.com:HADA@1234567
joshsoquiet:Joshua1024712006!
chetchadakon.sa.64@ubu.ac.th:Xaqs9394
atif_ahmed_shariff:1BO19EC006
yahyamustefa92@yahoo.com:0915745925Trend
s.autorino1@studenti.unisa.it:094f3c4fa1
ww.pipe15@outlook.es:Jod45300
edu8022@office.bz:Villamaina19
damilola.omisore30@gmail.com:Damilola@124
m137419365@taalim.ma:Aeur5284
n00220698@upn.pe:Pamelita001
00003305207@aakashicampus.com:890#jay&2bd
nicodirocco@bridgeway.net:H1ppotron
1777019@365.mokwon.ac.kr:Akfkskxk0!
1600741@csrn.qc..ca:Chap0089
a.gr@libero.it:a.gr@hotmail.it
ifat@uniq-club.co.il:Taf@2019
rodriguesmatheus1609:brasil@01
6421604408@hanoi.itrithuc.vn:#pvDpj6w
0698187@my.scccd.edu:Ti071196
451525785@behera3.moe.edu.eg:Std#050325
souki.castro@pectrus.com.br:Sou2020ki
diegopulido:1Diego2345
puguhsuci@my365original.com:Alfaira999
coolguyspike61@outlook.com:Sep122003
121946@students.laramie1.org:Jerey2004
477118673@sharkia4.moe.edu.eg:Std#070303
118220420@ina.cr:Baudilia19
itunilus@ictar.ac.zm:*Un1lu$2020*
s304112801753@alnajat.edu.kw:289S1976h
mic817438@365office.site:Crash25251985
bjeff@compassionchurch.cc:Jeff23061992
mmuiruri@kenya-airways.com:Babakiki00
erick.lacerda.71@outlook.com:91548045k@
ahmed-samir-98@hotmail.com:Ngtr@2020
ahale66@ivytech.edu:Cadenlee94!
alored01@my.blueridgectc.edu:br502020
cleberprates:Pr357412
1951057009@ms.uki.ac.id:141225fY
20150882@hti.edu.eg:Violabestwife1
62010514045@o365.msu.ac.th:Pw@1341501374716
thuydd@ssi.com.vn:Heolun0910933
481475317@alex2.moe.edu.eg:Std#040129
zczurgiel@osemka.edu.pl:Z1u2z3i4a5
renata.lf@puccampinas.edu.br:Amdg2019
michel11@outlook.com:Habibetie@11
jarvisanand85@gmail.com:msteam@85sahu47
e_2019200308a@uncp.edu.pe:Carlos954084374
vguadian@itguadian.com:Morales85
a.o.nikolaychuk@nlu.edu.ua:Zum34915
j110067353@taalim.ma:Mles9631
a1056@365e.live:Sudip!123
s311082301306@moe.edu.kw:alya6133
fortafact@fortalein.com.ar:Forta*123
kimdorn@notenboom.eu:EH447pf
albinoalicemanuel@gmail.com:MARIAALICE197010
ahmad.elmokkadem@maersk.com:89Casablanca
papia.kundu@manone.in:PK@1234#
jzjz5234@365.bifiv.com:523400&Shen
aismail@alnokhba.edu.sa:Asd321973
silvia.tormo@gmail.com:Miratasellamajacho1.
21070874h@student.ibte.edu.bn:Aa136638
nnannd0@onedrive5tb.com:@nando3129
hanyang@smart-gas.com:diziroX121
hitanshagrawal@gmail.com:SHRIhari4261
2021-089937@intecap.edu.gt:@Lexa4529
dana@dcx360.com:Reya2016
ph1934@myoffice365.site:Kelvinlee932
s7958202@estg.moe.gov.sa:Saadoon8744
ivanov.ay@sch1552.ru:Dop40615
423873231@rb.edu.ps:Moe@42387
vildiris@solutionmedical.gr:Tac64490
39214175@inalum.id:Corona2020
d139441445@taalim.ma:tarik1234
201503252213@alunos.estacio.br:Estacio@2214
said.lourhaoui@student.ecp.fr:s1a2i3d4
saikotfaisal@gmail.com:iamsaiko989
chroomer:isabel123
parameshak:nptel@1234
nheal9@eq.edu.au:Gameboy05.
ashil7d@kvpt3.onmicrosoft.com:Salini2020
01146686884:Ma01146686884
ai58862427@edu.mon.bg:1234567890Alpay
s14048@unipi.gr:Playteam467
budc@fresnou.org:blue984Bear
tusharsingh0987@t.5tb.in:Tusharsingh@2002
kc06552@uga.edu:Uga@18252749560.
nerildo@evci.com.br:Marte82@
amirbukhari@esquare.com.pk:pmzvbror@704
gianpiero.favini@eng.it:Gilda_ladri
nr00669690@techmahindra.com:15Kh1a0408@
lecorrea181@misena.edu.co:1000004181Bmxxd
yunior234566@outlook.com:Nohaymadre1
dor.ariel@cognyte.com:Rick&morty3!
20191418@unapec.edu.do:Dany_0899*
ddenoncourt2@learn.flvs.net:Monkey15!
461719719@fayoum2.moe.edu.eg:Std#070215
k.sai.machiraju@accenture.com:Jul@12704
sandra.ferrer@huntec.es:Htrl.MX2019
ferdy.dian@compnet.co.id:Hulk1234
450740205@sharkia2.moe.edu.eg:Std#050312
16231579@lerdo.tecnm.mx:est59e17chzf
ic4-2241@ms.obec.go.th:obec4@SP2241
imane.ajdide@usms.ac.ma:Woy38588
saleh.com_14997@com.kfs.edu.eg:HS$@262237
jeff.bird@lumenis.com:Runner2018
jzavala@unach.edu.ec:Jhony123
n00107011@upn.pe:345634573
pantawan_t@cmu.ac.th:punk4157
1722033@eng.maranatha.edu:HOP07048
itsupport@oaktreeprimary.com:0aktree@2019
2019141776@talento.tls.edu.pe:L@301287
s9848556@tbkg.moe.gov.sa:6P@s96sW0r695
gfunkmonk@outlook.com:Pisscock4208@
s7739294@estb.moe.gov.sa:MoU12073379
491339467@behera3.moe.edu.eg:Std#950502
hail_elmehdi@emsi-edu.ma:Mehdi2019.
mycapamo1312@gmail.com:Ridiculos.1312
d1177@aeoscarlopes.org:Edmfat1962
1201915655@alexu.edu.eg:Aa@30102180200284
2283517874@ataa.sch.sa:Ataa123$
bmann@catchmarkit.com:M3diaService!1
khaled.shoura@jnrcs.org:k0777008971@
felipe:Cevallos
familiamamani2018@hotmail.com:Sebas_1485
s2445094@jb.moe.gov.sa:Ahmed@2110
bo0377@alhs.nyc:Bur2004hon
futfounders87:918273645Al$
maria.davalos@ua.edu.py:JazFede97
s006596@maryvit.ac.th:Johnolsen1
l.nazzal2@student.aaup.edu:201910566
mariel.slavskaya@work-force.be:Yas4astliva0710
mohamed.saadi@taalim.ma:23913@DAWAHIB
jean.cabrera@unas.edu.pe:Universidad365
1341765@senati.pe:Virtual20
inlorree@gmail.com:Shaira.96
ekbis28@officeoriginal.com:07071989$umirah
mohamed.hankrir@cmscompany.net:mhcms2021@@
s107330@ltisdschools.net:529Lawman
18miqbal@icknield.beds.sch.uk:Grade912345
diego.alvaradoal@uned.cr:D745777a
muhamadhusaini@unikl.edu.my:unikl@2013
giorgio.pellegrin@edu.unito.it:Gregorio14!!!!!B
katherine.prado@upec.edu.ec:uPEC_2020
muhammadkamran136:BY1830841LAIMR
3349462880:26062010
charlestrumata@ccsls.edu.ph:Cittadini
s5453979@rb.moe.gov.sa:Hatoon00
adao.jp@chk.co.ao:Temp.123
485621135@alex2.moe.edu.eg:Std#040330
manoel.sousa@grupoaec.com.br:12634715447
bernardassare@eversme.lt:Zuincikas@gmail.com
ben@recollectionmedia.com:QWEasdzxcv1
410289638@minia2.moe.edu.eg:Std#030213
malfi@science.aun.edu.eg:adgjlQETUO2
jakevener.millanes@pcs.edu.ph:JVCM-120
lina.ibarra@uniminuto.edu.co:Lina1417!0826
472414718@sohag3.moe.edu.eg:Std#040609
58019820@mylife.unisa.ac.za:DalCor88
32-eng-4600@kdu.ac.lk:PasanhImA3103
r147067673@taalim.ma:123@@@Dimarajapcxjoker
2005218074@hufi.edu.vn:thuan21052003@
202105096007@alunos.estacio.br:M@rqu1_Pr4d0
katherine.mejia@ucsm.edu.pe:Kathe18love
wantuid.lacerda@etec.sp.gov.br:06042004Tuid
kawbiul-islam@bga-bd.com:T0mjerry#
ibrahimtassile@outlook.com:Tassile/klsa
chairul@wikamail.id:w1k4ku@2018
techoil@petrodiamond.com:1stpass=
63836@siba.ac.th:Y/0650099241
v.mohylnyi@morshynska.ua:Mog_ids123
202210762:2679747
whatsup-monitor@bccegypt.com:Hodu3494
marcolopes@darkcode.pt:marcocarina2013
32653@ldcsb.org:Exponents
imosthe@gmail.com:Santiago211
mbkmun001@myuct.ac.za:GGGGGHHHHHJJJJJKKKKK
al08077@abrahamlincoln.edu.pe:Sandiamala2
6035512045@email.psu.ac.th:zeen@045
sillawat_son@truecorp.co.th:Watza123456789//
w0719009@cloud.dyu.edu.tw:Ansony1234
cgrassi:Ramona23$
edersonm@fia.com.br:Eder2912*
dsanjuan@keywordsstudios.com:Pinguino87$
office@isegoria.it:InIsegor2019!
efrain_mamani@usmp.pe:pachu123
sgomezs2@eafit.edu.co:Curso2020*
osman.ebrahim@thusa.co.za:armanic0de
d149064436@taalim.ma:J570922.
20172577@stu.uob.edu.bh:990213196
administrador:Concres4s**
areej.1412@icloud.com:Aa102030
jnalepa@spp7.onmicrosoft.com:szkolaSP7
bhaumikp@sfwltd.co.uk:igt76.33%inbca
yassine.hakmaoui@taalim.ma:fsttacqfkih1982
55868746@mylife.unisa.ac.za:JuKaPa55word1
tchoe1s@k12.jh.edu:C1hoezom
i202120212@cibertec.edu.pe:Rzt154pj
rayfathur@students.undip.ac.id:ind.Default16
bindiya.patel@tussom.com:Admin@123
daniel.salgado@live.u-tad.com:Metacharset99
yourguyminati@gmail.com:Samarthkochhar33
458505966@qaliobia1.moe.edu.eg:Std#130820
19006865:11Febrero2001&
12457@keysexpress.net:Naif130558
microair@free.stulive.com:1qaz0plm
mz8884@office365.fun:sm@5080315
braddock.bres@gmail.com:Catsrock27
safi@msoffice365.site:fioreSante56
wdebord@theabfm.org:Alcazar#2018
ag.agni@guruinovatif.com:Zh4fr4n.
leonardo.ugarteb@ucsm.edu.pe:Hello-miche11
srjhawar@hotmail.com:Soft$2021$
ucompensar:Emily7843373
khaledsec2@gmail.com:pa55word
baxs_po54@itstep.edu.az:RAbil4822
zakia.elachheb@taalim.ma:zaid@2006
aordunal2100@alumno.ipn.mx:chinoandres22
239260@etud.uco.fr:D4npfhvmy
justind.ingelbert@hbics.sch.id:TEAMSjust03
zoubir.laajaj@opm.ma:Opm232445
karunyagunavathy@gmail.com:PrabasMSOffice1230$
012019072975@fise.msu.edu.my:Abc@12345
6696@aletta.nl:Jerry12
tlf@holyfamily.edu.hk:Sc92399146!
yulin.tsai@tg3ds.com:Fjyldr191231paris
451230546@sharkia5.moe.edu.eg:Std#070222
3874@icas.edu.pk:p@kistan
0032231@sesi-es.org.br:Criola88536487
d138513851@taalim.ma:Crkrf1434@
darwin.brochero@accenture.com:Colombia2220
info@nexgenfuelworks.com:Stratocaster1
jpicht2@ype.lspb.de:TAP3T31STc00L
1101499@isep.ipp.pt:Mm913117710
se18-175@ssuet.edu.pk:FbpS8386/
d190400166:Kajal@321
aisling.altram@gmail.com:tumbles77
mi-pt@sogo.co.id:Ptmi10010
info@lamaconstrucciones.com:Wunu2115
n.mohammed@arco.sa:arco@2021
donkey1078@onedrive5tb.com:Bikash@1996
taylor.a023726@stu.sanjac.edu:dob9300$
as20122076@wipro.com:Ash@9424651487
7676@dpsid.onmicrosoft.com:Ayonigoyal@123
edoardo.morin@liceolevi.it:Princynow1
dev@endado.com:"9`<\b\3e3=BE)-RE.
mi0d53881@techmahindra.com:MI@0D53881
2107-3636@st.cyberjaya.edu.my:Smane10@lfc
if@propusimmo.ch:Natasa1978!
boaz.ardel@live.biu.ac.il:3edC5Tgb1qaz
24110339@lums.edu.pk:Mygreatvitz12
dharshu09:Agjayaram@9
e136204391@taalim.ma:Lzjxu3185
andris10886@btn.co.id:batara123
hassan.hussein@feng.bu.edu.eg:Mohamedayman721184
626706@fayoum2.moe.edu.eg:Emp#741216
salai3372@wrdsb.ca:1175234isa
drequejog@usmp.pe:15valery05
453876875@behera3.moe.edu.eg:Std#060110
imran@axpule.onmicrosoft.com:alpha78$$$
kilian@bold-house.com:Accor2020$
alessio.iodice@hpecds.com:Finoalpalazzo.123
d255lee@uwaterloo.ca:Adm$4321
0983407899@opsmoe.go.th:Opsmoe@123
c5142@ioffice.site:Office@365s
cm@gordillolawfirm.com:GordilloSM!
0569736@my.scccd.edu:Impala67!
28820@millenniumschools.edu.pk:Fap29451
fran.santana@laspalmasgc.es:Frantsy98._
fidowu@my.gcu.edu:Mamacot@123
jhonmach65@gmail.com:Vill_jhon21
helloteacher:test1030!
ernesto.estrada@cenace.gob.mx:ERNY9602*
roberto.avila-r@up.ac.pa:Sv152401
kulsum.khanam@tafensw.net.au:Ummumu@z5
david@voz.si:Mikro2mehko.
r130045697@taalim.ma:Mardi@12345
thang151310341@st.utc.edu.vn:do@nthuxem
2k16-av-12@student.sau.edu.pk:45302-6781428-1
447149143@g102019.moe.edu.eg:pga@22zrfdd
kertai.kristof14@gmail.com:2008-09-14
jbarajas2217@bc.conalep.edu.mx:Barajas1234
j136395343@taalim.ma:metaldragonboy1234
loidh@fti365.net:Firew@ll2048biz
j132183738@taalim.ma:Rexy2681
rcastrillo@afiansys.com:P@cific0
online7@strategyfirst.edu.mm:Covid-19
454552244@gharbeia3.moe.edu.eg:Std#060810
santiago@newlifecosmetic.com:Cocu4645
layssalesmont@hotmail.com:Montela@19942803
pharmanet@sarjen.com:PNS@0121
aguchi@tqa.edu.ph:Meme5659$
stiupsc@upsc.md:P@ssw0rd.2020
danivox1:210503Da
chengha@mail.uc.edu:Hh62648786
foxiteta@hotmail.com:123qwertasdfgzxcv$$
ccoronel4@utmachala.edu.ec:18041990C@leb
bianca.moreno@alumno.buap.mx:BianMT17
23303027@sch.moe.edu.eg:egsch@009145
rmt036@student.bau.edu.lb:Wow118490
yelida.dotel@inabie.gob.do:Yelida2912
s2277423@mb.moe.gov.sa:2egX@RRpK
noel.woo@gjgnm.goe.go.kr:john!@34
jacosta:conocimienT0
254140@ccboe.com:Elite2901
h.mamdouh@wssel.com:H@to0m12345
204621@luiss.it:Anis5000
tatigg17@gmail.com:Tatygg1752
20214753063@ogr.akdeniz.edu.tr:Alcatraz123pro
17524096@students.uii.ac.id:Basket07
sergen.gul@beymen.com:Y0N#07cE
iishaq@ct.com.mt:MynewMobileA70
trifan:triser79
3853860@fiamfaam.edu.br:@Be121014be@
6246825744@kontum.itrithuc.vn:625144Hs@88233
admin:E5KLBSUU
g133234058@taalim.ma:Vqba6164
abch29@gmail.com:Adriana29@@
s5059286@rb.moe.gov.sa:MmHh2020
dgalindol@grupo-exito.com:Bienvenido.1054802788
456084546@behera4.moe.edu.eg:H01111528243
648914008@365.crru.ac.th:1579900618461
2345@carmeljorhat.in:AVA@2581#
6221253611:Karensita040*
darovadr@nube.unadmexico.mx:*Apocalipsis22
j130092447@taalim.ma:salahMONSEF2018
islam@firstunitedco.com:Rg@1931977
u20442612@up.ac.za:Tumelo@01
1900947902@dian.dian.edu.vn:truclinh113
2017196067@ogr.cu.edu.tr:Alican.01
0705566081:0705566081.
mery.cabrera@educacion.gob.ec:MCeducar2022*
s_rane1@gavirtualschool.org:n0tf0r8ll
phmartinsg23@gmail.com:Berttinelli2022
jkos@zsjodlowa.onmicrosoft.com:KJust123
kirankaushal@hotmail.com:Mmffip23
2022150480268@tesjo.edu.mx:1234CECILIO
2016022764@unfv.edu.pe:Ingresealos17
gleison@cvc.com.br:Maju1501@]
kdobariya8208@conestogac.on.ca:K$31d##V32k
458039539@sharkia2.moe.edu.eg:Std#070524
20b0160643@cobatab.edu.mx:ROMA040705HTCDNNA1
428794978@tulkarm.edu.ps:Naf72128
dsrajer.17@ohradni.cz:sra.DAV30
t252796@mkhb.moe.gov.sa:Rzxlk68517
150275015@estudantes.ips.pt:Inocas2011
hammouda.maait@taalim.ma:Robert@59
s4768541@estb.moe.gov.sa:34120337Aa
naman_pratap_singh_rawat_10a:Xax15546
son2.tran@grovegroup.net:Grove@197
arthur.maya@centria.fi:Pulchranoctem02
comercial@redeuniforca.com.br:Unif@Bic@m
u201622215@upc.edu.pe:yo41495395
cristinarocio.bonillac@um.es:carmonaro2
adrian.iliescu@toro.com:Parola19
20ntucs1045@student.ntu.edu.pk:Fatima"2003"
22082341h@bachilleres.edu.mx:#RATO981201OSSIRIS
61547933@friendsgarden.edu.pe:Sparkie123$
victor.diaz@solitekpharma.com:C0Cr1stal
kawtar_ousous@um5.ac.ma:KAW0668ous
chunkeat.soo@global.ntt:wfu9900@SM
13019070@imail.sunway.edu.my:Pakistan123!
mohamed_s_qasem6424:ms_33152527
459944275@cairo6.moe.edu.eg:MOH_kh5315
e75202118@cenfotur.edu.pe:Wilmer2021$
172584u@mymail.nyp.edu.sg:Sagogeoduck9
fumigacion@avoreal.com.mx:Quimicos2324
662533900@aths.ac.ae:Su204422
fsbfscem1813227@pgc.edu.pk:Burhan1905
swclark1223@students.mpsaz.org:charmander124
sara.lobato@alu.uclm.es:Sarita04
avissers@iu.edu:Ett=love=noise=cat
451632869@cairo7.moe.edu.eg:My123456789
mgonzalez511@o365.unab.edu.co:Majogoto7
haryadi.nugroho@astrindo.co.id:SNsfi966
fortej@metrofamily.org:JuJaSo2017!
2524571@student.edu.az:Rom82402
aparecidavita@outlook.com:iEFP04031972
464872329@minia1.moe.edu.eg:Dtd#041001
karl.acosta@xpo.com:Welcome0001###
r137537737@taalim.ma:Aymane36
2487-dns22-devansh@aema.edu.in:Devansh@123
edith.guevara@unsch.edu.pe:iRAMUL18
yukimiko@onedrive5tb.com:Demongamer993
yuset.junco.kastore@nauta.cu:yjs@0884
gdorazio@cabrinihigh.com:Simbalina1
202101969@stu.uob.edu.bh:731223080
hai.nguyen@qima.com:Hoangtung270290
z201100234@taalim.ma:Licc2198
mariay.zambrano@ug.edu.ec:Yuli2504
16p3006@eng.asu.edu.eg:Voj49427
grochaf@est.ups.edu.ec:GASTrofr23945
956020891@mvusd.org:GIZARDCAT1239'
joncza1488@edu.wroclaw.pl:Janoosz112
2017216476@isiswa.uitm.edu.my:eSHA6777
yvette_aranas:August011980.
ashok.kumar@healtheoz.com:password@123
mt100837@interfile.com.br:erik11027910
dfontilla0001@mymail.lausd.net:m69gki73mvc
alberto.wu@uip.edu.pa:1517908146Wu
215086058@mycput.ac.za:Kalaza14legend
mikolajm@zshradna.sk:Laq62321
maquinaria_sanmarcos:maquinariasanmarcos
a0066176@wipro.com:jgd@234432
wesam@alrakha.ae:Dubai123
biffi_srl:FoyPvAQ#vEo&
nir.y@miniso.co.il:Ny030770
vadon.konrad@vpg.hu:K13Zs4V12
glauciante:Yuwo6768
bm21541834@my.sliit.lk:200061802300
ismael.chinchilla@my.tccd.edu:Nfms9257
afonso3370@aecc.me:Roy12552
lonwabo.ntoni@eoh.com:S@lizwa09
j142054618@taalim.ma:A12345Azer
s56234@calvertnet.k12.md.us:2232009
elias.ruoss@stud.lgr.ch:Lg/8.8.08
185233@aubank.in:Mamta@928989
a0003846@insnemo.gr:vaso1980##
raghav_m@ar.iitr.ac.in:Raghavmi#1
andrea122000@gmail.com:Andrea00
colmanlucio:COLMANLUCIO
1446210@senati.pe:1446210@senati.pe
883@indobritishschool.org:Husan@preet123
yaba.sulkiplee@gmail.com:Sulltories232633
453694218@gharbeia1.moe.edu.eg:Std#060917
ishara.liyenage@hyatt.com:NewLife#21
viviana.trejo@uaq.mx:Flakavtp22
kurslokal@vssm-gr.ch:Akodevape525
xargyopoulosf@student.unyp.cz:Loy26063
p.azar@stu.mustaqbal.edu.ps:Pa123456
bernardkenfack98@yahoo.com:Armandlesl@3
21584672@sun.ac.za:Compsci244
jose.estradan@cfe.mx:T3mporal2020*
alejandra.moraesp@uanl.edu.mx:alejandramora22
s4061041@bb.moe.gov.sa:Rahaf123
scho6650@uni.sydney.edu.au:uD(4T24$4jS#4&$
1012260@pdsb.net:Herish2008
candidatcrem@education.sn:cremadmis
449425350@alex2.moe.edu.eg:zpaRy0hX
hridyanshu_2101ee38@iitp.ac.in:ashu123!
s2499820@estg.moe.gov.sa:Nada442014
issam.tahmoune@zenithpharma.ma:aquage1n
cm006037861@alorica.com:Alorica12292021
bentaleb.kamal@ofppt-edu.ma:OMAR@0696129804
1600336@el-eng.menofia.edu.eg:01065723303Mm
egylux.ar@elsewedy-ind.com:El$ewedy1234
abir_errabih@um5.ac.ma:JSCGV94E
t393351@jzb.moe.gov.sa:Ta0557969109
453693989@gharbeia1.moe.edu.eg:Std#060117
liam@aldobi.onmicrosoft.com:simha2406@
01144300273:01144300273nB
my168@365i.me:Sor31390
alialoosh00:AliAloosh@00
juhl.4@buckeyemail.osu.edu:Dragonfj44
1138534712@kkischools.com:A6912009a
das3167@dlsud.edu.ph:Jill..9870
21988393@student.uwa.edu.au:Smigel55
bouderraoui.hassan@gmail.com:Medkhalil123
emadrigall:Elizaenero22
mlopez514@o365.unab.edu.co:Tommigatohermoso0522
dsi_322@rcc.gob.pe:viviana1989
452457916@aswan1.moe.edu.eg:Std#050218
jauseche@.uts.co:4hijitos.
205748020110065@vinhuni.edu.vn:tngh240602
s0201397@berkshirecc.edu:6453&Arc
448422767@giza6.moe.edu.eg:Std#040622
gokul@ifluids.com:G089kul@
448104785@sharkia1.moe.edu.eg:Std#060601
nadar@cpm.co.ma:ta123*123
jerzy.piskor@gmail.com:dVTHxd5cpESBg2j
satyam@pwv5.onmicrosoft.com:Engineer@9869109915
jaroslawstodolny@edupolis.pl:F+9cW8q#y
202208286411@alunos.estacio.br:030080@Ja
458554173@assiut1.moe.edu.eg:Std#060524
alex.basas@overware.pe:Mamutino2020
fmor0318@edu.madeira.gov.pt:Merda135
s23301@iisve.it:calzetto5
emilio.acevedomnd@uanl.edu.mx:yQQJEv4M
al165851@alumnos.uacj.mx:Rubi.165851
sistemas@tobiasemanuel.org:ITE-2021*
j140023977@taalim.ma:Jwfq2105
s1708816@online.houstonisd.org:5232007
g134525612@taalim.ma:D79tgm7Lbn
ir794@mypro365.site:Saz0611717
21bdm1108@cuchd.in:Jaimatadi123!?!
456576949@gharbeia4.moe.edu.eg:Std#070812
dup5012@psu.edu:Devupnain$95
jrctuason@mymail.mapua.edu.ph:July262002
laazizsafae:sarahjanesmith
joaovrocha2008@gmail.com:bugrinho2008
160221012@uzem.education:Sevo.2259
a17995@inse.pt:L26122002l
451616424@qaliobia2.moe.edu.eg:Std#051204
0787353979:emla123TTNMN
b.karwowski@sp12lubin.edu.pl:Suf22998
roberto.gamezsgr@uanl.edu.mx:pdfhbj9W
boseipok0001@mymail.lausd.net:Amestoy1234!
s3411937@estb.moe.gov.sa:Jehad@1428
f135159295@taalim.ma:Aycg8265
fathallah.mouad@ofppt-edu.ma:F1athallah103
aliff.rahim06@s.unikl.edu.my:Alongcomel1
11954405747:Senha12345
15391@aealcochete.edu.pt:GS24-upelos
nstuertz@my.stlcc.edu:Xkcd1234**
60011083@fusd1.org:agh2006
renad.mazaal@gts-bellevue.de:84.3501.ReMa
481288212@gharbeia4.moe.edu.eg:Std#021101
s62123329225@ssru.ac.th:Titer7242
luan.carvalho8@aluno.unip.br:Ll32231781
s98200461@mkhg.moe.gov.sa:92P@S61Sw0r2180
aelder5930@hwdsb.on.ca:Apple2019
pal.bus@konecranes.com:Kone2020
radu.ionescu@student.upt.ro:UPT-arh05
nkotsidis@strongtie.com:XeNikos3
151775@stud.prz.edu.pl:Gabiszon567
pa.serra5@studenti.unica.it:8#uo#D$*
opeyemi.daniel@intelfortng.com:FORT@opdanz.INTEL91#
2017988080:Israa209
fm16872@mu-plovdiv.bg:Stabby1998
ma643504@dcsms.org:Jaguars111511
thyaren.marin.rivas@ua.cl:Tengo23sexisbuhos*
jglopez1@student.hau.edu.ph:icandoallthings_1998
js927006@schools.mk:2712josif
mailavan@detoin.com:Mailavan@1
torte@my.wesley.school.nz:lom2ndRa
udemp1@bfh.ch:Imbamboozled9
huzaifa_mubin:QK3JvChtY2V-bRq
acount@fci.helwan.edu.eg:Wuj269977
m130015419@taalim.ma:Ahmed2004
yuri_anaya@gtservice.mx:Zozu3275
r131422004@taalim.ma:Mama2001
construction:Fum54065
sutton.poyntz@btconnect.com:Cracker1234
monika.sarbach@gmail.com:tuttib3ne
782060@pdsb.net:B4bismillahim
eduardo.torres@cegag.edu.mx:Camilocesto13
bradley.heaton@system-it.co.uk:Can03992
mgbaguidi1@saint-francois.net:Epyaze06
jchaves@congope.gob.ec:Juch2084
kovacs.gabor.bars@petrik.hu:Minikit221.
lonic.ar101.2020@uns.ac.rs:teams01!
gknox3@stumail.jccc.edu:Nintendo64
acabrera@hiretech.com:Dc7905665!
pokhrelyogesh@sajeelal.edu.np:yogesh@123
maciej.zuk@student.urk.edu.pl:JAf4v\<bng
897775@pdsb.net:Mypikachu1882003
pierre.charrier@ailancy.com:Moules-frites37
nech0509@mtskole.no:Nedas2006
mgavilanm@bch.bancodechile.cl:Bachillerato2326
j131247559@taalim.ma:Rizb3937
vagorchagov@chsu.ru:9RW7w6NS
amt.asai@frc.suezuni.edu.eg:AmrA7med
ug_31132117@art.tanta.edu.eg:Xar43752
kennedy.kemboi@dm.co.tz:We1bu1ye1!msr@
okafscem2281766@pgc.edu.pk:P2281766GTsq
dxproject@ktb.co.id:Password.1
3069797@formacao.iefp.pt:Gox3333837
rourke.hooper@alaris.co.za:Alarisantennas1966
guinitagladys@gmail.com:123gara
22040693:772004s
20193448@g.cofc.edu:20193448?Q
t393860@estb.moe.gov.sa:Fahad$4437
blagovest.valleriev@gmail.com:Bb7426866
info@ashearuba.onmicrosoft.com:Joalyne82
1550856@fcps.edu:TheGANZ2019
julloa@eana.com.ar:Vidal1804
ricardo.martinezv@uanl.edu.mx:fH3Zje3H
23782:Bn101202
studentservices@imu.edu.my:AAbbcc123
mmunaris@sigma-alimentos.com:Alimentos.2019
elias@saes.com.br:#Sup04tE
d135915292@taalim.ma:Maryam00112
omar.ayman.fekry@outlook.com:K2(-.{2e"W6+&/U
rpc7067@students.mpsaz.org:Rick200711
danudaw@tgdf3x.onmicrosoft.com:08Oktober2020_
hamzah.ghandour@mobhgroup.com:Google123
451089106@tubas.edu.ps:Moe@45108
ykgngo001@mymail.sim.edu.sg:Gjhurie938
u19206580@utp.edu.pe:Ag21.05.2002
bigbossshabbir0@gmail.com:Wad09301i
brendiitha2011@live.cl:BrendaaaJara12345
k161296@vanlanguni.vn:VLUk161296
s3828423@estb.moe.gov.sa:Aa0502800182
ahmad.suhaib@jazz.com.pk:TpR3#+pS
velar@nosstra.onmicrosoft.com:Winners1937
laura.huang@heartinmotion.org:Redpage@19
cs22f-119@ssuet.edu.pk:ssuet+3463034433
jesus.jaramilloprz@uanl.edu.mx:vSG4dAAy
b131008748@taalim.ma:Mansourox@12300
aquinolb717@pnc.edu.ph:Kimseokjinnie1204
pruiter@intercept.nl:QuinDex#2010!
459747298@qaliobia1.moe.edu.eg:Tt#0128900
yassir.bendahmane@etu.u-pec.fr:Porte1993
ulfjosefunger@yahoo.com:Hugendubel5
mhqchng@utas.edu.au:Snowee_155
lhricspa2265254@pgc.edu.pk:mybpgc.edu123
20hvt1t114@cc.edu.mn:Muugiisda@731
tkim000@citymail.cuny.edu:Xogur153426
kkmom@aquaexpeditions.com:Haq23813
745603651197@bashgmu.ru:7513_379036
hanane.qanfouh@taalim.ma:Fuc2CY3HNe
tinopp08@gmail.com:TinTino20008
sajithkumars:Sajith@123
skanishov@myseneca.ca:Kxxi7x11!
tcox18@student.rcc.edu:Tcox7296
hardy20:116Nhardy
blagovest.valleriev@gmail.com:Blagovest7426866
j_penchion@gavirtualschool.org:Soccer1998
203383987@fcstu.org:DBsb3272
urmani.kaushal@madhavschool.in:Pass@123
aisha1704220@aswu.edu.eg:*Ag1421997
patrick.mateo.m@uni.pe:Mateytho1
ml.ventas@afinformatica.com.ar:kevin2707
mju6114102341@mju.ac.th:MJU@2341
ramon.nazar@edu.uai.cl:RNs-1234
mmcatamney@allsportsheroes.com:ASH2018!
445977693@giza5.moe.edu.eg:Std#050212
1453413@senati.pe:cristhian1405C
a1279:Hassan@2023
plinioricardo@obvioustop.com:Skateboards00!
grecia.segoviaa@uanl.edu.mx:zbVxwVB4W
db96568064@edu.mon.bg:fPcXZS3<cqA9+6b
nijatbakhtiyar@gmail.com:Pricuda123
luciano.cunha@uva.br:Livia@2020
yousef_bensoudane@um5.ac.ma:SFG55XXE
mamontoya17@misena.edu.co:Mamc30062003
anthony.miranda@usil.pe:Mellamo24anty
jhall@flint.org:electric77--
405978939@behera3.moe.edu.eg:Std#001101
19pjm02271@aiou.edu.pk:Ugjr1765
68972@ptgez.edu.mx:A1b1c1d1
msoft11507@myoffice365.site:DCP-9015BIbi@54cdw
tuandungcva@gmail.com:ttd040483
nicolas.gerboulet@ac-paris.fr:Ng38383838@
e_2022101641j@uncp.edu.pe:jrcsU1412
aaryan.aggarwal@ais.amity.edu:@41E63A1S
454550710@sharkia1.moe.edu.eg:Std#060616
tcislearner0042@tcis.in:Mithilesh@2428
a1513065@idat.edu.pe:dlZR8j#0kZL2rf
habusaad@stud.jubilee.edu.jo:Rub84993
fwynia@hotmail.com:liefkind
thughes@3dtoz.com:Nup43554
youngthiccy69420:Ashvin2005
agiles@mail.brandman.edu:123@WSXc345#EDCv
cory@newphasetraining.com:902C802c4878
mfestijo@sbcbatangas.edu.ph:Juicekupo1
chsssccsm2205353@pgc.edu.pk:P2205353EWig
m.khaled.khalifa@btech.com:QAZxsw1234
tarunchandra43:tarun@43
amit.tamir@ruppin365.net:A0506916533
jbarajasroa69@hotmail.com:Javier135$
ritadouden@cbs-deschakel.nl:Marije2.
1912@safa.edu.ec:Luisa2013
458770299@monofeya2.moe.edu.eg:Std#070818
c3nguyencao1981:fetc@ogxtl2017
pnmenor@outlook.up.edu.ph:LuckyMicrosoft01122017$$$
kanokkran@mtc.ac.th:Kllkllkll00
info@readyexpress.eu:Ready.2737
stalin.sulquiluz@ug.edu.ec:1997omarSulqui
de114969@miescuela.pr:@alejandro27
z202600530@taalim.ma:eljadida
zahir.hassani16@gmail.com:H17061983z
joao1morales2@gmail.com:_jwow4.sws2k
shakeel.chishtie@scsofts.com:Su123@scss456/
00003907921@aakashicampus.com:Bk@260207
kelith.appolon@snhu.edu:Kobe24Bryant
rnh2@rnhtwo.onmicrosoft.com:bangladesh1234*
michal.zapletal@zsval.cz:Zsval2020a
crunkl115@gmail.com:Harperfaye88!
noafoll08@inntro.no:Lene060608
daniel.timoteo@unifesp.br:95191375Evil*
nurseidc19402@sabah.edu.az:09062001Cn
daniel.ricaurte@kpp.lat:Daniel9631**
abdelmalak:Rt2846555
jerhabocher@jerusalem.muni.il:Tt123456
426005@behera2.moe.edu.eg:Emp#800815
std107438@ac.eap.gr:Poxo0126
kkadar7851@hwdsb.on.ca:kadar2009
robert.t.rabig@disney.com:Yq36rf!!
aatt0624@stu.cfisd.net:Panther2020
seba.diaza@alumnos.duoc.cl:seba.1313
math420e@edu.rybners.dk:xmyx33r5
std104949@ac.eap.gr:Wufo4612
mdida@numerique-educatif.fr:Mexepa$1
h147039048@taalim.ma:Czeq9331
minhhieu7a3.ngstrh@ngs.edu.vn:Minhhieu210811
carlee.long@maine.edu:EngineerMaj2021
gr399631@schools.mk:Mth45438
m130119967@taalim.ma:OmAiMa8AlI9
computerhoangduc@get365.pw:Ho28122016
b011910051@student.utem.edu.my:Vasuki333@
sv76209175@idat.edu.pe:AMORmio25
bl0_x1:UltraHendrix082699
nhossai3@cougarnet.uh.edu:*Tanim113100
703281512@genpact.com:Ch1nna@142
youssef_ijiji@um5.ac.ma:0677532617Yy
wahidm2@nycstudents.net:Drakeoe1234
nathalyperalta27@gmail.com:1410122712Ab
jpenaloza@maristas.cl:1620soporteSM
87247@icpnachi.edu.pe:Zuz98450
rnh2001@hw.ac.uk:Ironlioninzion@22
u20201b074@upc.edu.pe:TtM$/7zWUWDL.*Y
365bader259@365office.site:Buka1609
201520464@ammanu.edu.jo:m0770240643
mridula.u@deviacademy.ac.in:divyhau@16
silas@sspereira.com:@Persona1983!$!$
asilva@anatel.gov.br:Pedroeandre@2806
6621600004@upstegal.ac.id:13021998Vt
rft1317@k12.uc-bcf.edu.ph:21-2851-317#Rkft
josualsa:nomolestar123456789$
supriadi@pokemail.net:dalila@66mail
cw_8703673@outlook.com:Tantan@2020
mark_santos0254@smec.edu.ph:april252008
augustas.ziukas@vdu.lt:Augustasz1
oscar.andersson@edu.nybro.se:Sheela20
e130107368@taalim.ma:Autyk6556
antonio.sandoval@scanda.com.mx:Scanda22
nayely.huallancam@unife.pe:IVONNE25
goutam.pattnaik@goindigo.in:Iga36995@g
1352103@senati.pe:LH020503n
ruben.narvaez@alumno.buap.mx:Rumarnapi0929
ran@babylon-software.com:Shtrudel123
gsaid@louisbertrand.com:Jav57034
ana.megrelidze@blacksea.edu.ge:Megroana123
202103620566@alunos.estacio.br:Bryan@2627
ebdelacruz@trends.com.ph:Dcwinde1512/
brandon.osornon@uanl.edu.mx:CD9d_yVA8b
fgonzalez:Rga202307
73161854:Rt10211021
t863565@rb.moe.gov.sa:Moon1400
noah3960@assensskoler.dk:Heidi0704
sentinal:ads3@#$5
l.fn18e012@must.edu.mn:Ochir1003
48648501@ucsm.edu.pe:signal91$
nb29053@novabase.pt:688%GHXvq176
paalberg:Kassikene123
dimitar.r.dimitrov@60k.bg:Plovdiv3
s5635763@rg.moe.gov.sa:ED9R@Z9Ba123
tofijul.khadim@icncl.com:dec@2017
archivio.npl.sorec@sorec.it:VrVq0Odr322M
30672@princeofwalescollege.lk:Xox99652
hpaz@inlearning.edu.pe:Madona230192
ahmad:Gs0x12jJPgn-v0R
m131259959@taalim.ma:ABcd167943
serina.kang@honeywell.com:Minigong050592!
ccj6000073@est.univalle.edu:280802Papacho
patricia.silva49@unisul.br:paty104870
alghumayda@sangpengajar.com:Zuq88361
aabbas11@elarabygroup.com:aa**--123456
jcorozcoco@unadvirtual.edu.co:Piloto*1
zkobierska@zsoizgromnik.edu.pl:Xj7ootxj7oot
mounsif.imane@ofppt-edu.ma:ISTATIZ@2021
jack.cavanagh@botanic.co.uk:Sonney12!
matrix1380@onet.pl:Skkf1380
crcabreraap@uide.edu.ec:1102732151Xavi
uo263259@uniovi.es:mms110#3
u3222580@uni.canberra.edu.au:Saugat@7
georgs.komarovskis@jpd.gov.lv:ALT872a95
marisa.piccolo@dva.com.ar:MariPic-DVA
458418290@sharkia1.moe.edu.eg:Std#070620
cli@clivoi.onmicrosoft.com:200110zhao.
sylvia.nwankwo@gtbank.com:gabby@2001
vijay.velagapudi@hcl.com:Newyear@2018
omae23@a1.free365.org:5Kyw51BU1
briandenning@ymail.com:Jesus#1Lord
ayudacorreo@itcg.edu.mx:MorelosyPavon1950
ignacio.sabinas@alumno.buap.mx:peketo333
20201g357@khipu.edu.pe:Low21465
lmontelongo@idiomasgc.com:B35771435b
admin@agroges.onmicrosoft.com:Lanit91098!
a.musitano@sparco.it:$p28062019
moethityan@stu.1tb.fun:HtetAungKyaw4821
pamela.farameuthia@catur.co.id:p4m3LL44
anna@glgins.com:glgins1$
milevskyims@krok.edu.ua:M55662344m
sergiogiron2603@outllook.com.:72443872Sergio
17967@mijnpiusx.nl:Alaa19761975!
liyah.mcghee@lausd.net:Babygirl123
2001952996@moej.edu.jo:2001952996@moej.edu.jo
playalizefelder@gmail.com:200394837archer
464203603@monofeya3.moe.edu.eg:Std#071225
mimoun.ben-ichou@ofppt.ma:Mmimo@123
yasmint@d.co.il:123asaf*
matthewclark@letu.edu:Spectrum2020
al185892@alumnos.uacj.mx:Lethergo37
b052192021@asoiu.edu.az:Nog46697
os866@barqsystems.com:select@123
vanquyen@dattech.com.vn:Quyen@2021
422100018@ecu.edu.eg:Goh51599
thinh.tran@coca-cola.com.vn:coke123456789@
478089149@behera1.moe.edu.eg:Std#030225
alon.olivares@duocuc.cl:202370586
802303@sharjahaviation.com:Safty@126459783
shivan.ramlakhan@desalcott.com:Kuw58631
oriette@eg.ibm.com:3369stu@
s7608474@jb.moe.gov.sa:Aa0502196493
a16050046@perote.tecnm.mx:Gow79226
aaelshora@medicine.zu.edu.eg:myar.roaa.20171
david.spradley@snhu.edu:@Shademan1
yulyan1226@hotmail.com:ramirez-26
9120@365vip.run:Gdrive@123
malaak.fayaz@accolade.lk:student@123
35539@officeent.top:Vac44240
1018003161@sriucsi.edu.my:Jayninja
sk8luis41@gmail.com:PIREZR162#zrt265
sach0685@vaasavicbse.in:Vasavi*2681
a4695@ioffice.plus:Alimalim77
m137513615@taalim.ma:Goan8606
176041@student.boston.ac.uk:Harvey2019
459576212@cairo6.moe.edu.eg:Std#050823
stanly_chao@life.fubon.com:Aa19811001
455608338@qaliobia3.moe.edu.eg:Std#060705
800941:canithegod
student082@sp2nml.pl:Miriam741)
pata_taroma@nvsu.edu.ph:211-0588
cvaldivia15@alumnos.utalca.cl:Nc82055camila
a15@gett24.onmicrosoft.com:Way86327
16974@csmrouen.net:02071996
144271@trinitasedu.nl:hycpzprh
k139189816@taalim.ma:Wuzk10912
gantauskis@gmail.com:Gantoskis1
borini2007@gmail.com:M@naseer
mukaida@braincluster.co.jp:Swhr0223Of
445459441@alex4.moe.edu.eg:Std#040929
elisangela-izidora@ufmg.br:deusmeama100+
caleb.knight@shirley.school.nz:p5nckneya
kanenc@s.dcsdk12.org:Dcsd249157
202003362956@alunos.estacio.br:0511@Track
1911505310163@sv.ute.udn.vn:Abc123456
mohamd.bakhet.9@gmail.com:mm0501125642
dimitar.likomanov@edu.mon.bg:Pos654321*
info@aii-boden.de:Boya3436!
219022658@stu.ukzn.ac.za:@Amanda19
es-medhateslam60@alexu.edu.eg:eslam.2000.m
21122671@st.hcmuaf.edu.vn:Phatucute2003
esalazarc1600@alumno.ipn.mx:Es37T7T3
p132494605@taalim.ma:Fatima@2000fatima
jose.gonzales@pucese.edu.ec:Susano1727
km00889885@techmahindra.com:Flipk212345
uf889@msoffice365.site:Odalan07
m.poorvita@hfrnd.com:Poorvita!12
francisco.vaqueram@uanl.edu.mx:Vakerita27
la153646@student.helha.be:St970521
amd6778627@utecnologica.edu.bo:@ruquipa911
nour-eddine.abid@ofppt.ma:JC@175282
901580@pdsb.net:jazzyk.33
guperez@lf.edu.uy:B65313b542
202003536652@alunos.estacio.br:134679Mi@
454117568@behera3.moe.edu.eg:Std#060220
nfigueroag@eafit.edu.co:bqS1qgm/
csuarez11@cuc.edu.co:93081902303
n.kannouf@ump.ma:m15291_i
211103@ids.upchiapas.edu.mx:salazarLuna121119#
reem.sawaf@ufe.edu.eg:Anastasia91
rahul.rm@dazn.com:Allu@2014
cristina_steve@yahoo.com:01289667509
afd@365offise.onmicrosoft.com:Adhaven365
mohdzufarsuwadi.m@hcl.com:paS$w0rd
15965@formandos.cinel.pt:efatino?365
rmedina6@alumnos.santotomas.cl:Silvestre123
matthewslavens@hasd.org:grasshopper3245!
anthony.hyder@laborfinders.com:Kinglila3
sabyasachi.paul@egeneration.co:Asdf1234
jahir.herrera@utp.ac.pa:Soyyosoyjahir23
arifindma@students.undip.ac.id:123456Bapak&Ibu
830003003@csusaflstudent.org:ac06242008!
jlzenteno@chedraui.com.mx:soporte.6969
fotografo@cesa.edu.co:CrealoMiSo9
alara@tronex.com:Barranquilla22*
jornes@upformacion.com:Assimil.39
abdeslam.bourzine@condorcet.be:MatriceTempeteSable5
kfurlow@isqft.co:newpass1!
baraa.ghalyon@edu.nybro.se:Ghazal12
raf_izzlonely:Guidance1jr
e1309081642@live.uleam.edu.ec:miguel1910.
7138199563:Slash0721!
tarekali0@hotmail.com:SallyOmaraaa0903
45367@dynatacorp.com:Braisnchz2019033069
40074375@sempreunesc.com.br:Llim#8801-25.87?Mper
mohmed.nady@nub.edu.eg:mido@98
2015-00039@sanbeda.edu.ph:Artjayden123
977485@sharkia2.moe.edu.eg:aa#NNgg100
mali-evanh@hwbcymru.net:Rain0821
bsaravanasudhan@appsbizsol.com:preethi1990#
miguelolio@fundapec.do:@Hashigue0
mm213134@schools.mk:Martinmirjanoski2021*
ishernandez@essi.ph:Educ@rssi2023
rsell3@schools.vic.edu.au:Fb75HmGy
57008916@sfcollege.edu:Abcd1996
1130667880@positiva.gov.co:Septiembre.2023*
eric.bonnefont@expleogroup.com:Oceane24052011*
26597476@stud.dhfpg.de:Yesterday5451
r130357001@taalim.ma:@lib@b@123
dhukiaa@uws.edu.in:Somi29062008
abdulkhaliqcn134:BY1830841LAIMR
1366347@senati.pe:Victorsilva123
781088@pdsb.net:781088@pdsb.net
lina.alghoul@eccgroup.ae:Lin"352352
2015046@dpsgrnoida.com:DevanshR@1234
nhantt10@acb.com.vn:Acb85672927
ostuni.comunale@avis.it:Avisostuni1!
caian.toaldo@aluno.ifsp.edu.br:9Rc30l26
b33-mangmuanmung@imu.edu.mm:MMM123mmm!@#
hafizh.ilham@mail.ugm.ac.id:Hafizhilhamn@
yfeugnet@groupeisagri.com:Janvier2018
nomuunbilegt@olonlog.edu.mn:Nomun99815763
magdalena.piast@soswdnr.pl:Madzia12
jaworowskis@hwbcymru.net:Cchs2019
ra16063175@ead.cesumar.br:Giulia@123
442656584@cairo7.moe.edu.eg:Std#041210
mostafa.samy@alhitmigroup.com:Pass#41234
robertopivet@gmail.com:robe1233
32003120182@std.bau.edu.jo:Bau@5413
lhrfscmm2077220@pgc.edu.pk:emaP2077220
u18210390@utp.edu.pe:Carito22
liu239@365oi.top:znmfnl6619$
borhen.saidi@vistaprint.com:amel98350952A@
jbai@coarchitects.com:Shanda736842
gfs2023t.on@arkgreenwich.org:Redcart43
b00095539@aus.edu:Epicp1ayer!
m.hahn@dataform-pp.at:PP_mh1qayxsw2
jose.bulnes@unah.hn:Newmodel15#
56350@ioffice.site:Wup98317
5436516u@tychy.zdz.katowice.pl:Malgorzata20
jamesor@telkom.co.za:Telkom@123
rpamblanco@fvmp.org:Noq42932
451758700@minia3.moe.edu.eg:Std#070318
m.andres1215@gmail.com:3206492254
3830210871622@qaed.edu.pk:Mnw331132
1804505@eng.asu.edu.eg:0194432940
tanghoangnam@hoahoconline.com:Cho_con@
dilawr.suliman@ppmturkey.com:FUCKYOUALLTHEtime6
ccachal@unasam.edu.pe:Quf66583
administracion:Adminfunda19
jemacapagal@student.hau.edu.ph:Jdem0515
450461090@assiut1.moe.edu.eg:Std#050725
dvega@tgrind.com:tenor4ever
alasondasilva@gmail.com:Liravpr5
848993@pdsb.net:garth123
pttaylor1@uclan.ac.uk:p2S3Ksm4G5H
460320752@alex2.moe.edu.eg:Std#081001
ayertay@purdue.edu:Qirong2017
porterk@merciaschool.com:HereHere
epi_tz_env_qc@epigroup.com:Vum81846
ghofran.alhamdo@jor.jrsedu.org:Ggqq11%%
n133383004@taalim.ma:Wiat5805
it21333484@my.sliit.lk:200026903947
egetnet0002@mymail.lausd.net:Eg123456789
theo.bergeron@eleve.csp.qc.ca:pfke687
lhsfscem2060022@pgc.edu.pk:moazzanhu_098
3678560@vingroup.net:##Thang02@2022#
jr005979832@alorica.com:Redrose!22
oujinghan@antonoil.com:Ojh199714.
itisw@on2.acc365.net:Ga.05327895319
prommin.yo@rmuti.ac.th:yossiri00
dendermikkel:mikk1402
nmulambya@itswild.org:comaco$2020
20coleadam@colchsfc.ac.uk:Dolph!n44
levi.virapin@3is.fr:Lilvivico971
elbohy:Amr@194991
linderman.robert@epa.gov:Kd6obxa12#123456
8420805@sfi.cloud:1967Trang12
1429745@bombeiros.mg.gov.br:meDA2377
jonesjc28@pwcs\eud.org:Joshua0907
syanchatipan3022@uta.edu.ec:gVLsSxkVn4
c0823005@mylambton.ca:Daniyuyu599
2017632@cognizant.com:Adakula@123
khaldon_khashman@acwua.org:@khaldon123
blessingseshoka@outlook.com:Bless@King123
2001454813@moej.edu.jo:Moe@2852007
u22203711:utp1718ru
748435@pdsb.net:99587061@Ah
ivanreyn31@h@gmail.com:Mardani29
mintdonuts@kadokawa.moe:#Jf4cE3f
sg0328@myoffice365.site:Nokia2210.
theodore.baker@assurant.com:4Ch3sh1re!
o_t1013@student.phsc.edu:Boxes57?
ira0116@edu.madeira.gov.pt:ytxQVY30
aeeshato@myiqraschool.ca:Baw36608
tomthomas@iisc.ac.in:achuammu150
silerja@zs31.plzen-edu.cz:Nastyjegod123
santeri.louhula@edu.perho.com:Nakki123
angela.rey@academiacolmenar.es:Nap08181
dkominek@zsbadin.sk:Daboizmlg7
r100082948@taalim.ma:Farouk123
felix.lucas@ecl18.ec-lyon.fr:m8ITlfWQrs
emilia.condo@espoch.edu.ec:Behappy0302
se17-165@ssuet.edu.pk:Ssuet+2040
adeeba.husain@s.amity.edu:MC64FBA@1
felipehigor771@gmail.com:ThelastOfus2
aliajir3@hotmail.com:WB24xp84
dcbeltrana@unadvirtual.edu.co:D14N4B3LTR4N**
b53125@schooleast.gov.sa:8551643Mm
mr.vawzy@pgri.or.id:090559Fm
manoj.ganla@holidayme.com:Holzoo@15
117294@ecmelb.catholic.edu.au:c9shroud
jhchavarror@unadvirtual.edu.co:8YUL8Y5DJ9jh
200524729@csusaflstudent.org:bj04212011!
bse221031@cust.pk:Rosaindica_69
97711@ioffice.site:Kit@22612261
565856@kernhigh.org:Jagger2022
452086071@qaliobia2.moe.edu.eg:Std#051213
19-41289-3@student.aiub.edu:AnikKumarOnline1@2@3@
agrisalesa@correo.iue.edu.co:.JoKeR05-20
nlspfr07@gmail.com:Nils080607
486251291@qaliobia2.moe.edu.eg:Std#050731
458335062@assiut3.moe.edu.eg:Std#070505
manal.ezat@caesars-eg.com:icM$0120
rachelle.garachico@gmail.com:J07ng18hyn26sng
enadmofed97@gmail.com:dr-batayneh1997
ganesh1923@live.com:godisgood12345
hl0327191@pasadenaisd.org:Pw0327191
oliv707g@gskoler.dk:jrh24hwx
202202183075@alunos.estacio.br:1808@sia
nitinshsh39@gmail.com:@Knightsh12
amina.fatih@leerling.kov.be:Blauw135!
hiennt@ntcom.edu.vn:Hien1202
0000226763@aiou.edu.pk:Adps9248
4036543@formacao.iefp.pt:iEFP30051961
jakubdrag@kspbp.pl:LubiePlacki4
shatohina_n@sch21stv.ru:WPfbh876
fireriderboom:0509492810s
emanuelflores@unah.hn:0319200200142Af.
claridges@msmc.co:Msmccw95
oliviayeu:000511130828
851912139@shebron.edu.ps:eman@1988
51610207@acu.edu.eg:611022@Acu
b081910375@student.utem.edu.my:halo116798
gospodinov225808:Xax012xax012
olivier.sirot@cneap.fr:Pavillon81
m136145967@taalim.ma:Aszp6521
cjosephxavier@outlook.com:Castlescore.19
p2atp@365.ub.ac.id:Ruy71528
h120001529@taalim.ma:Rih@4404
bfs2020-17@bs-hassfurt.de:Gjzq9540
mwawrzaszek@edu.wods.pl:Majatoszfaja123
yqlb@fresnou.org:hot506Moose
gerard.sukesh@stjohns.in:medicine@123
zp308@6ji2.a1p.me:t2iYq$g5
rand.aljundi@yahoo.com:0_3n6s2h5c45
f135125732@taalim.ma:Zakaria14
carlsonjo@uwplatt.edu:REDcarnations535$
vagner10@uninove.edu.br:963512044Va--
murad@ahamed67.onmicrosoft.com:$md626284$#hhhhhh
3310603489367@qaed.edu.pk:Fsd333308
a280214287@my.uvm.edu.mx:Saraispin7
jeane.prins@stenden.com:Biskwietje01!
holefood@outlook.com:Campbell3
daniella.alothman@st.ul.edu.lb:Xq2?8%yN
5513744@mec.edu.py:Tub74621
469384930@cairo2.moe.edu.eg:Std#040331
kllim@mymail.mapua.edu.ph:Sep2021190039
lj91-pereciveis@assai.com.br:Assai004
batzorig.b@caffebene.mn:99Zorigoo9988
2020-0282@uteco.edu.do:Uteco2016
cmbfaelangca@syciplaw.com:Lob034461
madziac1712@op.pl:piotrus1
60764@student.umlub.pl:Shirdi1957
mathivanan@technoq.com:Nov@2018
phuongnamcp@gmail.com:KHOIbaonam@20111986
1065418@sohag2.moe.edu.eg:462008coko
est2279.jm@cpsjt.edu.pa:Mederos2006
hettigoda.21189@kingswood.lk:Zub97873
05eritor@vaedu.nu:12wqASxz@
2208171@leedstrinity.ac.uk:AchRbe3A6715Y@n
aziz5@lfcaire.net:h9gqbcpv
prasannasakthivel:Google@10
abner.pacheco@ufu.br:#7Hhrclsj
lqdtm50450@ttcschool.edu.vn:ttcschool@123
259684.tcs@csn.edu.pk:saboor@123
ihab.tawfiq@asset.com.eg:Valarmorghulis_2712
juanna.lange@bbs-schueler.de:morisambenji3
izmir_salazaro@my.uvm.edu.mx:Noradic5
nils.treffner@goethe-schule.de:PomMe@ss
akarim169@moaedu.org:AHMED.tarek
rhsi@topsoe.com:Catalyst..8624
100124089@ccisd.net:00137228
juan.causaya@gcc.edu.co:Cuarto2018
453115183@cairo4.moe.edu.eg:Std#070508
jazleenc:As290371
mhelwan.man@btech.com:QAZxsw123
01172011047@student.qau.edu.pk:asd@397
marcos.leao@aluno.fiema.org.br:We240679
0020039@sesi-es.org.br:Maristela2020
ganyel.pizarro@global.komatsu:Pizarro2505
rlwasinger@olatheschools.org:Athena02
lsommerh@gmail.com:Fel2+3ge
4313042@upm.edu.sa:UpM@12345
s9788616@rg.moe.gov.sa:67P@s15sW0r2718
v-leanh.duc@n3results.com:Fsoft@12345
kanishkae@gasl.lk:Kani@1234
michelle.morales@pi.edu.co:Naren12345
s308041301097@moe.edu.kw:Ab67665748
andrescustodio@forsa.net.co:alleria3A
459777463@qaliobia3.moe.edu.eg:Ebrahim#12
201110044@manit.ac.in:@Priyanka12
tawfiq@office365vn.io:EZiem079
pjeha138:H@kijca123.
2028328@students.carmel.ac.uk:cWA118HT2020
mnnunez@indracompany.com:Mnunez2022*
zha0188@boxhillhs.vic.edu.au:eN32YdCM
lau.salcedo.veg@gmail.com:LucharCrear138*
el_mostafa.bahadou@taalim.ma:yajn@6366
khalokarnikhil@gmail.com:Amravati@123
rherbstaedt@omserv.com:OMSoms2020
454025952@behera3.moe.edu.eg:Std#060311
gabriele.mele@ipsia100.it:Kol62660
christoffer@visionsecurity.no:Chris7100
operadores.infiernillo@cfe.mx:Comision0101*
anhembi:Luli@2021
jsotojime0001@mymail.lausd.net:jose921283
s03558@mahindra.com:mahindra@1
a_n_a_c_e:74204634anace
negru.romeo@ltrp.ro:urgen@1Eparo
prs0361@my.londonmet.ac.uk:Bhagwati20
ahmed.apfil@akij.net:Akij@6570
igor.prodanovic4@skolers.org:Gljivica1967%
said.dantanine@est.edu.ne:Cuh49080
boufbouf0@gmail.com:B4VC*v#c.YV9h$5
german.lira@gtb.com:Batman*006
kedar.oza@mq.edu.au:J@iganesh5
kimchinne.prom@dksh.com:DKCam2022!@#$
tkrupa@zs1lubin.pl:06122019Ola
anne.engelgau@marion.k12.fl.us:Ryan2003
270136044@tourismstudent.ac.nz:s493ew5QMW
lieuntt1@hdbank.com.vn:Thuylieu1807
afolaya@fucolde.org:Colombia2018
abdallah214589@bue.edu.eg:Rlms1235
antonio.garcia.rubio@tmc.nl:Miscojones_23
mfarud@onecallcm.com:Husnabano@93078
22010529@sfcollege.edu:Natalie789!
163474@tatasteel.com:tata@1289
m137297157@taalim.ma:8FcusdgW
2000099703@fcstu.org:10262007
ogbu@friedrichschule-lahr.de:2020FSL!
ccdzy@fxz.me:Fara7516
ugnevizg0708@kmu.lt:nezinau0
m.zrar@edu.umi.ac.ma:15139421641513942139
wansyaf21@raudah.usim.edu.my:2102@wan
s5056593@tbkg.moe.gov.sa:Az199199@
s6814958@asrb.moe.gov.sa:Aa@08727
e139118184@taalim.ma:Uwdd2524
lironziskin@mail.tau.ac.il:Ziskinl92
u22244648@utp.edu.pe:bryanmnbvcxz
matias.alvarado.m@mail.pucv.cl:21Maravillas
vvarghese5260@conestogac.on.ca:Pegasus@9946612411
reynalyn.bolay-og@deped.gov.ph:Ages@127055
sn990542@schools.mk:ShNu007.
world_3w9vshvi:g79s1crh
2054132049quy@ou.edu.vn:w5JMc5N4?X!3pCR
eti_dgd_683@senati.pe:S3n@tiAdobe_21
shreya2@valleyview.edu.np:Baz34984
idhok@rejivan.onmicrosoft.com:#r3j1v4n
jlunceford@365roi.com:9hphR5kp
etu30443@henallux.be:Dr404oUv
digitalint@ebm.com.br:lint**2020@@@
moali@intimaa.com:int@3051
mdasadansari123@gmail.com:w9BbQ8BrBbxS9ny
lleonp@ipn.mx:Ll29G9Q8
muhammadhafizudin14@gmail.com:Joekal1189
d133367878@taalim.ma:Zakaziko2002
74909328@eguren.edu.pe:Lokito123
gissela.jimenezp@ug.edu.ec:Lay58267
sohocourt@msmc.co:Msmc280cd
20169@ngt.edu.vn:1234567@Abc
dv@hz65.onmicrosoft.com:Hutova1435
hq.sabaricos@myngle.com:Jagiya101993
darkiirito@5tb.tech:KCrak444
paulo.r@univali.br:11534111prn
30389494@cityofglacol.ac.uk:City200904
ccole0122@kctcs.edu:Cosmicmate6312
b11439@n365.me:Infinito!Amore12
fraza@nesr.com:Fr4z4@2019
758891@student.sheffcol.ac.uk:Kira1907
18bk1a04d9@stpetershyd.org:Vamshikrishna@123
ahmed.20170269@buc.edu.eg:Buc@0269
shekinac01@hotmail.com:Matos25171513
202001522506@alunos.estacio.br:Leo@20082016
kurango001@tcdsb.ca:wolf8254
emmanueln:MyBeautifier-2020
451098027@cairo5.moe.edu.eg:zsh30f8ea50bde73
3450214887820@qaed.edu.pk:Nwl305205
1305372@aluno.mt.gov.br:Ciano2020@#
tracknetwork@prasarana.com.my:tnmMRL2019
lmundacap@primax.com.pe:$Pri$2021$
mani.ratnam@igtsolutions.com:@Welcome@98765
hensab@hotmail.com:Valdarno23
claudervargas@mexshipping.com:Jan.MEX.2022*
huy768767:huy19092004
20212032@aluno.facha.edu.br:Gab.1991
bsantos@ren.pt:6WRKP45R22_bruno
1718500035@upstegal.ac.id:Galssaek213sd
ouissal.ereddoudi@esith.net:Aichab1$
otubelachristopher28@gmail.com:Ot34ub21#
482032144@giza5.moe.edu.eg:Std#051023
ra338141@wipro.com:may@1993
ingrid.gosseye@sezz.be:Ingos3E
k20404@365hub.top:DLSR_jose1843
847463@gharbeia4.moe.edu.eg:Emp#731201
21200034@student.hcmus.edu.vn:Minhanh3@
459866340@behera1.moe.edu.eg:Std#040815
asistente1@panamaprep.com:prep2013!
444690865@sharkia1.moe.edu.eg:Std#040701
2016102440@academicougb.com.br:Monet123
2094301@cognizant.com:Mini.@88
jason.cropper@wasa.gov.tt:Sweetboy-81
f-ezzahra.kachrini@taalim.ma:Juzo8534
dariorubenc1@gmail.com:darioruben66
xmb-0902:Anhtuan21
fnsp0831@edu.madeira.gov.pt:Kiko1611'
angelcitojavier1990@gmail.com:jeremias2016
gabriel.povedam@ug.edu.ec:Gabo_0688
keven.castilho@aluno.unip.br:38662978827
d139053666@taalim.ma:Kassano1
sconionjourney:07/05/2010
l181130407@gamadero.tecnm.mx:Carballido10.
101482110013@r1.deped.gov.ph:Bernana23
30826@anulavidyalaya.org:JAvi@123
fernandofelipemunoz@gmail.com:Felipes1984%
acastano-g3@bws.edu.ph:@JadeFerdinand
amir.elgarn@uir.ac.ma:Amircr728101998
kylli.heinsalu@eestiteed.eu:AQ440YKRa!
182s5032@alumno.ujat.mx:830857834
mmarcano@mbsretail.com:Orlando1973
1071855@est.intec.edu.do:Ingenieria00
dmmunoz@entel.cl:2Clave*manzana
hcewuijn:nqhbcebc
davistj4:NP5Life.
1100340185@fcstu.org:Cougars0825
drmouhot@memphis.edu:BIGben12BIGben12
ventas@desguacesmora.com:Des.2018
pafeshisoks@outlook.com:Puffnane2028
extasy-cs:lucifer66
239@hiccinoo.onmicrosoft.com:aragazbeyaragaz20
d365_user1@agmelco.com:Agm@lco^123
samuel.naranjo@bbi.com.co:Tostao2017*
lnmendez596@soy.sena.edu.co:1023365695NmL
msingh@ssmc.ae:$S7337110d
marcela.alvear0707@gmail.com:Marcela.alvear2006
jezusito123456@gmail.com:Jezusito123*
ivan.supog@ug.edu.ec:Sm04aula102
eapita@autometal.com.br:Soeusei2213
n.jefry@live.iium.edu.my:Nakashima_1912
vn-merch34@pihlgp.com:Mui0902361082
458137549@sharkia4.moe.edu.eg:Std#070305
fathy_agha@hotmail.com:kotkot@e564760
2017503528@udexam.annauniv.edu:Makesh10!
g136717322@taalim.ma:Zrvi9622
l5416701@std.yildiz.edu.tr:q8bohr4u!9
cenap.pembegul@gateway.com.tr:20!Cnp19pG-
leonardo.rabuffetti@gmail.com:Giotto74.
angelvazquez296@gmail.com:Eclipseoriente9239
1523660@utp.edu.pe:utp2602
nicolas.de81@cas-aranjuez.org:Endiey81
mcta3273@mctamandalay.com:NoN0square
tbsorb19clakou@tbschool.se:AvonT20
aditya.makwana@encora.com:Iamthebest@13
christoph.huber@bwedu.de:QEWRadsf1324
kaike.santos4@etec.sp.gov.br:KA02032005ike
cps.shop1912@cellphones.com.vn:cps@1912
jamila.coore@mymona.uwi.edu:Missjinx247
2711822@collegelacite.ca:Nsuala701@
ebin@iamebin.onmicrosoft.com:Netapp123
manvega@uade.edu.ar:Micmicmic20
602@hspsp.in:9zN1htD06896#
h132410462@taalim.ma:Oumaima123
s3881501@jzb.moe.gov.sa:3P@s81sW0r5421
24mads1504@elev.skien.no:Hondavfr802
marwa.essam@egenesse.com:1091985@hana
mohamed20060006@ksiu.edu.eg:Mazen01210373161
lrondon@office.jimschool.org:Rosayflor
ssonza@alliant.edu:SOnoma2100!!!!
18tgf25@plume.essex.sch.uk:bella123
suryateja.v@qubecinema.com:VST@0934422
manas97510@dpsgurgaon.org:student@123
dalcalvert@twb.catholic.edu.au:fortnite366
jakub.degis@ms-zspolice.pl:Eloheroh20
dorissolima@yahoo.com:#Solima123
i201813094@cibertec.edu.pe:Ch00pper
ejusi@slsi.ph:Nozid1234
ilia-luka672010@hrbotev.tk:YQtew549
hayden.snow@d11.org:D4mp7777
nmansour@dhsarabia.com:Fed81xm&g
269208@student.pwr.edu.pl:Poter-0535
mup10003.21@bitmesra.ac.in:Murli0106
s.parapini@moodupfactory.it:Muvu8208
lcampusano@iberotec.edu.pe:Tecsup0500
apauley@llmhq.com:heyhey36
3730130783599@qaed.edu.pk:Jhm337905
fox10:tonyfox3000
kescobar@monicaherrera.edu.sv:Anymore9
rodrigo.mendez@iesm.edu.pe:cAto$123
roberta.ott@lean-coders.at:41r380r$!
finance@elloragroupwll.com:@@ELL000ora##
6394@365hub.club:Sime@sime2%
mitja.krapsa@os-hajdina.si:1Krompir
pet0296@vsb.cz:Heslo123
ferrera@stoelzel-music.de:Marcuccio97
pro05@varaschin.it:carsam0713
b032010400@student.utem.edu.my:Slothdemon99
sahulatplus@gmail.com:asd@1077
alexcizeski@hotmail.com:Rosilene27
office365.one@coop.ch:Test4Cloud
aarteagal@sunat.gob.pe:Ppall2325
mmelo@270b.com:apcure1@
01007437620:Mmse_407991
a21201347@alumnos.uady.mx:Angelito1
19012199@student.ltuc.com:IZV9892
as1d20@pdm.ac.in:Kamleshdevi435@
1035970809@itagui.edu.co:Fernanfl00
e-sof.b@ucd.ma:Yassine2022
shahprithvi85@gmail.com:prithvi11
jmguadamuz@uned.cr:Jone_2012
beray.seray@metu.edu.tr:Beray382
jcardenasn1@est.ups.edu.ec:UEES.talD.96
wallik@tktk.ee:38705200371
agusiaa74@student.kul.edu.pl:OskarOlaf200
daniel@tgi.com.br:Bento770
mohammedhabbi:mnramnra0209
miguel.gudino@gruposayer.com:Miguelgudino2022
mk745948@schools.mk:Kamberovski123
gestores@rdfarma.com.br:U8tTSoVw13i6
zs73625599@edu.mon.bg:Zlati1102
as061221@tsmmechelen.net:TSm!3597
3630203745080@qaed.edu.pk:Mul302610
0132418360@thpthoangcau.edu.vn:Dminhhieu260804
445075218@cairo7.moe.edu.eg:Std#040506
e147005347@taalim.ma:Mlika1993
2509661@behera2.moe.edu.eg:Tt*1234567
2482752@student.edu.az:Deniz123
marco.vecchiati@vodafone.com:Roma2022
k100092268@taalim.ma:@@@@5000
rabab.el-bouhasni@altran.com:T1NLC4Ll#M!f?tM%5
019162066@unifacs.edu.br:06634337
0421042357@ce.buet.ac.bd:Gsc11281128
gabrielcastro@geb.inatel.br:ahte46AJRT
d190400161:Sailen@321
j.oska@szkolafilmowawlodzi.pl:Zwierzaki12!
v.ramcharan@borgprojecten.nl:Schaap12!
amirn@flashnetworks.com:f1@shadm1n
99_r2os_o3_u3@eprosveta.ac.rs:strahinja14022012.
cynthia.dohm@flwgcap.us:z.txCzYKip_S8Tr
aboubacr.toure.etu@esmt.sn:Ab04061954
beop8c@mail.missouri.edu:Treasure85@
sara.ibrahim@edu.campus02.at:Hase1234
mario.zepeda@uaconcagua.cl.:Mz441086
a2076@365cc.plus:Realmed@1
diego@cedav1.onmicrosoft.com:Dtsn2200@
fonomed:32227976
pramote.jam@ovecmail.org:=jame2514
deepthi@syntrio.org:Haq00620
469603514@giza1.moe.edu.eg:Std#021230
73793019@ucsm.edu.pe:moisesbenavidesrojas1996*
jzapata2118@nl.conalep.edu.mx:Jazi2019
andrewsimwizi@goodfellowzm.com:Demo1324
509728@vistacollege.nl:Ger110466!
xmoum016@studenti.czu.cz:JosephMyHero@191982
kaunghtetnaing@yomabank.com:KHN969007
s5418842@rb.moe.gov.sa:Dahmoon2011
shaymaa.2118429@t1.moe.edu.eg:egyptM@2118429
154355@std.eul.edu.tr:_Bandason24#
cory.goodwin@zoominfo.com:M!e2r3c4y5
ahmed.elsawy@med.svu.edu.eg:Elsawy01156200040
fouad.souiki1@lasalle42.fr:Yesrax07
lv457852@schools.mk:Lve24128
al-kananm5@hwbcymru.net:Hwyr0025
oscar.martin@iberant.es:Ronaldo@999
jumbarila@homecenter.co:Royce2022*
anilpande@class.ismt.edu.np:Mac012DELL
42110274.sama@acu.edu.eg:Bus73495
408923933@behera3.moe.edu.eg:Std#030825
d135049607@taalim.ma:LAHCEN@2002
c0487198@vale.com:Hellenzinha24
bekri2018@outlook.fr:cai0013
nk050480642@edu.mon.bg:iali2020
d133087101@taalim.ma:Xlxs6583
nguyenphong.8d@nbk.edu.vn:Tmps1234
andreednel@alumno.utesa.edu:0Do4Ff7B
mompelleport@momartre.com:VB0tt12018
172s5020@alumno.ujat.mx:172s5020@alumno.ujat.mx
34625440092:contador7
453312370@cairo4.moe.edu.eg:Std#080211
463263354@assiut1.moe.edu.eg:Std#080410
r132848797@taalim.ma:Stti10382
itsmeyasser17@gmail.com:AstucieuxDyalna2002
sheryl@showcaserealty.net:Cajo45111
msroyer1@fmi.com:Manggundi2822
202110307@philadelphia.edu.jo:188476416
513317@domyat1.moe.edu.eg:AsmaaKHM#
ma937701@wipro.com:Jhongabriel13.
gustas1737@gmail.com:Silvestras4826
avishs:Achuubaby31
29910211700489@com.usc.edu.eg:omarkom123
5228@alitqanamericanschool.com:Coc57987
80862:KWIXIUKZLZA
s135066061@taalim.ma:Swow8367
jrubio0621@tam.conalep.edu.mx:Gooldelr7
291900581@ecu.edu.eg:Afymat7102001
j138341894@taalim.ma:Zacmar2020
hastalavista:Birati7&
e146166459:Bxlq3826
bg@visconti-grundler.com:Mon53502
chauhanarvia@birlasoft.com:Aarav@1990
marciameneses@ipvc.pt:ePcBsHX6evwd
kelly.ospino@coremar.com:Rose150393*
raoulbuffels@outlook.com:RouliGames123
mu-mira@beniculturali.it:Miramare55
sc.roy.martinez.h@upds.net.bo:u.8924435
kawshar@chaity.com:Cg412012
7183021@formacao.iefp.pt:iEFP03022002
d138624692@taalim.ma:Aabd2520
u202210224@upc.edu.pe:Elpatopro1&
soumya.shukla@pacificabs.com:abcd@123456789
jfchavajay@correo.url.edu.gt:Joseph5521
1600204983@csusaflstudent.org:js11052007!
osman@bcposman.onmicrosoft.com:7278Quran@#$%^&
01144330963:Rt2468910
datapekerjaan@drivesaya.com:Yobel.1974
jiandradet@utn.edu.ec:jiAT199804T
ailtonfgoncalves@ufu.br:11721MEV014.
sierra.lacour@matrixcos.com:MAM!1523356MAM!
walid.elhariri@ensam.ac.ma:Itsmemario2002
m130018011@taalim.ma:Ediy10261
p137438909@taalim.ma:Mohamed123
juana.zhuco@educacion.gob.ec:Docente.2020*/
jaherrera@inea.gob.mx:OIC.2020
7472473@mec.edu.py:Aarongo473
sapna.paliwal@ril.com:sap@1234
dxy557@phamphuthuhcm.edu.vn:NguyenHan2511
stanich@ac.sce.ac.il:Stas21185
andreparente@alu.ufc.br:Camila@123
2014337533@ogr.cu.edu.tr:Kelebek1234
b171320013@must.edu.mn:f0sterwOw
kisokau.powaseu@paladin.com.pg:Chokani77
18ar43@students.muet.edu.pk:Baymax74845@
asanchez@farmaciasperuanas.pe:Marzo2022*
lucas.o.faria@unesp.br:Jojos2000
s1093496@studenti.univpm.it:Isimpson72!
nathanplays1240@outlook.com:Demonslayer
458316098@gharbeia3.moe.edu.eg:Std#070819
sanvarov@optimusprime.ai:25lFUPHo/)uc
mbowest@maspar.com:Irfan2262
luuxuubbux4:srqndhhj
noreply@leonardo.co.uk:Toga2512
wilse35@mail.sunysuffolk.edu:Nicholas5#
magsiv@hs.nordkapp.no:Laban716
1291671@learn.vsb.bc.ca:student
hiph.marinageryou@alexu.edu.eg:h-std@2310
dore.swamy@jwth2h.com:July@2018
444793585@alex2.moe.edu.eg:Std#040101
pub@flashcourier.com.br:Deusanto2021
p142010282@taalim.ma:Qatm4860
e132053526@taalim.ma:Naabila2915
result.mcvr@manipal.edu:mahe@789
fabrizio.gorni@issgreppi.it:Rosso123@
ecc0167@ecc.edu.pk:Pux20776
n00224047@upn.pe:94563-grimyU
vianey.alonso@alumno.buap.mx:vanyAlonso21M
sergesarve@lcj-editions.com:!Lcjeditions30
garcia.rene.c@gmail.com:Gee-Mail
mgalvan@ondacero.es:Invierno2020+5999
regzdiaz@free.stulive.com:Roshni00
tr22146@mi.com:Xiaomi@1234
121719@vechtdalcollege.nl:Brunohond1
jgamboa20976@ufide.ac.cr:$0p0rt3$
s5165358@estb.moe.gov.sa:Faisal$2009$
308778@monofeya3.moe.edu.eg:Emp#730718
vsalinas@gruposion.bo:Sion$123456789
larteyn@uni.coventry.ac.uk:Matthew77@
jntua31031@apsche-edu.org:Ilove772001&
558373@kernhigh.org:01md012020
p.rodriguezgarci@lausd.net:d1amonds
457495392@sharkia1.moe.edu.eg:Std#070815
anirudh.tumuluri@mavs.uta.edu:IamRock@123
it-glx@sogo.co.id:Indahtimur07
ahmed170157@feng.bu.edu.eg:01097171596aN
emmanuelle.botti@gmail.com:Leanej03*
vy.nguyen16@phulong.com:Alvis1992
21adewuyimustapha@asfc.ac.uk:Sasuke12345678
sithabilem@nect.org.za:MLvha359
wsamngamya:F6#Be54Lf
srinivaskalakota@novusgreen.in:Novus@123
u21209444@utp.edu.pe:Youasakuraloquendo17!
korbinian.falkner@msa-cloud.de:Korbi14.10.2007
cespinoza@defensoria.gov.co:19325374jose
445358911@behera1.moe.edu.eg:Std#040622
loklan@thmelectrical.com.au:Electrical100
khanh160100281@st.utc.edu.vn:02091998
eko.wicaksono@mpm-finance.com:"w0n9.m3n4w4n"
19300267:Pipeyo1106-
ramikhe@hofstedecollege.nl:09072007
kemuelmatthew@365.ugm.ac.id:Fcbayern9
admin@headland.net.au:#passw0rdAC
eyalaha@pte.org.il:April302007
dyma_666:KabilaAasa5
masoud.1186582@t2.moe.edu.eg:egyptM@e1186582
11154218@st.neu.edu.vn:K57@22101997
tobi170e@gskoler.dk:puq59jjt
auxsistemas@picorsa.com.mx:L1trosggp$2021
k24thinhpq@ntthnue.edu.vn:Thinh14112010t
magn4364@sitf.dk:ztk83kgd
chmilnitzkyf@seminolestate.edu:Cntj737023*
boseiyanda@yahoo.co.uk:gabriel_sarah
c1quesonsd@bacgiang.edu.vn:tang2018
ahmed.elden00@eng-st.cu.edu.eg:sosoasd01033121267@
amran.nor@tm.com.my:Cdn88888
457882954@sohag1.moe.edu.eg:Std#070324
472951842@giza6.moe.edu.eg:Std#040521
hashimie.yusof@s.unikl.edu.my:Mastermind89
219341@supinfo.com:eR18ddLm95bV2
perryd5@hwbcymru.net:Byth9503
klara.futejova@fm.uniba.sk:9656146742
james.baltz@njdge.org:DumbA$$2
2000015@eng.asu.edu.eg:6064Habiba
xbxt@msoffice365.site:p@n@g10t1$
26chitiyot@wavell.hants.sch.uk:Apple2016
es626885@schools.mk:Esh078309
ole.halle@frognskolen.no:Tomat548
it0337865@pasadenaisd.org:It0337865
2001864961@moej@edu.jo:Hind190278
16020089@lums.edu.pk:nodrugs123.
daniarango@ulasallista.edu.co:lunaperra3.
477815055@sharkia2.moe.edu.eg:Std#070131
chairman@aib.iq:AIBmcs$365
melnaga@talabat.com:Asko123inko321
1708109@toabs.onmicrosoft.com:Y0ungS#3ng
s1104093@studenti.univpm.it:5ez5Ke6323aZyj@
jfulgueirah01@educantabria.es:Quijano01$
kenji_sasaki@jpower.co.jp:den12351
s5202144@hb.moe.gov.sa:M@noo1979
s5479779@asrb.moe.gov.sa:Anfal203040
chocho_h@abv.bg:Yuf8@ZXFka3efBF
henr251h@aaks.dk:henrik12
hang.dao@corele-v.com:minhhang1503
w8o66@students.keele.ac.uk:Zachary2010*
174_40074@st.bcc1852.com:BCC1852!
201807778@unapec.edu.do:NEF2008#12nefs
dz7_style:Rickmemodz7
elhassan214@hotmail.com:ELhassan@1312001
aheymes@numerique-educatif.fr:Al88he91&*
karim.koanda@vipnet.bf:kari@7143
euridice.angel@seph.gob.mx:Perritoazul22
wehatethanegiors:kM.$p?bXjy'5Bmk
kevin@kevinderrick.co.za:K3vinD1234#
apadilla@hanaqgroup.com:Sarmiento447
jun174@my365.id:Amal216350
j139506262@taalim.ma:AyhLLEhiT3
433859097@shebron.edu.ps:Moe@43385
consultoria@igt.net.co:CIC-2020-JRA
yi.tejada@ccchp-isys.edu.pa:Faz31336
sivapgeo:Geology2019
201803282631@alunos.estacio.br:Shacababa123
jjnavarro@utleon.edu.mx:Navarro1975
120170504009@st.ahu.edu.jo:momo1999@
464306066@alex4.moe.edu.eg:Aa#1234567
ismail.boudaoud@taalim.ma:Boud@2021
omhashem.1709275@t2.moe.edu.eg:egyptM@e1709275
juniormd@unitec.edu:Conventio_2151
benny@ittrust.co.za:Otha@0505
cristina.tari.v@junjired.cl:Ctv2008
lindao2@utas.edu.au:young-plugin-soon-swap
e_2017200327l@uncp.edu.pe:Carrion2112
20bape8262@chs.bwcet.com:Tay-K247
26111371@hebron.edu.ps:999843949Dwaik
202110228@stu.uob.edu.bh:030810485
ifa.8193@ifa-ba.com.br:Dar30566
serji.younes@ofppt-edu.ma:Pass0000*
jma0202210@ju.edu.jo:1234Qwerasdfzxcv
raju.s@knowledgew.com:fountain@1
20191130601@student.asu.edu.bh:Fet54mkn2020
gendron-lepinea@edu.cspi.qc.ca:5050796
cgn@cecimag.onmicrosoft.com:Junio2022
wi09484755@idat.edu.pe:09484755B
tomas:tengler
nkengfack96@gmail.com:Sunshine22+
3029799173nh1@tmt.edu.vn:Phuongl3g123
samijaimes@hotmail.com:Courageous3
youssef.lazrak@onomohotel.com:massira@2021
hung.nguyen.44@fecredit.com.vn:Saigon#123
+84352082420:@Hoang0509
vupd.1343@c2hoangvanthu.edu.vn:Mk#250708
ehuamanttica@isise.edu.pe:saybor786900
edu20606@office.bz:rahmah+318249
aabedoyar@unal.edu.co:Carlosylasi11990
gabriela.arenas@dicofra.com.mx:Tm1qwG08
esquivel_mp@hotmail.com:Wolverine77
sergio.herreraol@uanl.edu.mx:JAKER00
asaraf@ucwf.net:ucwf1234$
455298987@cairo5.moe.edu.eg:Std#060224
jesus.delavega@molgas.es:Gallo0000
vuthuylinh-lqt47c1@dav.edu.vn:Linhpiano3103
451915343@giza6.moe.edu.eg:Std#080115
223183@umons.ac.be:Baringalifumba2000@
docepiag@cieautomotive.com:Cie123.
mehds.arbaoui3@gmail.com:Nvc-93170
petqk06@smg.bg:Poli6666
malek@malekmc.com.au:Vus36623
407063514@sharkia1.moe.edu.eg:Std#030703
f.strzelecki@sp53szczecin.pl:Grudzien2020
56982540734:1OAp13td1d
18charlkia@rhsstudents.co.uk:kiaran12
adsl6073@outlook.com:Gvc00001
contactojdmusic@gmail.com:p2$cHxe@fN7hM2x
703314@soas.ac.uk:03-Jul-92
47618@thedps.org:Aa081001
oenriquezg1800@alumno.ipn.mx:Oe185623
jr963@live.mdx.ac.uk:Bleach1234!
21phd00472@aiou.edu.pk:21phd00472@aiou.edu.pk
laszlo.lamers@fvsroesrath.net:5.erM1t100ter
21115051220271@sv.ute.udn.vn:fdh(9=>tD8UVpFS
aigatoc@cbzrc.pshs.edu.ph:@Princess1015
moreira.jmf@ium.pt:balinara2015
vcrivera@episd.org:AMERICa01rr48
t280011801275@moe.edu.kw:1234567890n
ahmed.hamdani@univ-tlemcen.dz:Lor73413
cxc11@dma1999.onmicrosoft.com:SOUVIKmaity123
chris@cobalt.aero:June2100..
amr.1703401@t1.moe.edu.eg:Mrwan20#
procurement@opusit.com.sg:0pu5@123
matteo.libralesso@lauto.it:Hav73805
6013@tiffin.kingston.sch.uk:Rjkw080907!
lomuenalav@utn.edu.ec:Queen22.08@/
0522018573:Madina2407
om.ashish@cashe.co.in:.naraYan29@
gu-ben10@hotmail.com:g28s04s99
77422456@1drive.cc:maradona1975-
u201521377@upc.edu.pe:4jX!+Ri&EQicDZ5
abusunai@yam.ink:Marina5566
abinesh.r@skysecuretech.com:SugiRaja@05
s5219477@asrb.moe.gov.sa:Aa@147963
muhammadaligamer0@gmail.com:ZAli@2009.zps
aryan.r@hipla.io:Santosh@993462!@#
mesutakbulut:Mesut8951
d041510110@student.utem.edu.my:fahim97RBK
gcalero@ancla.edu.ec:19691970GIc
00006858008@aakashicampus.com:An@080306
ali@dknaja.onmicrosoft.com:Dukunajaya11
fournier.v@cs-soreltracy.qc.ca:Jesalut12
arlene.v.jimenez@nexperia.com:Emil1234
pataphat.thuesat@lixil.com:Sunisa@123
lucastro@ipvc.pt:Luismargarida69#
matema@zsdubina.cz:Pocitac09
cs20200502@iit.ac.lk:3RQsf#Wj
juanwwmh@gmail.com:twicepro13
d138588268@taalim.ma:hhhhhhhhh@1
avera673@puce.edu.ec:71235434
70363395199@senacgoon.com.br:(Emy123)13
tit2153006@adachi-gr.education:Tit2021!
wyopasa@educacionbogota.edu.co:Koguryo2003
gy99667169@edu.mon.bg:Nikolina84
motykapetr2004@gmail.com:Kozel2988
talhassro0001@mymail.lausd.net:tonyhale2008
stasevanhaeren1@gmail.com:apples10
s10162402@connect.np.edu.sg:FanChoii99
jaffuely@clgmoustier.net:FifaetlOm13/
iavne:iavne@#2018
2050441200229@sv.ute.udn.vn:181202Cquy
anil.pande@cellcom.net.np:Mac012DELL
gottfried.raab@man.eu:Pascalx1!
contact@midf.fr:Rud51944
kunlevine:VLUd162350
jreboll4@bancoestado.cl:Antonia4864
bombeirosce@anhembi.br:Mooca2019
simonemartinetti8@gmail.com:simone2007
mmoore2@compton.edu:mikey_was17
fatma.1564585@t2.moe.edu.eg:H12345678
thanushkarmrk:thanumrk1238
mszczur@spbrzostek.pl:Wom987663
m133412027@taalim.ma:Vxag8490
grhcre05@rioeduca.net:grhnovo19
af@nmicrosofq.onmicrosoft.com:Shakti23
z4028@office365svip.tw:Laoji0108
460652284@giza5.moe.edu.eg:Rawan$@200
vcifuentes@novaresteam.com:Aaronizan12
karima.elamrani1@taalim.ma:aze123--
1201977@senati.pe:Slayers71214089
32982@unbidiomas.unb.br:Zlmt1617@
s3589142@estb.moe.gov.sa:SA@1188*shm
amerigled.lopez@psm.edu.ve:angeluce123.
mg44247568@edu.mon.bg:Michael2008EStanev
n00242245@upn.pe:enka100175SEBASTIAN
sarocha.chan@m.swu.ac.th:bua0925619322
saymo@castro11.onmicrosoft.com:Simoouf1312@
janasf@hwbcymru.net:LoLisgr8
cassio.delfino@rfsworld.com:3rfsbrasil#
mo992719@ohio.edu:Mamorukishi1
maximoatd140807@gmail.com:Ma4877685
massimo.antonini@ghedautovi.it:Max200560@
dcantonjos@c3connect.com:jefpro1
tenis:o1lxiy7e06tb
458575352@minia1.moe.edu.eg:asd90asd80asd70
zngar16@gmail.com:1539915312
ctorres1802@alumno.ipn.mx:Tine0503
rn600116@tcsidxb.ae:Wum24575
2498987@washoeschools.org:fortnite100
x202109182@cibertec.edu.pe:counterstrike123
ms709026@mvip365.com:Zok34026
pinco101@hotmail.com:Marcorossi35
kimnt94@stu.tdt.edu.vn:Blues1994
nada@fifthdimension.ae:TFD@2000
darna.maslov@hotmail.com:morska2002
1273382@senati.pe:Virtual21
atorres@metro.cl:Soporte*2020
chaiyawat@buzzebees.com:Tester8040
smith.tho@live.ku.th:$Miththong15
cristian.appel@wwts.com:Onroadagain1
firat@opalsteel.com:Asdf1324
nsc5001418@est.univalle.edu:C@ns110913
ibr.tarek.201802744@o6u.edu.eg:Toshiba@@12
22-0774@student.gutech.edu.om:MS@2B9F1F2
soubhy.277050@t2.moe.edu.eg:egyptM@e277050
auxiliararchivo:M4rcel4_2022
ksuwara@spoi1.onmicrosoft.com:Juh36040
6309769716:I@MtHe0nLy0nE
28aklee@wausauschools.org:MrMinnMan123
micmacmall@wowmobile.ca:Maczilla2
rokas.chusainov@gedminai.eu:Xog22399
islam.edelbiev@oatly.com:630217aYNA!
admf_ois@fundacaorenova.org:Sa@m1o6w0l3
20211301004@ogr.msgsu.edu.tr:Ylz280303.
1376259@dakahliya4.moe.edu.eg:Emp#611111
388088420@stu.iu.edu.sa:ABd@1421
m130090930@taalim.ma:Marwa2005
9@hopisep.onmicrosoft.com:Luis+1974
ks935614@schools.mk:Onn86101
gustavo.paulino@dana.com:Gu@26feras
tc146332@dcsms.org:Jaguars091706
bouhsainekafil@gmail.com:0cFz5xqvtbC9
nmyers@washlaundry.com:WASHmy8shirts
422304998@tulkarm.edu.ps:Moe@42230
b53412@schooleast.gov.sa:Jesh3464
u2345@zs2lubin.pl:Szyszy808
jakub.swirczewski@sp352.edu.pl:Kuba1509
stum20903636@ese.gov.ae:jN8HR2UoGau8
rudra565@bmlgreenmedows.com:Child@20
tom.doser@schimper.schule:21112020Jennifer.
imahsoub@zfp.com:1281993Ayisha
benjammi@mail.uc.edu:London10!
e008377@esoft.academy:ThadSa@5
hz16g22@soton.ac.uk:Ballista1080_69
cmneta@gmail.com:CT16umzk/()
hugo.valladares@oj.gob.sv:M@nd@rr1@
al.9a35@namtrung.edu.vn:123456a@
bi@facgure.com:C5U&U/)RhG
s4072166@asrb.moe.gov.sa:QazQaz@7410
t265113000553@moe.edu.kw:Aa99614064
mark.bryant@egton.net:Mark0987
stuf792209@ese.gov.ae:Ese@792209
fa17-bse-025@cuilahore.edu.pk:asd@02533
gynitaipu.dir@unigoias.com.br:UNIgna20
extra@onedrive5tb.com:zf3r.com
erick_munoz@hacienda.gob.mx:Abril2022
s7329234@mkhg.moe.gov.sa:Faz11faz
ar102414@fhss.sjp.ac.lk:Pass@5364As
vckytroilo@gmail.com:Gabriela.857
200101@csps.edu.ph:Jmkarldy8
sandernordbakk:Bergstad2
a20203834@idat.edu.pe:Adidas33
afif.hasan@northsouth.edu:898761614
213018193@epraghna.com:Harshun$123
shmicssa2004004@pgc.edu.pk:H@reem54321
anthony.henshaw@argos.co.uk:Welcome69
jules.arnaud@stfelixlasalle.fr:Jyma0811
kevin.ross@estudiantes.iacc.cl:K89907rmm
huongbt4@apaxleaders.edu.vn:Huong@98
l.archer2@hfed.net:Kisaki999!
fmfp16:FUck1237
juergenhanftaler@outlook.com:ACPc0nfig!
znf265@mocs.utc.edu:A3v@UtCusa
president@craiova.esn.ro:Oparola9
l17211373@tijuana.tecnm.mx:Mub23090
t289080201346@moe.edu.kw:Mm0108798807
patryk.smaga@zst.radom.pl:Violetta2
chauhan:Selenagomez@2000
pbi09@sibgt.onmicrosoft.com:Clave22-00
guido.perlini@eui.eu:Fiorentina7
kth2211@k12.uc-bcf.edu.ph:Myunicornbaby23
458216996@alex4.moe.edu.eg:Std#070418
hagen.lettow@msh.email://66il77ha!!le
valovsky1:Jakubko123
shorty@sollidcabinetry.com:Cozymk77#
ghouse@cmrc.ae:Ilham786786
202002419521@alunos.estacio.br:@Power20
natsvlishvili.l@itstep.ge:Rockbottomm123
sashast@siltech.co.il:Doda7865
allys.filho@saeb.ba.gov.br:Binho@1985
o_almaghraby@yahoo.com:3247osa3247
john.zhang@alphacertlabs.com:Sy@106265#
pt74836480@idat.edu.pe:Evarocks4321
r.baddad1@student.aaup.edu:Vw$v4_pJuKKgjX4
info@pctechnology.es:maria1998
1921004087@sv.ufm.edu.vn:Congchuaanhthi091019
219183@kingsmead.org:im010408
2017uce1667@mnit.ac.in:brgyha56@M
ggezzzz:VmM63Ur7sQZXDwr
raed.abaza@sardngo.org:J54p6#wb
yunisa.r@opengovasia.com:Welcome2021!
dr383507@schools.mk:Makedonija%
f.monzani@studenti.unibg.it:universal_Monza03
20203305077@ogr.akdeniz.edu.tr:Allahbir1.
38100623@redingtongulf.com:Qwerty@1234
a2211350023@alumnos.uat.edu.mx:morado_37
lina.bang@student.uts.edu.au:Cod33l3ctr@
shardin10@student.umgc.edu:RaeCox0!
2193g9580@cdacuna.tecnm.mx:Fam.garpen123
grojas@loginarq.com:Gerj@440$!
450444527@ismailia1.moe.edu.eg:Std#050415
ayuan0749@langleyschools.ca:8KX1hIgJ
22024461@dut4life.ac.za:$$Dut010807
attila.kovacs@mdlz.com:Dzseni22
16819247@office.itb.ac.id:Nada1234
445099462@cairo7.moe.edu.eg:Std#030823
anish_1587@vvsicse.online:Vanita@20
emil.gieniec@sp9nowysacz.pl:cX=]=@4&>)7@aD@
mavanis08@icloud.com:wallahyt
d135809169@taalim.ma:Bzjdo7944
3420313089441@qaed.edu.pk:Guj345729
2000151005@fcstu.org:12252012
kilee@psgglobal.com:Angelic132!@
mohamedeben1@outlook.fr:MOHamed14@
5187546@formacao.iefp.pt:iEFP09041994
illeskas@cecytev.edu.mx:Grecia1984
zcoeret3a36@zealeducation.com:Shubham@193
karol.varas@educacion.gob.ec:Kpvg2861982@
s7755050@asrb.moe.gov.sa:AhMd@2468
yariel.muniz@upr.edu:yaRiel236
pgyparakis@rosenpc.com:@tennisne1
imandi5419@gsck.edu.lk:stu@07A1
215767@qaliobia3.moe.edu.eg:Emp#700122
sekitaagricola@realtecbi.com:Sorriso2508
1631-4@icefranco.edu.bo:liscaceres001
anojam@durdans.com:SGtcb488
heng.visal2017@rupp.edu.kh:Revenge0969
mgundogdu202@posta.pau.edu.tr:PK1MCF6?
458445447@monofeya3.moe.edu.eg:Std#070806
deividbb@hotmail.com:fofosi.13
admision.validacion@itq.edu.ec:Vat41679
a5249@aefelgueiras.pt:Cavalopreto*
mm17347228@edu.mon.bg:martin210621
orrihg@gmail.com:2263ORRhI2244
ahmad.osta.1@st.ul.edu.lb:8g!PmT9*
e137165776@taalim.ma:IHDAA2001*
458310440@sharkia3.moe.edu.eg:Std#070928
baris.guzel@metu.edu:Adm03gzl
clebson.quadros@uninove.edu.br:SCdelta59
5659533@mec.edu.py:Py220505
jlopez@plysa.onmicrosoft.com:Ply91039625
tiran@mske.co.il:Tuv@7654
lhjfscem2093073@pgc.edu.pk:hafP2093073
info@b2flex.com:Greentea2009
aljarem@ferris.edu:A123987a
201301848@ms.umss.edu:FCE-7871862
anthony-azmy@menese.org:Genesis123
camarai@etsu.edu:ZunaJEJC&c77R5T
shirish.pat6818@vagaro.com:Kalp@2020
faheem@softageindia.com:1Hatelove@1
75400@s.bartow.k12.ga.us:bcss-2021
pc@hotelexpress.pt:Cebola-221100
fmbastos@credin.pt:@M1k3.R0ck.
220201873@ostimteknik.edu.tr:Tof46025
rdominguez:rdominguez
kaustavkar08@gmail.com:harharMAHADEV24#
mitko.popov@fon.mk:Bogdanci1
2018134253@talento.tls.edu.pe:S@328545
400443466@qaliobia4.moe.edu.eg:a2392002
ecamargoola@uniminuto.edu.co:Elca3868
ademir@abascalconsultores.com:30ratonviP
tiago.silva.e@thalesdigital.io:tmsilva22!
folopezj@correo.url.edu.gt:003620Fj
bathkota@hotmail.comf:P#6wCBtidfea
wyona@bransystems.co.za:2022@zane
836292497@ecampus.ut.ac.id:Pokjar29
21ur0753_ms@psu.edu.ph:mina062420
bmlsup202253165:27897828
1701417f@student.tp.edu.sg:tB726034
11021168@utehy.edu.vn:Dat21112003
taha.87433@azhar.moe.edu.eg:egyptM@e87433
00711554@red.unid.mx:Fysb@7921
bouzaghar.iad@gsromandie.com:Rag18482
17kornelm@berridgeps.uk:Marek1ek0
josepdias@onedrive5tb.com:dpj240454
jparera@orfesa.net:Sofa7483
p139542406@taalim.ma:Eptg2732
rm15299@fiap.com.br:12332112
vinod.16@ichat.sp.edu.sg:liverpool199096
siddhartha.mittal@indegene.com:P@sm21ind
s3179@kingdomschools.edu.sa:Ff412412
arios@rt4.mx:Ruz31790
nguyentanminh24907@gmail.com:gan11mpro
janetakm97:upeu20162018
anmolkumar10959:ashu@anmol@123456789
msoffice15888@office365svip.tw:Pacifico38
matteo.cool@ugent.be:RestlessFire20
vamsi.k@kellogg.com:Home@2020
sam_dav15@yahoo.com:Onelove@1
rajarath_bm16332@stu.kln.ac.lk:menuka@3576
aleixo.caquarta@marinha.pt:mueletUnda801029
r132422818@taalim.ma:Grma1208
291224@cognizant.com:S@mmer212026
ks.kumar@abbott.com:*123Nov@2020
atanassovv031121@tbshs.org:cm231ej20091111
ericka.lopes@trf1.jus.br:Stella31
robertsc73@hwbcymru.net:Five5360
delosleo@bench.com:Drake777^%$
gilberto.barros@embraer.com.br:Embraer@213956
tnay@vpocloud.com:iprTN@7252525
gmorillo@grupobdl.cl:Ger.mori@9411
karim.saad@btech.com:QWEasd123
oscar.bertei@ntschools.net:welcome
s7755731@nb.moe.gov.sa:999MAFya
202002071877@alunos.estacio.br:B4!eke360HZ
122b28013@alumno.ujat.mx:799374139
egoldfuss@capdir.com:Welcome1$
emna.ouni@uclouvain.be:NewPoliceStory16
surmeet.gill@brp.com:Baljeet@1234
ozge.unye@std.medipol.edu.tr:Ozge.2071
leafranca@solarbr.com.br:@Leka@123
08mmoaa860428@inea.gob.mx:MOAA@860428
201614008@uns.edu.pe:916423578
gabrielt@ms118.info:Brostop*
tg21013@student.ump.edu.my:kiara1816_ara
ulri3964@herningsholm.net:xhc42cyf
jan.wiecek@kidscoderlab.edu.pl:KCLstart01
thomas.evrard@ynov.com:Azwttexe1
flewis@ictc.edu.tt:ICTCtemp1234
frqvtcsalina_cruz@vitro.com:Glumant2022
bs.bagsican361@lms.wmsu.edu.ph:APOLlangsakalam12
marikanicola@wp.pl:izunia20
ieqm5350@estudiantes.edu.ec:Esteban123
nagibatored@gmail.com:PikkenKorekt123
awozny2007@alumni.hult.edu:Qjsf2395
m4719@365vippc.com:Jelszo1980
20190149@colegioverbo.edu.gt:Vrb+A2066
mohammed69510@et.ae:Bb12345678
kpa-151101@plktkp.edu.hk:A151101!
kolla@ussilica.com:Silica14
haswwm:Has@1008
k-022236032@khawarizmi.com:RG-022236032
olivianus@sabahenergycorp.com:Olieycsg*5681
162814023@ogr.cbu.edu.tr:51217338998
t20221e908@upc.edu.pe:J0sephestrell@10
tj.jorge.teran.r@upds.net.bo:v.7118118
miguel.pitre.2020@upb.edu.co:Caridad13
pe2427@mi.com:Xiaomi@123
r100088181@taalim.ma:Akrachkarim123
peter.hughes@eaudeparis.fr:leedsUnited.56
p139016760@taalim.ma:YoSe2006
oulai:Oula2122
0000712@colegiosabiracema.com:discente_2021
ningresos@sertecpet.net:Ecuador!2021
trankhaivsyasuo@gmail.com:28052003.k
202221635@tesco.edu.mx:2/004_Mf/19
mas@dnpvisiosign.com:Nbe62Bay12
erezf@codevalue.net:Xhxnv20!8
8200086@estg.ipp.pt:69zfHbeXZP
27150400215:Vala71#2008
ojuareza1800@alumno.ipn.mx:1pN0307HM18
1365602@senati.pe:DG120604w
andrewehab@almurooj.info:andrewehab@almurooj.info
dikshant@estatedekho.com:Team@ed980
assane.ba@agc-sngb.org:Agc2022$!
skarlett.are1028@valverde.edu:2000128866
raiane.oaraujo@a.ucb.br:Maitebb2020!
20191513@365.hoseo.edu:ttina0822@
jwatson146342@me.bergen.edu:Khalil1204!
410942603@sohag4.moe.edu.eg:Std#021224
16201910017@alexu.edu.eg:Aa@30012090201231
karolasever@rakgym.edu.ee:Lumememm.32
kennady:atom21071999
s1137915@s.eduhk.hk:Zsy90176250
admin@aurahomes.co.uk:AuraTemp01!!
lineartcnc@yahoo.com:AS@0100@77Ah
lberdugo10@cuc.edu.co:5irta42
eduardo.moura@hcl.com:senha@31
mayvills@uwindsor.ca:!h4#i?6Nhr9urs3
abm18054@iiml.ac.in:siddhu@133
u19209010@utp.edu.pe:Gabrielb_27
xuanlong2k3qq@office365vn.io:Saovay123
borys.lisiecki@sp42.wroclaw.pl:Lenka2009
202003536652@aluno.estacio.br:102030Mi@
640142:Noseasapo123*
biancaelenarezende06@gmail.com:Wol27796
19-41373-3@student.aiub.edu:Amarammu2
tania.sotomayor@iess.gob.ec:Ecuador260415
s7138299@mkhg.moe.gov.sa:RoRo0567190
i201821433@cibertec.edu.pe:#RRee2018
264463@demeerwaarde.nl:Wulpenveen1
aoo044@bcps.org:Njniqsw4
hermanmilton@wfsd.k12.ny.us:WF105067!
permata@ashadevipolytechnic.in:Mynewworld123!
20199803@alexu.edu.eg:mst@0123mst
cantilofamily@gmail.com:00296529
5207053620@ogr.klu.edu.tr:99584051584
a_yusuf00@alexmed.edu.eg:AHMEDnader9118_
admin@itsdrios.onmicrosoft.com:$$2121$$riostecnm$$#
arsilva@fasf.edu.br:Leka@1978
01184926913@edu.udesc.br:Paramore123
mohamed.ezz@lseg.com:Welcome1
mi283709@schools.mk:Misko12345
lzambrano@purevervenezuela.com:aprilson10
maguilar:Vignola22+
rahmat.randy@waskita.co.id:123Meowmeow
20021594@vnu.edu.vn:nguyenanhtuan@31102
aya.saddikikarkori@sjpa.be:0608stju*
forrest.seitz@simplexitypd.com:Bus97006
s83688@brainline.com:*vRG5bZdb
stefany.zambrano@espoch.edu.ec:580Magui*.
quang191105042@lms.utc.edu.vn:quangteo2001
gibrangom@unadvirtual.edu.co:MexionMka02!
laura.miranda@udea.edu.co:faisons964512-
mouddiane.yasmine@ofppt-edu.ma:*0000ssaP
2461150270:Sophiebermo63
khaled3mr69@outlook.com:Sana25112002
adrian.sesma@educa.madrid.org:Cuervo1972
thais.dsilva10@senacsp.edu.br:Thais12345
ricardo.james02@mymona.uwi.edu:Clarks21
bebika.chauhan@iii.com:OlccWorldCat@9091
ralph.esteban@365connect.com:Mjworkshop01
s6319c10001@live.sau.ac.th:S@u6319c10001
447103917@qena1.moe.edu.eg:std#060501
freeway0917@hotmail.com:LaurentyNicolas21
walter.ramos@crown.bo:walCro2022
30111230201553:30111230201553
aubreyj1@southernct.edu:Jasmine1214
2007000645@ilbc.edu.mm:Simon12345
yahvehperez6@outlook.com:Akiraluna042205
zhenghang@buaa.edu.cn:Beijing2008
lr-2021-01502@ufhec.edu.do:alexa3030
2018913062@ogr.cu.edu.tr:D16D06k03
admfmc@francelmenezes.com:corporativoandre1#
ricardo.ayala@upsjb.edu.pe:J98K2EFE9Qg_DdL
jo.jaabouka@encgsettat.ac.ma:Cud1583023
3120218222@ued.udn.vn:NQT@2905
mario.ramos01@etec.sp.gov.br:Mn041102
s811587@riyadhnajed.com:Saud1212
mohamed.agwa@disouco.com:zaq_123
acasa@uts.edu.co:Andresc12345
19kmk5@queensu.ca:WB_t9k6iXTY&v?U
x22kutlak@nadrazni5.cz:Oqav0wex
ian.gongwer@nacs.k12.in.us:JIan2002!!
1207692@learn.vsb.bc.ca:student
202019298@keyaka.ul.ac.za:Martin0610@
ahmadhasnajj123@hotmail.com:@H2008mad
n.ryabchuk@tcomtech.com:N.ninala35
killer910903@windless.net:Xad57692
1810200057074:Pn1411ku
1377042@senati.pe:Cristhian123
e1315187524@live.uleam.edu.ec:teamoemelecCSE96
k130061405@taalim.ma:Luxc1677
rlira@minedu.gob.pe:L41353963**
922207@senati.pe:Senati01
486998300@alex4.moe.edu.eg:Std#0801260
bsaavedra@icpna-rg.edu.pe:Esthercita020906
57598027:12345678
alfaqeer@trustmgm.com:Doha@2022
c.vetterlein@uandresbello.edu:Jacques2020#
2372748@students.wits.ac.za:ICTPass2760
fercag:Vampirin#803
cpeuvrier@insup.org:MikaCeline2009
lg185940@schools.mk:Lgjorgjievska@078274155
s.shetty@maratnational.com:M@ratnt2020
joanne.pradoa@unife.pe:Maybe200403
2212402077@comunimex.edu.mx:Thewalkingdead16
patrick_azevedo@outlook.com:Barbie123@
lukman8@live.utm.my:Lukman08
1665005@students.wits.ac.za:083Neymar
2017650814@isiswa.uitm.edu.my:faReza67
trinh.nguyen@novus-fintech.com:Trinh041097
dungld1@investcorp.com.vn:Dungthao312@
2111617@iub.edu.bd:Zyxwvutsrqp54321
jkdejardin@unilab.com.ph:3242Thomas2243!
nejla.akin@bahcesehir.k12.tr:nhb1235!
190424990@students.uajy.ac.id:Adelwin_27
dario.aguero@usil.edu.py:Eze19932012
455024768@monofeya3.moe.edu.eg:Sma@2022-2
unicentro@unicentroma.edu.br:S3rv0@2633
styczyjl@udmercy.edu:mannys73
kovazso16@bjg.hu:Macskajaj01
j131307236@taalim.ma:Jtfk1524
s308011800522@moe.edu.kw:ns97535641
damari.king@cmsdk12.org:D17869dd
cadaveria_lb6@hotmail.com:sulinga
lisa@johnslandscape.com:Sonny0115!
assia.taifi@digiwiise.com:qArqS4e3KtZ673
robert:Redlorry45
13112109@salfeet.edu.ps:Sal@12345
aviran@a-t-h.co.il:Cb00c411
s4062272@jzg.moe.gov.sa:Hb569499
3301548420@hungyen.itrithuc.vn:Killerwt1243
e.marias@ufg.edu.sv:Yiyita02
1085080@est.intec.edu.do:Chedar232
vi767626@schools.mk:Vj11908.
ohlijo00@upol.cz:ZelenaZaba020508
p127233@mkhb.moe.gov.sa:A@bcd1442
hadeer153614@fsc.bu.edu.eg:29706061401007
fawadelahi7@gmail.com:fawadforever777
maximethesmar@gmail.com:Spartan31
jhon.becerra@uniminuto.edu.co:Jo6625382
juandavidzr@misena.edu.co:Judazaro2023..
d131358513@taalim.ma:Omaraze123
1398516@senati.pe:Bernaolaherrera7148
leite.adriene@ognibene.com:adriene11
447509356@behera3.moe.edu.eg:Std#030727
a19966@graovasco.net:Niniko1974
kurts@nhride.com:Starview11!
info@ninjabox.in:Micro0044
baidha.fatima.eleve@ehtp.ac.ma:Aichafati801
isenchr27@issaquah.wednet.edu:0891919
zafar944:zk113212
up934128:WinterArrow*8
oliviajessica@donbosco.sch.id:Man81818
203648y@mymail.nyp.edu.sg:Pinaccle2003
karolina.jandova@zslibis.cz:Jandova2008
scepma@zsrosi.onmicrosoft.com:Fotbal55
onurdikmen@ogr.iu.edu.tr:skyWalker2003
19kovaro@diak.afg-pecs.hu:.VE5pF4e7!3.FRb
459740460@gharbeia3.moe.edu.eg:Std#070109
mohamed.anas1@ooredoo.mv:M1a3abrahams
kjacomeh@est.ups.edu.ec:Amaneser242526
s3054795@jzg.moe.gov.sa:@Maryam1434
kgotsis@eyath.gr:Vfr@4830
s6200448@mb.moe.gov.sa:Q1q2e3e4t5t6
19-07665:TORALBA
sekhar.adari@globaldata.com:Califo@L0g!n$2020
carlos.leon.g@alum.udep.edu.pe:PGIUSCN5123of
150034296@aluno.unb.br:MUNS1115
faizan@sic-kwt.com:f@hm3d2216
20654@stpkat.ac.id:Grad140920
b.shenouda@boushahrigm.com:karas.myd2
z201300500@taalim.ma:Fete2764
458481042@monofeya2.moe.edu.eg:Std#070531
marta@readyexpress.eu:Ready.8534
jogilbau@poligran.edu.co:Amarillo12345+
danking@invenias.com:T0p0neN1ce0ne
agb943547@email.ccbcmd.edu:Caring7!
202005159@unapec.edu.do:Lizcamila@26
alshakm701@niagaracatholic.ca:Greenlaw123
baeniarfan@jubilee-jkt.sch.id:Afro182904
hafizulfika.hisham@mimos.my:123qweasdZXCVBNM
raju.singh@iqor.com:Welcome0910#
sb3360@mynsu.nova.edu:themeatyiuoO0
gpresta@alumnos.kennedy.edu.ar:Miprincipenegro10
support@arbela.store:@Arbela123
victor.reinoso@ucateci.edu.do:wCG454545
liliana.correia@flama.pt:LiLiana1987!
kchambers@valeonetworks.com:Havoc3782!
fathi.aymane@ofppt-edu.ma:Pus38020
20010093@udec.edu.mx:youzex.2003@@
e.abram@atp.sa:Artar@1234
zainhom.1117076@t3.moe.edu.eg:egyptM@e1117076
x202112393@cibertec.edu.pe:Fvvdu04x
9919024014@klu.ac.in:9xCFBVukF+SD+3B
frederico@lzadvogados.com.br:V3comercial2022
y.ahmad@mi.com:Yy753434
4b_19_u03@sp34.olsztyn.pl:Wum32360
01002484306:ss1234SS
aziz150803@mydischool.com:Caj17317
s131372381:Zoam4397
seander@live.dk:Nmnm0309
lrodrigu555@uniminuto.edu.co:1015471257
mahmoezde@by2142.schule-by.de:#Schule100
gersica.cruz@yduqs.com.br:Danger1104
enricocrisafulli@abacatania.it:Dragonball95
alfiesmithgame@gmail.com:Chrissmith08
melisa.serna@upsjb.edu.pe:0207Lucia
01280399343:Aa#10002000
dreineke@amfs.onmicrosoft.com:Tvtimes230!
dc06201910020@alexu.edu.eg:Aa@30202170201384
amrdiab@paymob.com:Ad0125659521!
nsoto0717@conalepmex.edu.mx:CDazteca_2018
s2711363@mkhb.moe.gov.sa:Yy2011Oo
ptnk-211427@ptnk-online.edu.vn:Nangkhieu10
lrodriguez@coinsa.com.gt:Deidara3
445233046@sharkia1.moe.edu.eg:Std#050110
mazlum.tektas@bsgg.org:Ilayda1234
e204202@metu.edu.tr:Sema1983
seacademy.sl@outlook.com:October2!1971
jozian.rodrigues@facape.br:#Bejo1209
hodyppxhpqguzvcf@gmail.com:MagicMan@123
renanfrmelo@gmail.com:Qwe123@@
t608420@estb.moe.gov.sa:adel-1383
matias.rivas@aerolineas.com.ar:Espera32318614
yael.valdes2@meduca.edu.pa:Yportugal30
e.olidana@ack.edu.kw:Kim@091699
zemariacruz:Mae030197maE
khotkarrn@bharatpetroleum.in:bP@52001188
andor1975@sulid.hu:ssFYV4wCDxsbn4v
rafael.krause@edu.ufes.br:Rafaelc.123
amran.nor@serikandi-eds.com:Brunei2020
yimedinap@libertadores.edu.co:Aa1103094945
73380498@continental.edu.pe:bjatch123
44393481810@edumail.com.br:isa23907
362033@ogr.ktu.edu.tr:031024bB
64398@siswa.unimas.my:saha1234
josh.baptist@edu.ozhw.nl:ZK9454cz
bablu.kumar@student.amity.edu:N@isha2001
kris.vodopivec07@gmail.com:@20042508kV
raditya14@smpn12jogja.sch.id:Rydp1234
brennan.olson@okstate.edu:NJI(9ijn
f.auzan.14@aberdeen.ac.uk:11ndonesiA
y18.jmott@tuxford-ac.org.uk:jaemott222
isurusandakelum50@gmail.com:cb007634
kejvi.doko@ikubinfo.al:'Hasenholf'2079
willian.camara@agv.com.br:wdc@2019
1284124@csdc.qc.ca:Flotem38
kmpicoa@utn.edu.ec:Soysuperdivi7
skmail@hayden-homes.com:UuRPQuAtG7nj
sfisher@mortonhealth.org:@B1rmingham
171_39134@st.bcc1852.com:Bcc18522020
kasmil@edu.cspi.qc.ca:1878248
14811200021@ogrenci.odu.edu.tr:Ou28810025624@
62020614@sfcollege.edu:Dhafer@87
vinicius.kawahara@unioeste.br:Cachorro123
frank.thomas@voxtelecom.co.za:K@rli123
joanbonetmartin@gmail.com.com:tenis293
raboy@ahs.com:Reab8103197
ibrahim.2376632@t2.moe.edu.eg:Newlife@30
safdar.rasool@mail.dabur:Delta1988
jairo.valdes1@utp.ac.pa:J6a7acd1a!14f*
brahima.diabate20@inphb.ci:DBte1999
jbryson@nrcaknights.com:Z8cXU14z0
23032@esalv.edu.pt:COXOs1234
6354030028@st.utc2.edu.vn:6pJ@Q_mLzFzc7zE
gbuna@servingintel.com:GerardNBuna2010
1265244@sga.pucminas.br:25022002
mirianmoia@unirp.com.br:Jvitortoi2
rafael.cnascimento@sp.senac.br:gorilao3
gnrgy@spirii.onmicrosoft.com:vf"QsRM-82`kVUwR
706288@charterk12.net:Jlpg7862820993
maxitorrinky@gmail.com:Maxito2005
jose.santos@pm.ba.gov.br:St20jc21
s6403011521153@kmutnb.ac.th:nice123123
sy43099@student.vit.edu.au:$MelAu85224
26007354@pttgcgroup.com:REDArmy@2220
7116504u@zs21.edu.pl:VanPersie33
ht01@pccw.pw:200110zhao.
s5635763@rg.moe.gov.sa:h87654321H
sssul2@schools.vic.edu.au:Lark.4927
karendballesteros@gmail.com:Angie123
458290353@gharbeia3.moe.edu.eg:Std#070510
b.alhweitat@unrwa-edu.org:iw8?VLUaqmA2+/8
freitas@fiemg.com.br:Britanico29
a42054@aehn.net:JoaofsB2007
kalyani.more-coanm@bvp.edu.in:#Bvcoa2021
asmuliardi@eng.unand.ac.id:Mardhotillah01
2022172307@talento.tls.edu.pe:Ap@460625
p4683@fidelitybank.ng:Blessedland1*
mipalma3:Cipol.123
foundation@stu.bibfbh.com:Doro9518
divasmandal21@gbpec.ac.in:Arjun@123
b011410177@student.utem.edu.my:Sol12345
danijel.djukic2@skolers.org:Danijel12345!
sa686101044@edu.mon.bg:volov2020@
admin@shunyata-villa.net:Abc@123#1A
accounts@mittaltechnopack.com:MTPL#acc#
445789738@giza1.moe.edu.eg:yow246yow
31170@anulavidyalaya.org:Damsini@19
454487139@assiut2.moe.edu.eg:Std#050813
18070001036@stu.yasar.edu.tr:15191422814
davis.garcia3@meduca.edu.pa:BlackLivesM0tter
valtrash_so:26Ju07Nei58#
orizaba.book@codere.com:COdere2020
j144034814@taalim.ma:NesygGKP0
mdavila@siscotec.com:S4les018=
j.adels@atlascollege.nl:Welkom2019
krivaso001:jonathanmatias20DRO
kumarrajesh01@kecrpg.com:Mydearchildisvishalya2!@
jere8788@hotmail.com:Nathan@2016
202009302@stu.uob.edu.bh:030101417
jayakrishnan.p@ansrsource.com:Lala@2020
zamoraparedesallison@gmail.com:al70167650
107180306@sv.dut.edu.vn:a3159BK$
454341646@ismailia1.moe.edu.eg:Std#060223
457418682:Std#123456
457551059@monofeya3.moe.edu.eg:Std#070815
s119862608330@rg.moe.gov.sa:39P@s35sW0r4443
fel.zunigal@duocuc.cl:felipe12
468303888@sharkia4.moe.edu.eg:Std#030804
hlflorez84@misena.edu.co:Marianna1206
3630295797573@qaed.edu.pk:Mul306270
pat_iannitti@partech.com:efbV2653pp
rking192@my.stlcc.edu:)h^CKsPYV&@1
wester_loppy:Briyoyo0024
naing.waiyan@ananda.com.mm:Nwy@281996
ac0012@iu.edu.jo:Puj52072
nikki@irritechsa.co.za:4cEA796D
robert.lincoln@iu-study.org:Rj80134679!@!
bhpfscq1900253@pgc.edu.pk:1900253
jg@hawk-s.com:Tkdboy01
22002708@sch.moe.edu.eg:Std#040320
anaymaminaya@gmail.com:Ana-Fer-2019
j.moliner@ingdmol.es:JaiseMoliner86
oliver.skytte@hotmail.dk:Stgym77591
contabilidad@sscolombia.co:Bogota2022
nicoly.peralta@usil.pe:Miaulala16
407983597@sharkia2.moe.edu.eg:Std#030101
a5599@365office.group:Hepoltiosea1234
214658@bisdus.onmicrosoft.com:Maedom16!
n138174334@taalim.ma:Rqdl5703
rajeshg@nttf.co.in:*Manoraja94
sb00571505@techmahindra.com:feb@20202
srg.hrd@jne.co.id:hrdsrg0116
461212902@behera1.moe.edu.eg:Std#041101
warlys@ccnpfb.edu.do:yadiel8050
ianjayson.dungo@iqor.com:Iadu8167498
nagysanyii@sulid.hu:Hablaka123
cristal.diaz@meduca.edu.pa:CD.7305@pan
a570106895@my.uvm.edu.mx:K1f48wVT
rbiskupo4111@hwdsb.on.ca:Quarters#212
mcamposanggelof@uss.edu.pe:nanatzu22
moy.qalyubia@tawarwghayar.com:BbBb123@@
ssuarez@nec.cl:Hormazabal1
17917@eleve.lycee-jeanzay.fr:Bernod.12
chetzel17@sthubert.org:Cal4695dogs
f.girardi@vetrya.com:Agic222*
jerzy.lesniak@teb.edu.pl:Jurek123pl
47118@officeent.top:Tus@Leaf
carlos.paez@epson.com.co:Server1
462223646@qaliobia1.moe.edu.eg:12345#Emad
445616546@assiut1.moe.edu.eg:Emadsasa1312#@
priyank.arya@s.amity.edu:M@8CC419@1
my3406@365info.site:Gammon01
yazab@dohacollege.com.qa:Yassin012086
andre-wushu@outlook.com:b@272012Pr
17070632@imail.sunway.edu.my:Saladisgood99
thais.braun@pucpr.edu.br:#TASSIAHT081293
mr325377@dcsms.org:Jaguars5324
czinegebalazs@sulid.hu:Bazsi2005
angie.aguilar@alum.udep.edu.pe:Pass$$$765
daniel-galvis@javeriana.edu.co:Daniel12
2723201@sharkia3.moe.edu.eg:ycuaqgdf
18b0490189@cobatab.edu.mx:Danieliva23
fhdfhd999321@gmail.com:Std#060422
stan.mario@scoalacoresi.ro:nats@1Eparo
2062446@cegepmontpetit.ca:rainbowsixsiege312.
putzchr@brghallein.salzburg.at:Stupsi10
namnlk@students.apu.edu.vn:Khanhnam1102
guido@guidodea.onmicrosoft.com:Feli3cidad
bassey2@4c713b.onmicrosoft.com:Edidiong@2_bass
mocare65@sman2-lmj.sch.id:Zob98584
fsbfscmm2196704@pgc.edu.pk:P2196704DSnk
soulaimane_ijerdoun@um5.ac.ma:CFB8SVWH
bernardf@ctucareer.co.za:ctu@2022
lettyjanneth.1970@gmail.com:JohnAlmeida2
151893@csgselion.nl:Morris20059!
dsray@gtcc.edu:62xXwgv!
a21-31477@student.mseuf.edu.ph:LeahWatiwat27
gleon@fmsd.org.co:Fmsd2017
mmolinari@beverlyhills.org:Carlaridge$rd9
peter1121@hotmail.com:Nd!!go]Yc7ln
deni.125170342@stu.untar.ac.id:Punyakita11
varaujol@est.ups.edu.ec:Pamela84
mahmoud:01013066197
mgtevez@teco.com.ar:Octu2020
izuumax@gmail.com:Her48nan
vanessa.villela@ebserh.gov.br:T@g26047
brage.hoem@molde.skolene.no:OgMinecraftPro886
rbravoc@clinicauandes.cl:Benjita2031
9712024279@moej.edu.jo:Moe@1661971
talento@darwoft.com:Mejor2023+
2107483-o@caddcore.net:Ri760333
accountingmzo@mexshipping.com:Mar.MEX.2020-
506742@vistacollege.nl:Brian2004
phong.nt@taquangbuu-bk.edu.vn:Haidang2011
davsanconsulting@gmail.com:Anathema@1
nortigosa@usa.edu.ph:Nelandrei06
epittacio@gmail.com:Vjl@082615
ul20114012@avponline.com.br:Lben#0443-16.96?Dben
bhavya.patel@campus.mccd.edu:xhG5h!95MkejmM2
ra20030@edu.lu.lv:vilkacis20
1513148@senati.pe:MiloJose2212
lokolokoemma123@gmail.com:face1234A
hhaung4@kmd.edu.mm:01227526hhA
u20222705@utp.edu.pe:V@le3023
452789185@behera3.moe.edu.eg:Std#061001
erik.turcak@kai.fhi.sk:Erturc11
fr01acs@euroentent.net:chenille
samuel.razzano@francetv.fr:Scrabble.Beatbox.933
202202984035@alunos.estacio.br:Yato@17012003
454830014@monofeya2.moe.edu.eg:Std#060308
sajiphis@lsbu.ac.uk:binyphilip22
201802451@office.hanseo.ac.kr:lmh55330!
58204661@live.up.ac.th:0854477005
452501977@cairo7.moe.edu.eg:Ahmed_1234
harsh140@hopetown.co.in:SPDF@123
pawamaba@gmail.com:wCt#is7vUC/~2/Y
borys.rdzanek@psp27.radom.pl:Gienek2021
463554200@qaliobia1.moe.edu.eg:12345#Emad
1046650@sga.pucminas.br:caique123
ajay@brandhawkers.in:Abbc@1223
l17021588@veracruz.tecnm.mx:JorGePe123
bandemt16.pm@coep.ac.in:Happy@mayur1
nolutha01257194:NOLUTHANDO
grwfscmm2017108@pgc.edu.pk:grw.fsc.12
ramadhanhilmir2003@gmail.com:19UNJ21088
gabrield@zscapkova.cz:Dangab222
168_36359@st.bcc1852.com:Mypromptthe1
admin@ccs.com.pg:C@mer0npng21
nawaporn.ar@live.ku.th:Pare2457.
ra15359775@ead.cesumar.br:b65b65c5#
rodrigo.bueno@processor.com.br:bernardo07*
silvalcsmendes92@gmail.com:12062020
redemconst@gmail.com:winny1234pou$
20b1290025@cobatab.edu.mx:Jenny1516
anouar.benahmed@emsi-edu.ma:Smo3lihben@
dojfus@buyusdomain.com:christB@25
a17953@aveordemsantiago.pt:JM7b2021*
kiet_nguyen6210@jabil.com:Welcome-2020
debabrat.dan@indiraiimp.edu.in:Dev_dan1996
vidul-26654@dssc7.edu.lk:DFIxb05Qg05
18b1num0394@stud.num.edu.mn:Baba0015
kmalkrad181@den.just.edu.jo:KUTab2001
110153105@vdi.fgu.edu.tw:aa920419
kathia.santana@seduc.go.gov.br:K@thia616
s003573@vnmu.edu.ua:Onyeka400
yolivares@itsa.edu.co:Sophia0524
msalama@teletech.com.eg:3942171babyoU?
a620078348@my.uvm.edu.mx:Al10031999
michelle.smith5@my.jcu.edu.au:66Bluesky
yarzar.phyo@kbzms.com:Weide@12345
aarab.mehdi1@ofppt-edu.ma:@ikhan2022
1810811781230@live4.utcc.ac.th:Id1540300119091
predrag.djorem@skolers.org:Kiki2007@321
carine.sazah@axxend.cm:P@ssw0rd
chit.koko@thecapitalretail.com:chitkoko2019
ajantha.chandana@softlogic.lk:dell@1230
student37@umsmalda.ac.in:Xadu9552
tiago_neves8@sapo.pt:Machoman8
arturo.lucero@altozano.com.mx:Kliomer12
emergencias2@suizaalerta.com:Ruj03052
pricean7@msu.edu:Asdasd23_
jl0v22169@techmahindra.com:chiela@25
yhenriquez@sica.int:Sgsica2020
a.badwi1211@education.qa:trzxy_1211
433855087@hebron.edu.ps:Moe@43385
8.a.krepelka.petr@zsbakovnj.cz:)>q5]qisj4U%#NQ
xxadrim16xx:adrianelputoamo2020
armand.tanoh@epc-groupe.com:Taki?20@21
35831@wt.ac.th:123456@wt
d130786913@taalim.ma:Lwnp1507
admin@munificent-indonesia.com:B1sm1ll4h
d_miranda1@unisimon.edu.co:Danielmiranda12
19a91a0590@aec.edu.in:Aditya@4321
jespitia@cisco.com:Domino2018*
fcul@uczen.trojka.klodzko.pl:3lW15J>}{X
mohamed170501@fapa.bu.edu.eg:mo.mo.326
csilvago@unal.edu.co:Cata0308
451777756@sharkia1.moe.edu.eg:Std#051210
s7414877@estg.moe.gov.sa:Aa113355
46748385@mylife.unisa.ac.za:yd1985dingoko
amoya@ieaservices.com:325111Kgab@
ilayda.bol@st.uskudar.edu.tr:Ilayda2002
x.world.gt.oficial@outlook.com:Lacolina2020.
407711281@qaliobia2.moe.edu.eg:Std#041108
19kiqbal@pwa.e-act.org.uk:Parkwoody8
chantoul@hotmail.com:Charl0tte
11045347@cc.peralta.edu:Pirinice@5258
365office1250@office2016.pw:12Microsoft90
1667621@fcps.edu:Igor2005
m52112@we365vip.com:Pioneer132132132
ashrafadel@med.asu.edu.eg:Aces24680
testxor6@hrxor.com:XorLiber42
manvithreddy409@gmail.com:sunny040652@$%
12217058@office.itb.ac.id:250329Apaya
chetnaherbalife1986@gmail.com:chetna@1986
49093@taweethapisek.ac.th:Na16052549
abdelali.mardi@taalim.ma:AREFCASA@19@
r130370275@taalim.ma:Nour1234
alu17_187@365.cesf.es:Justliving1@
2003523@mackenzie.br:FEL$2508
126179@alex4.moe.edu.eg:hoda012012
70024062138@senacgoon.com.br:Senac1234@
120200511089@st.ahu.edu.jo:AHU@1089
mromman@igtinam.com:Mo21997$
jmchone135@go.tahomasd.us:9306115
pamelu1094@gmail.com:PaMe1094
amer135@meta.stulive.com:amer743400
520110803@uepca.edu.mx:Fuva37570
sawickg001:12345678
rida.azmi@um6p.ma:Settat2019
hr@syscoit.com:2f3xr9$+1u
carlos.pacheco@aegp.edu.pt:Bolinhas949
lblancasm1700@alumno.ipn.mx:12345678javiMartinez
doanyyt20250@student.tuhsd.org:181250dT!
arisudarmadji@smkn5smg.sch.id:Ari165165
s5955919@jzg.moe.gov.sa:Mnemesis1
cfreeman2956@mymail.trcc.edu:Dkj1469324!@$
info@dd-meeting.com:Bietze1983
daniel.naus@sps-tachov.cz:24052005dd
20bsp7112@cuchd.in:Bholenath700_@
lulzimpuka@vigangroup.com:password@a0l$pluli
sontran1@nashtechglobal.com:0988174960
pepalika@centralpattana.co.th:Pure0829877842
lucas.paula@soucoc.com.br:Coc2020+-2030
ofelia.pinos@educacion.gob.ec:0302164850
walid_tawfik@cu.edu.eg:Wert@1969
laura.llamuca@espoch.edu.ec:guevara.2002
kaungsan@free.stulive.com:Khant201117mdy
andres.uriber@uam.edu.co:94012508942mongolico
mohamed.1449950@t1.moe.edu.eg:Medo73@jam5vd
h.altelawy@gju.edu.jo:Hala3me@hussein
adavis@ecp.edu.pa:Dov50971
rehansaifi:Re#an1234
amajeed@ieng-group.com:Saharjee786
kvalle@ulacit.ac.cr:Ulacit124
v.lapuerta@grupoub.com:Rzaragoza32
2895896@sharkia3.moe.edu.eg:Emp#820531
igonzalez@aeroman.com.sv:Aeroman2112
a1001@tuxtla.tecnm.mx:13AneSHAKA
a18101716@idat.edu.pe:76355880T
ezzat.2946622@t22.moe.edu.eg:Ez123456789
tranquanghuyy@unicorn365.net:Kingsman0029
76494496@lasallelima.edu.pe:Samalu08
py00003560:Prose*1973
gardenia.verdugar@ug.edu.ec:G0985173660p
bd@wtci.org:!Wtci!Wtci232
thuyvonctpk:S@RMwwDsy82TY.y
david.borjac@ug.edu.ec:David2018
acnasr_bm1@arabcont.com:Ahmeds@ead1
20jsgp-agupta@jgu.edu.in:Ar1na2v3
punit_bansal@hcl.com:Duck@Duck@Go
amine.smih@cadets.gc.ca:Password001!
smamdooh@gmu.edu:Olymoic2020isgood
l1f18bbam0590@ucp.edu.pk:ucp@1234
rutuja12345:Rutuja@123
p134763@mb.moe.gov.sa:Fahd5838
vishay.t-int@loumus.com:Vishu6589#
h.eldaoor@makhotels.com:Pass@1404
adnan.3187521@talmeez.pk:asd@8799
330178@student.mboutrecht.nl:Mama06872213655
pedro.ferreira@dancake.pt:Lopes002
lgroves@blenheim.surrey.sch.uk:Twigs101
xg0308676@pasadenaisd.org:OK1234?
6567350@mec.edu.py:Py0537656
maria.doria@dasa.com.br:novodia2017*5
jayvasan09@gmail.com:64Ir5M35
ljyepezf@unadvirtual.edu.co:Angieperez12.
9851044219@moej.edu.jo:Moe@2019
marcos_bond@hotmail.com:SPARTAN251091
3025@keysexpress.net:A5$N@26&
2019555029@ogr.cu.edu.tr:2462Ff.&
shahzadahmad@educarepk.com:Rb68$Pvu786
anyrivas2023@gmail.com:Beauty12345.
rodrigo.prat@mindep.cl:Entelpcs696
davi3789@niels.brock.dk:anx43pka
jdoucet@hlsbegin.com:JDoucet2020!
ict02@dohro5.onmicrosoft.com:S@ludB1k0ln0n
192eydis@hringsja.is:Abcd1234
15515@sandsacademy.edu.jo:Nux37096
a11997@aecastelomaia.pt:LARA09pepe
p.oyarcel@duocuc.cl:L200419P.
45848337@continental.edu.pe:clandestino10
dmerino@tuya.com.co:Configura1212*
jezielsuarez@gmail.com:32500972mc
dominicvitulano@hotmail.com:Samika99
0148668642@c3dongda.edu.vn:7W26VgQn.C8GG#L
20181822@std.neu.edu.tr:_Riza11_
std.19.20163960@o6u.edu.eg:Nada2312132222
inte.loockx@leerling.kogeka.be:Loeke2012
445939684@cairo5.moe.edu.eg:Std#040806
sara.r@wijzer-je.nu:065hb1g7
alif.akbar@student.upj.ac.id:BAREkidz1
controldocs2@optimizaid.com:Cud-2001
fdmartinez@unah.hn:Fdmfranklin1*.
e130148615@taalim.ma:MONtasser123
i201916206@cibertec.edu.pe:Lamamadepolick2022
alconfantasma728@hotmail.com:1pnRAAA261015HD
17867373@student.curtin.edu.au:Baeloveyou04
nabeel.2523956@talmeez.pk:asd@20241
450354960@sharkia2.moe.edu.eg:Std#051001
jfrias@universal.com.do:Un1v3rs4l0&7
454522655@gharbeia3.moe.edu.eg:Std#061001
ky.dn@thegioikimcuong.vn:123qwe!@#A
otmane.elhajjaji@taalim.ma:yahya@2010
sg_12950@bflaf.com:Bajaj@123
indterceros@ransa.net:@R4nsa$1nd
19268955:36813671aA+
airaghi.marco@gmail.com:Leo&Sibiu2
ftapia@colegioelbelloto.com:Fjtb2021
legit_legend3_yt@outlook.com:Aparajita@2002
22982@student.eit.edu.au:Ossie19272OO2
jonabeck@by0729.schule-by.de:MPLjobe0509!
kulik_1et@zs-3.pl:LubiePlacki2006
cadconnect@suizaalerta.com:S1stemas2022
waelarabic@gmail.com:Wael1031975
s7995838@rg.moe.gov.sa:La@22535
15323.salman@civil.apv.ac.in:Sal1234)@
david@obegov.com:DgA010@711GmA
477356217@sohag3.moe.edu.eg:Std#060420
user64@qowx.onmicrosoft.com:Imanda2002
clang@teloshealthsolutions.com:MonsterEnergy14
administrator@nicao-online.org:Gbdatt703
irodriguezpa@isise.edu.pe:002323794
customer01@skynetperu.pe:Cu$t0m3r01$365
a18909@avert.pt:AL_15211980
0706314492:2004akram
jhon.becerra@uniminuto.edu.co:John6625382
raja.luqman@eduso.antwerpen.be:Blad231006
idamianc87@educastur.es:Madrid72-
joao.queiroz25@p4ed.com:Ce49z5f7n8
p137164895@taalim.ma:Fatima2001
454117504@behera3.moe.edu.eg:Std#060915
virginia@impactasia.com:$$1948yN
jessica@nmtw.com.tw:Jess78912
livia.jarkulakova@zstrstena.sk:L1v%1NkA2020
ryknavarro@gmail.com:Arstotzka2002
smarten.spaces@theaiedge.com:s^5cBNvbB56fV5*C
gjs18@ic.ac.uk:Elicar.1808
davithekiller876:Davi102030
042110896@ecampus.ut.ac.id:uIRIAMUZU8
k.franke@sp206.elodz.edu.pl:fnaf1234567!
juan.olarte@correo.tdea.edu.co:Misirena1+
6565834964:CRIS2002g
hazem.i.alhersh@st.ahu.edu.jo:Cul68086
brainconer54:ABHI.k54
eg0120d04@andersoncollege.com:Polyvert980
mahnoor.saeed@pgc.edu.pk:21.JAN@1998
giancarlo.lahoz@enowa.com:Qbs52ep??
brayan.belmarespnt@uanl.edu.mx:Krat0s123
aubass_2021@fpt-software.vn:vinai2fpt_202105
svalero08@unisalle.edu.co:53102801
gajimenez989@soy.sena.edu.co:1007559989J.andrew
s47721@calvertnet.k12.md.us:01142005
i201913730@cibertec.edu.pe:B2jxwlk9
455189052@assiut3.moe.edu.eg:Std#070922
rcox@southerncarlson.com:Justin@1
junaid.sultan@iengineering.com:KaraDanvers//20
adassami@nabc.eccbc.com:nabc001++
jack001117@sj.sangji.ac.kr:jina2727
s5604809@qsmg.moe.gov.sa:7J3y@qyYL
pratiks3@kpit.com:Kidamakoda@3
17558@globalcollege.edu.np:global@9810sn@
yongqi_yan@comcast.com:Spring27Spring27
lscarrion@uce.edu.ec:Luismario123
esteban.perez@nextiva.com:Jokertllim1208902@
2118519@cognizant.com:Developer@153
480017000@behera1.moe.edu.eg:Std#010604
kaisorn_s@geotechpillar.co.th:Sara130929
audiovisuales@kompralos.com:Kompralos2021
dlush@ivytech.edu:Tabitha3612
u21300040@utp.edu.pe:mapodlcr14
vana@lensowheel.com:Mon034331496
cbeus4@go.byuh.edu:Beus2060266
9971044451:Archit@2009
tariqrafique@parc.gov.pk:Shuji@411
hanan.1414003@t1.moe.edu.eg:egyptM@e1414003
peter.melling@du.edu:TudorLiz1558!
jorge.lemaire@uned.cr:J031414l
555477@cognizant.com:@LLISWELL256
mb22953@email.vccs.edu:Feedmerapman1
support21049@ardem.com:Bah57590
gaurav.3rd.m2@iitmdelhi.com:satnaam@123
1019511@techtorium.ac.nz:Animal64
cjc@tgn.com.ar:inicio2027
1005087161:Cristian127865
bunny:lydia214*
z200900958@taalim.ma:Hadile@2020@
ndelage@la-joliverie.com:Ourson2004
118404@combertonvc.org:Thebobster1267
silatch61@gmail.com:latch.61
marina.eng@o6u.edu.eg:marina@1234
sandhya@hamrojobs.co:PrabeshW123@#
202209025386@alunos.estacio.br:@Angelo850
ce.adryzg@ufg.edu.sv:zaga2015.
jdsolanog@unal.edu.co:Solano.13
218id4102@isik.edu.tr:Osman2021
cloreen.wellington@dmv.ca.gov:Weigh$98
143357@reviusdoorn.nl:siuKfa32
henni.djamel@is-dz.net:ScadacomUats2005
1132190367@mitwpu.ac.in:@#ash@#1
aranya.dat@bch.in.th:Jah10504
16225872@life.hkbu.edu.hk:24685047Aa@
190513549@students.uajy.ac.id:Agatha01
ali.0183915@talmeez.pk:asd@27315
9831050828@moej.edu.jo:Moe@198369
bennettm@wellesley.school.nz:Mo3ung123
cristian.dezen@outlook.it:alesatrice15
amdhsn@xkx.me:Amd12311
sbiernat@sp2ozarowmaz.pl:Moniabier123
b041510040@student.utem.edu.my:Aqpunya94
gamma_perdana@kafilah.co.id:Qualified2
46455@epyothin.net:Sinoverdoze55@
jvelaze5@jci.com:Vere920915hdglvr02#
norbertthormann@gmail.com:1961Norbert
taylor.jones25@bcsdk12.net:TJ121098!
l1825010187@guasave.tecnm.mx:CCNG2020
brownings@tfis.toshibatec.fr:Toshiba2014
17143158@st.hcmute.edu.vn:Passgiongid1
hdmunoz78@misena.edu.co:20Harold20
aqflbusyk@t.odmail.cn:Japa418525
emansavage242@gmail.com:10022007pw
evelyn.henriqueza@ug.edu.ec:Jomu5752
hanumant@mehta.co.ke:hann8melmsa257##
imdad.hussain@ibacc.edu.pk:Neemtree2
tyler.pier@sekisuivoltek.com:Tp28943269!
450769731@qaliobia1.moe.edu.eg:Std#050806
kbourget5@student.cvtc.edu:Butters#926
2000157534@fcstu.org:9072003
s7206978@hb.moe.gov.sa:Abdosnfr12345
fabricioa@cnj.jus.br:1Bombomgas
bruno@voile-evian.fr:gibesse74$
dianamjuradop@gmail.com:Penelope&2307
ofathi:ZdUweeh0g
stan@alphadebt.co.za:Marchs711
s11133@jdihs.edu.pk:Sara2007
st1673@iscq.education:Sanabanu1979
fernando.penadillo05@gmail.com:Fernandopenadillo30@
leonardolcpmc@cbnb.fab.mil.br:T@desacanagem1
niteshkamble@monjin.com:Nitish123#
pedro02220:pedroinacio04
34010@lln.hethwc.nl:Appel123!
mariushas@lefdal.com:Hustler4
a.othman@sbg.com.sa:A@1979a@
ms827033:Rud37033
info@joissamghana.com:J01SSAMADMIN@4547
aestaetic@student.kul.edu.pl:Niewiem4
1760917@cslaval.qc.ca:wassim26
s4056087@mkhb.moe.gov.sa:Alsha6ry770
8211461484:Deine02#11
2010050014@office.vsu.by:375295113857Sa
cjamarilag@live.mcl.edu.ph:christianpane0709
mbabanoor@micron.com:mbabanoor@micron.com
17ee010137@southhunsley.org.uk:Cake6827
saludmental:saludmental
hassim:wF3bmwxJ$6YDUFA
t764081@jzb.moe.gov.sa:Mh0500392300
suprakashmaity@lntecc.com:Lnt@10/22
ezequiel.garcia@alu.uclm.es:Remero1234
judy_s_khafagy8699@moe.bh:Gufn3934
220094104@student.uj.ac.za:220094104@Flatcap1234
jatin@stanfordtrans.com:Iphone@313
abeersd@hotmail.om:amona1562009
patrick.mateas@student.upt.ro:studentmec#1234
920386@lcps.org:Lapras123
f136196361@taalim.ma:tafahaMAR@40
fhq-cits-sa@au-amisom.org:Status@2025
lmtorresm@utn.edu.ec:Luzmarina02
khalil.mars@ebs.tn:Messiamels1@
is5884@integra.co.in:221BBakerstreet.
salah.chia@taalim.ma:Balla213*+*+
opopopyt200@outlook.fr:aziz29@abdou10
rjabri07@gmail.com:merireda123
ed.samson@carpetonecols.com:Success918!
s2199963@mb.moe.gov.sa:55P@s20sW0r4596
harshitkavita15@gmail.com:zaqmlp@15
teilander@rodekruis.nl:Bloemkoolisvies!1
406548101@behera3.moe.edu.eg:Std#001202
19stoderean@newcross.ie:Ax1928a@
singha3207@mayoboys.com:mayo@3207
c.ukelegharanya25@frenship.net:2400625cu
atenas1200@alumno.ipn.mx:p0nch028M
454106295@gharbeia1.moe.edu.eg:Std#051101
mohamed.toumlilin@taalim.ma:t@umli49
kr817@365mspro.site:Luw71317
s23155@iisve.it:EELeonardO10#@@#@@#
445108722@giza6.moe.edu.eg:Std#030812
chabba.abdelilah@taalim.ma:rayan@1987
varese:jcd48nv4n6s_xdo
da20067784@wipro.com:Laura@0420
amirol@vesb.my:Amirolhadi3!
mohamed.boujerhouad@taalim.ma:LAHDAB@B_m5691
mariana.armayor@hotmail.com:Afip201909-2022
k.zurawski@kozminska.edu.pl:macio3154
alejandro.rodriguez@rd-its.com:9zpD2GEX
arthur28022009@gmail.com:Sesi@1234
17276@of365.store:V.53914517
jromero@rotoplas.com:Tkmchikita.1
mis@pndgroup.com.pk:Bi_pnd_new
heitor.nobrega@sescgoon.com.br:Heit@r22176
andre.fsilva.ter@estacio.br:@Kofrfonline10
pawe?boruc@sp3zabki.pl:Pusia123
nevaeh.santana@cttech.org:CTECS@Student!
nbledesma@up.edu.ph:SingMayTai3009
sta.maria.jasper@gscs95.edu.ph:Gscs12345
pnv.amandasilva@neisme.com.br:Ran34926
bryana.sargeant@snhu.edu:Virginia4!
siwedes206@porjoton.com:Canvapro2022
445922886@gharbeia4.moe.edu.eg:Std#040324
jberdugo@cityu.com.co:DieErste07
laurin.apitz@schueler-bsd.de:Mfghubi-2014
zoepasilong@ccsls.edu.ph:Yhanise052510
matuszewskikonrad@sp247.pl:Jop79613
pruiter@2at.nl:QuinDex#2010@
morn.dara@live.com:Office@365s
maurolisboa2013:Uhg*8546
yogendra.panchal@neilsoft.com:Neilsoft@2017
keonlee.lax@kccusa.com:Kcc9022!
452269594@sharkia1.moe.edu.eg:Std#060309
lucasgama.work@gmail.com:C@mbo2017!
364867417:dat8112001
l19010434@orizaba.tecnm.mx:Sol281299
e136098329@taalim.ma:Qwbsg6738
au182932@universidadriviera.mx:Jade2300846
17241a0265@griet.ac.in:@Mkumar123
ronny.willems@atlascopco.com:Contronic21
19419070100198@cecytenl.edu.mx:Vul88227
z-hbui@lwsd.onmicrosoft.com:ShareP0intRocks!
rtemv5:Rt2846555
s2099027@mb.moe.gov.sa:Miore1144
arnold.campos@urosario.edu.co:D7a8099af407
451824516@sohag2.moe.edu.eg:Std#070922
abdoulkarim.mbodji@ucad.edu.sn:cifresSOKONE2017
510934@upn.pe:ja@159123_rc
harshita:H&m9313989992
bajwatommy:68971418
usman.manzoor@uettaxila.edu.pk:uet@1234
kartikeyvishnu:tdrsdc2021
dejanar@mtsdoo.net:avala.75
card.cs@mobmyanmar.com:@mobcard123
g133556920@taalim.ma:43029-MARRAKECH
sohamsd007:sohamsd@1
178414@upslp.edu.mx:Sins30221714
jardanazdea02@larioja.edu.es:Jonlardero2005
2010225311@alu.uap.edu.pe:Falcom1130@
457448455@sharkia2.moe.edu.eg:Std#070410
aarontron3@gmail.com:IkanMasin@1
mario11842@hotmail.com:S@p@rt32022
2143778@cognizant.com:Bohemian@2000
18510492@ogrenci.nny.edu.tr:3221690Tbg
bsvelasco@itsoriente.edu.ec:Brayan20183112
54201@365ink.site:Rybalka90
arabic2021_f18@edu.asu.edu.eg:hazemadel742002..
rodrid147:Balto2021
0669509497:dy29.slh@juq30e
gsales@casacontratistas.com:Oftecnica20
gj3811@myamu.ac.in:#sopranos123456
palem@netsurit.com:Decemeberishere@2021
luci.cordeiro@adventistas.org:unasp2020
reporting@alrashed.travel:rep_1234@
apolline.mirleau-michel@sce.fr:Kww343Tr
forrest@onepalma.net:DesignOnePalma1
kytd@sunglobalgroup.com:duyky2017@
firststop@canetwork.org:#2301RCfsc
f.butkiewicz@sp11.suwalki.pl:!blam1806
hanilor@hanilor.com:H@nilor@2021
singhavijot2011@hotmail.com:R32!!6gcDGMc-ET
n134324325@taalim.ma:Admin@2005
guadalupe.alvarez@rbgroup.com:Agvy21agv#
ksspraneeth:NPTEL@15078
menna.nour2000@gmail.com:Abe500500
w972518:Haute@972518!!
d131715233@taalim.ma:Hmww7948
md007arsh:Arsh12358
david.denielisrael@auf.edu.ph:Yuuki267
c.pinob1@alumnos.santotomas.cl:69180345
vtle@espro.com.sg:Tuh27848
mjalnimer19@eng.just.edu.jo:Batool2000*
6252417094@kontum.itrithuc.vn:chuongktvn772006@
hoblik@thechildrensfocus.com:Suko2000
204200637@mayor.cl:pere2042
heng.naleak@tsipwt.edu.kh:Leak1992
a201811156@feucanvas.edu.ph:Classifiedbuff22
it22281814@my.sliit.lk:chanuka@2002
shaheena@apparel-group.com:Sh@h33n123
s6712763@asrb.moe.gov.sa:Aa@272999
gjomir@foucauld.com:GjNb4223
18ssl00155@aiou.edu.pk:Smpk2816
19ss01@prospere.org.uk:Zombider_08
maya@shapira-steinberg.co.il:A12321a$%
pgutierrezf10@educantabria.es:G12716.J31122
broudg10@cfa22.fr:guil1805
gpverutiao@mymail.mapua.edu.ph:Oct2019136542
aalcocer.ext@sivale.com.mx:Amairani01
aleksandra.zjawiony@amrest.eu:Styczen2022!
iramir15@ibero.edu.co:RAMI1429*
ga53@linuxteamvietnam.edu.vn:Hdtgknvvw0
ahmed150495@feng.bu.edu.eg:29612031400931
0849533385@opsmoe.go.th:Oraya26321
salehmohamed@eng.asu.edu.eg:6010014
marycielo.allca@cemex.com:junio2022
kt.ducng@vn1tb.com:lozyah00!
o.rueda@resansil.com:Pac73866
481791464@domyat1.moe.edu.eg:Std#050201
aguzman@zibtech.net:Kristine04
c19173@365i.tech:Fab083546
rowan.gibb@earlylinks.org.au:$lowCar93
2015024550092@alunocarioca.rio:rio11/11/2008
2016419178@isiswa.uitm.edu.my:Shaafiq08
ed.boyle@escher-capital.com:Midnight750!
kg-1320@alexu.edu.eg:kind1111
lorenzo.burns01@outlook.com:Lb19930215##
janakaab@lolctech.com:Hasalaka111###
dariusz.kaczmarek@doskomp.pl:Supernova@84
mensajeria@uh.ac.cr:Yup10586
robert.branescu@playtika.com:Maimutica321
nonthaphat_s@cmu.ac.th:@0932714708mrZ
ioannis.mantzioutas@vfsales.gr:ioannis198@
amuzo2758@uta.edu.ec:@m17jv24
samuel_desjardins@cascades.com:S@DES111
mubashir3298arch19@spa.ac.in:Afrohead@022
u21226569@utp.edu.pe:jovenkoutarou27
eljokermedo011@gmail.com:mahmoudgad
e21cseu0594@bennett.edu.in:7Ru$2Fd#
w10088990@usm.edu:Abb!high9303840420201!
ariya.la@st.wu.ac.th:Waew1999
aurea.silva21@etec.sp.gov.br:Lf070458
474554@bsd48.org:123shisui
sahilshharma0202@gmail.com:igmi@123
z3308925@ad.unsw.edu.au:Namename1(9)
a4612@aeaaamorim.pt:8?6^S"uz/BK<+8_
nain.rivadeneirar@ug.edu.ec:Lunajast1202
3473@ahlconinternational.in:Aa@@8581
llozada1717@conalepmex.edu.mx:Alma22Delia
tarun.11901484@lpu.in:Fighter@026
katherine_.diazm@hotmail.com:iceCream1
bassam.murad@hyatt.com:P@$w0rd@1505
max.schnura@wbk-bo.de:momo.260201
balprojast:Zud43974
siu856536586@siu.edu:j5dr?djhJW.%#jY
tania@bbsfit.onmicrosoft.com:Camote123
1295628@senati.pe:Batista1214
jfaldutimurri@uade.edu.ar:Enemies45
student059143@st.schools.ac.cy:Ab!!1167494
wuttikai_ta63@live.rmutl.ac.th:1570800075882
111ept06@stu.olatheschools.org:Higherer1
bsinord@360incentives.com:X#GH*Aj[n0
marko.jaanus@saue.edu.ee:34803480
d.wycislo@student.po.edu.pl:Asgd13asgd13#
fufuboy123456789@gmail.com:Pascha@2010
125200338@sha.edu.eg:ahmed.awad```
parkev@edu.unisinos.br:dimi1910
ram1933@fasn.in:uSYKEMTq1518!
d134066886@taalim.ma:Yassine1234
1600001619@stu.iku.edu.tr:en4b4KWu
jimmy.sanchez@soyboston.ac.cr:2#p6m7FE%p
gonzalopm@free.ashmeyer.net:Mesias12
daniel.thompson@mybcc.edu.bb:pINCHERS95
kevin.diaz@aignep.es:Kevin$17032021
sompolk@kmutnb.ac.th:samapol05
manuel.aguilera@xpo.com:"COMODO50
maen@sdu.dk:Math320ibbc26sfn
6321412007@o365.bsru.ac.th:Kokee120644
bicu_lh44@student.itstep.org:12sF08JU
maximiano.souza86@gmail.com:Amaggi@165141
u24346@romeucorreia.pt:Sfgm157510
35794@fatecpr.edu.br:041327Lucas
saiftheking002@gmail.com:Agentanx!ety4030
454847@live.bc-enschede.nl:Superrups123
cesar.castillo5@utp.ac.pa:Brendaesther0403
s8221020@rg.moe.gov.sa:Saud1234
safwat.alzaidan@gmail.com:PK8*xtn19
marmolesemporio:Merce101345#
aleksandr.ivanov2@tptlive.ee:VoV4Ik2306
wd1749ut@go.mnscu.edu:Rarefia20
1428941@senati.pe:Jaci1508.
chky21@bath.ac.uk:19972606
453736115@gharbeia4.moe.edu.eg:Std#060803
6619133312@c3earok.edu.vn:Leeyanghanh2003
robin0786:harjot786
mahmood_a_salem3830@moe.bh:m100913830m
k18200@n365.me:Galaxys3
misan.tuladhar@ms.quest.edu.np:Tchou4589?
devon.farrington@snhu.edu:Scalion217
ms85622159@edu.mon.bg:ZepO567269
8183891061:QotsaLj2525
202103470033@alunos.estacio.br:@As025169
0@xiaoheyezi.onmicrosoft.com:Engelish123456
201411103@vu.edu.bd:Bonny2011
amakarewicz1@sp6jz.edu.pl:80092112100
ugs.158402@art.suez.edu.eg:ma12345678
lwinkolatt@uit.edu.mm:Office365@uit
malmivaaratito@gmail.com:Joku123
eko.nugroho18@guruinovatif.com:Motivator1
osarmiento@millicom.com:Barranquilla2022$$**
pit-dev@janoub.onmicrosoft.com:Pdev@je@dev365
renan.melo@wap.ind.br:wap@2021
471856693@gharbeia1.moe.edu.eg:Std#000730
a.sasso@cnr.tm.fr:Parapente2222
411711883@monofeya2.moe.edu.eg:Std#021001
kecsk2000@sulid.hu:Domcsi2000
451262371@cairo2.moe.edu.eg:Std#050718
2016-2170@uteco.edu.do:elbia2016
antoine.luquet@nbgi.fr:Luquet01
rfperdomod@upn.edu.co:R*79899919
maurice.bernal@uped.edu.sv:Madylucy241101
farkhan@giatmara.edu.my:Giat1234
st-2001943@e-arsakeio.gr:k0my49!!
lephi01052002@gmail.com:phuonglong123
a9274723@rn.senac.br:Vini.2010
roseli.schmitz@anhanguera.com:prof@1979
w0759386@myscc.ca:zEN@ALTO98765
laxjo@lwv.me:J9RYJfFy
maha.salah@h-eng.helwan.edu.eg:@Mo3az2017
galo.torres@nexsysla.com:GT801223--*
pbejarano@defensoria.edu.co:P5908808
sehkhothangkipgen:Sehkhothang@89
5405@mckv.edu.in:#Mydell3490#5
aaadetun@uncg.edu:Moneyinthebank@123
47384@abana.it:Mike14**
alan.vilar.2016@salleurl.edu:C@stor7619
nayelb1987:charly2003
b1200@365e.team:Aadi@123456
betty31755@sw-ms.gne.go.kr:su3108~*
senaydm@trabzon.edu.tr:Mehmet2012@
marc.demange@cpolee.com:@Microsoft..145
emad.amanatfard@hotmail.com:BDRules!
eryk.sawinski@ms-zspolice.pl:Oskar123
proyectos@grupolexa.net:Amigolexa1.
s8332100@mkhb.moe.gov.sa:Amam1234
mifdal.omar@taalim.ma:.umario2022
19kovaro@diak.afg-pecs.hu:jPu*.CSy=hsVC2_
bhuvi3:Ysatavup3@
ultraviolencelixxy@gmail.com:Nami2022
karimah.flonnoy@ghdriver.com:KaFl4013
phhac24@gmail.com:123456789Frode
ce_lkwal@alumni.ust.hk:t24073342
s105297@rusd.org:1819May14
andreagar.7@mail.ucv.es:andrea16
377_r5os_o2_u7@eprosveta.ac.rs:Ninica2008
filipe.diogo@efacec.com:JFOD96763955hj
a17139@cmos.edu.hk:cms@26419733
juliana.costa@al.infnet.edu.br:Juli@Ale20
nnusrat@officeworks.com.au:Pandora@3076
r134275833@taalim.ma:Lesion2005@
daniel.becker@stud.wvsms.de:Danyeddy09
naeem.0350825@talmeez.pk:asd@29032
455300150@fayoum2.moe.edu.eg:102030aA@#
611740@fayoum2.moe.edu.eg:Emp#630406
vangc2839@my.uwstout.edu:Lifeforever4
s3342205@estb.moe.gov.sa:Ahmed@123456
it@sets.com.lb:Plan2037@@
nathan.thomas0524@gmail.com:Bignate06
s1010038@carloanti.net:Xcyze=18
e131013457@taalim.ma:Fdem5330
pkao@sga-inc.net:centraL1
u21226281@utp.edu.pe:hola12345.y
newuk02@newuk0.onmicrosoft.com:Xobo6717@
g137262789@taalim.ma:2020essaouiramylove
kratnesh02:Kumar@60
4vazed71@solent.ac.uk:alter130896
laguevarame@unadvirtual.edu.co:Sakuramanga100
468986672@domyat1.moe.edu.eg:Std#060719
tylerb21722@mnpsk12.org:Tyler2001
34636@ioffice.site:Gnattone_73
rpinos@usma.com.pa:fifa2022!
fidelinoleon@t.5tb.in:fidelino1991
humasd3@unj.ac.id:Prodibaru04
0687780@cscotesud.qc.ca:ricm6787
omerfarooq:198927262
pakkawat.jia@o365.msu.ac.th:Pw@1440800237841
unadem:04569Fr4nk.
aorchi@mailstep.it:Step1234!
std117432@ac.eap.gr:Yako3826
2804@ouu.onmicrosoft.com:Zetema@2021!
jaco345c@vibkat.dk:neg58zkm
ct265822@epsnj.net:chris2006
darkas05:Darkarlol3223
depi_dsandrestuxtla@tecnm.mx:futurE_0620
4d@3bee.biz:Mummy@25
dtrnka@zskrimicka.cz:Krimicka_12345
dquiroga@bancolombia.com.co:diego3256
vicente@grillofamily.net:VinMan5282!0151
445959203@sharkia1.moe.edu.eg:Std#040731
s204521@rusd.org:1920May14
dns_aobregon@tecnm.mx:Itao$2018
levigibbons08@gmail.com:levigibbons150
pamela.peppelgi@rededor.com.br:Carol2016
antoniogarcia@f.odpan.cn:maxmix14091964
ziad.lahlou@emsi-edu.ma:Noone1009
202009081223@alunos.estacio.br:Foloca123@
62181550118@live.lpru.ac.th:1703431072
191112028@manit.ac.in:Vinay70@
david.woodford@eicoff.com:hamiltonpool
r143051997@taalim.ma:Pxty5412
jesse.aregbesola@stu.ocsb.ca:Esa12345
suhasjampani@gmail.com:asimo3089
218119437@edu.vut.ac.za:M@h@sule123
mhuillcac@crear.ucal.edu.pe:H@110210
459626702@cairo5.moe.edu.eg:Rafik#1911
k5869@ioffice.site:FuVhc5vHz!
4812756562@danang.itrithuc.vn:12345678910
tb4610@officejp.vip:Kato0923
doreb@woolworths.com.au:Wmsjda0170
t325426@azharonline.edu.eg:Ahmed3210
17021009@vnu.edu.vn:Ndt_0965923824
arnas.jocas@zemynapm.lt:Krakmolas123
lhricspa1943447@pgc.edu.pk:muhP1943447
nikhilg@amneal.com:Home@210
filip.vrba@zstgmblatna.cz:TGMasaryka269
ljkelle2@stu.k12.wv.us:eYL79JDG
hasannaim@yahoo.com:!QAZ1qaz!QAZ1qaz
madamus1@sp8tg.onmicrosoft.com:M@ciu$2211\
soporte@ayudaenlinea.es:R3n4ult*11
peteranhtunguyen:Thuthao@12345
kynaa1996:Ngoctraitim1996
reshamm.gill@remax.my:Reshhgill112
ra.pinto@cfa-aforpa.fr:Mariobros1709*
halperin:Danahalperin1
hugouruena@hotmail.com:EmiGi2021
mmirfan@lincolntech.edu:Mikasaxeren_908
furkan_budakoglu@hotmail.com:20032003.F
a22a22589@educacion.edu.do:tutoria123
eusouseuamigo_001:biamatiasmatheus123
jaunfr@thestudentportal.co.za:Jvz4622!
rodrigo.vidal@i3m.com.br:Digo2312
jasmine_jj2000@yahoo.com:Oluwafemikingsley@1
p134060645@taalim.ma:Yxbe1893
m.borysenko@obolon365.net:Goha9826
peter@pkdemo44.onmicrosoft.com:Passw0rd!
475739824@g102019.moe.edu.eg:yql@lyh1
a24703@365ink.site:HarTunning2020//
sawanya_s@rmutt.ac.th:Jodai9362
nchs.devin.williams@npsb.la:5SDR94!
74006559@danielgoleman.edu.pe:Pamelita021
ed18kkn@leeds.ac.uk:KacpiM2021
abdelkrim.boukhrissi@taalim.ma:Karim@1962ab
t290110108408@moe.edu.kw:abd0987654321
u17107754@utp.edu.pe:48342900
u17103518@utp.edu.pe:77054176
campi@pizzarotti.it:Nesrine?3
aleon0074@mymail.lausd.net:alexleon12
cw_9409521@hotmail.com:8TKH5ZUB
480983602@cairo3.moe.edu.eg:Std#060509
paco_m@pentinfor.com:Pentium14
edgar.gamboa@galletasdonde.com:303088..
mohammed.admi@taalim.ma:S117706@2021961
454796211@cairo7.moe.edu.eg:Std#051107
20709615@live.uem.es:cristina
j139403296@taalim.ma:Lsdp10237
cktrung.ctcg@hcm.edu.vn:Nguyenphucloi@123
ssaraswat@compunnel.com:Comp@0989
ilconferenceroom@nutrinia.com:nUTRINIAs!
japazag@est.emi.edu.bo:Apaza2019
tanase.raluca@scoala1buftea.ro:Deea29.24
denis_dbg@outlook.com:Bueno1003
archivos@frutifor.com:Yus27562
xbruk002@studenti.czu.cz:Cougar92
455321978@sharkia2.moe.edu.eg:Std#061028
nageena:Nageena@786
diquis.campos@up.ac.pa:@Casad2891
ts005881549@alorica.com:Alorica$21
fnascimento@gafisa.com.br:T3nd@sp200
457875449@monofeya3.moe.edu.eg:Std#070311
ccucchiarini@lartirigoyen.com:Cc&cch1ar1n1$2021$
in581992@schools.mk:Ilijanikolov2009
earlyyearscentre@bvcdc.ca:Cono8192
sujan.bk@mail.bcu.ac.uk:1Bz5Fprg
monamony00@icloud.com:135@50$mA
kaoutar.bentachfine@uir.ac.ma:blem-pro2017
446284650@g102019.moe.edu.eg:y54@41cu
cahyo_aji@dimerco.com:Aji.1234
hazeez@student.cscc.edu:kar863Hugseg
lt200976@fi365.ort.edu.uy:Montes2020
medo.boom.tnt@gmail.com:qf6VjM88
itlatam@alfapeople.com:Overwhelming204548611.
19harrisf@ormistonpark.org.uk:Opa33214
hicham.zouitni@ifmaroc.com:Rabab2017
charliefudds@icloud.com:Charliefudds1
446183443@ismailia1.moe.edu.eg:Std#030915
srubio76@misena.edu.co:Santiagorubio1610
ahmed.aime@pme.suezuni.edu.eg:*#01114767137am
welerson2@gmail.com:Welerson1965
pinguyen@yahoo.com.vn:01687400132
22192860@live.uem.es:Ariadnadominguez1601
zeny.hou@utp.ac.pa:Ynez2012
1801569@hup.edu.vn:itWillbefine00@$
smasoud@ncksa.com:Shady.Niagara@010
20001825.ly@student.iuh.edu.vn:Thaoly20001825
asmae.ahalli@taalim.ma:iyly@7198
gucaso10@t.5tb.in:RealMadrid778899
proje@yavuzpres.com.tr:Vad74660
224120@farel.nl:tobias2004
ciclopz_gb@hotmail.com:Chewbacca2030@@@
mmahmoud2@student.govst.edu:Library590!
ismail_bara2@um5.ac.ma:J133244373
l21020209@veracruz.tecnm.mx:Megacaballero6
volin.michal03@sskralovice.cz:GS1CFvko
1201714121@alexu.edu.eg:Aa@29907230201727
153992@student.myscps.us:Gigi1231
2000058021@fcstu.org:03242008
samuelmaesf:Jesuisbeau1
m130118126@taalim.ma:uwDfUb6aA8
ahmed.hamed@nola.gov:Gom15727
sam@amacusltd.co.uk:Passw0rD25
akasgamez:Akshitrajesh
khalid.ahmed@midassafety.com:KhAh@123
joseromero0028:3125954398
may.aguacondo@espoch.edu.ec:dalton9823MALUAmay
ali2002818@hotmail.com:Jesh3464
2156080016@ajc.edu.vn:ngockhanh26102003
bobcortes:Darktintin21+
oujdid.mohamed@ofppt-edu.ma:SiMo1290
sherlynv6458@yesstudents.org:Y3sprep21
yoc.417.st@gestion.com.gt:eiy@06022001
202109386841@alunos.estacio.br:Drogasil@09**
ruby.wiehman@tax.hrblock.com:Boerek0ek1e
dv571855@schools.mk:Deana1232
nhsststd2623@newhorizonsms.org:Student@123
david.hoang@rci.rogers.ca:Cindyquach28
alialkouhail62@gmail.com:dz5eB0c0pm
h137093949@taalim.ma:Fifa20082008
carlos.baptista2@claro.com.br:Cesb1981*
billy.cuevam@ug.edu.ec:Mosquete93
asz949@student.bau.edu.lb:Coxo0152RKS
60529@estg.moe.gov.sa:Aa774433
sabinbulcu205@outlook.com:uclub@1Eparo
bom@utas.edu.au:short-brake-side-edge
zeeshan.3844515@talmeez.pk:asd@19360
palopezort@unadvirtual.edu.co:Va2020Va2020*
alisson.oliveira@uninove.br:222222222
svoboda114@trebesin.cz:Sedliste161
kedybedodredy:ewronecEk19835
2001748130@jolearn.jo:mohummd2022
jospkize@vols.utk.edu:Ivoryrabbit15
a340158966@my.uvm.edu.mx:Al24021998
marcel.klatte@uni-oldenburg.de:GB21.11.1991gb
vn14389604@edu.mon.bg:vladito69
liimaja@edu.hel.fi:thooc8ai
10032290@bridgeportedu.net:20031208
ulf.unger@novalink.ch:Hugendubel4
daniel.perzyna@sp1piaseczno.pl:Piaseczno2020
majesty.joseph765@stu.edu.tt:Education1
ext.daniel.ulloa@arauco.com:arauco2019
mgbeltran@mcm.edu.ph:Mcglennonglexieb032705
abdullahsamir226@gmail.com:Std#021026
d134209146@taalim.ma:masar@04office
58429670@mylife.unisa.ac.za:m*7372081
thais.c.souza@accenture.com:SAPMM_0602@
tikkente.lahbib@ofppt-edu.ma:20111235@@
445161698@sohag3.moe.edu.eg:0932593490-Xx
b191320118@must.edu.mn:M90109105z
coral@redegraal.com.br:Laroc2021*
dka0709@student.skelleftea.se:danidani
kaoutar_talib@um5.ac.ma:Oyasumi_Punpun42
nydia.velazquezrm@uanl.edu.mx:Z7hzB8zX
ab.hachimi@uca.ma:Abdel_1971_UCA
uzair.3482362@talmeez.pk:asd@8580
ann@qlrv.onmicrosoft.com:TienAn1211
f130285000@taalim.ma:Boyd6917
zerosolder@gmail.com:Ps1ps2ps3ps4
crosa0734@arecibointer.edu:Inter0734$
u21101225@utp.edu.pe:Mortal13x.
bvargasc1@est.ups.edu.ec:ERESmidroga2611
naty2207@hotmail.com:JOTA290777
fsandrade10@gmail.com:mimosa@72
christo@earlyworks183.co.za:Password1
frlaraujo@uea.edu.br:Ricardo1
shs_121101@privatemoe.ae:PFzsk77&
dld@ducld.onmicrosoft.com:DHpk@87891319
kcsantos.estagio@mpmg.mp.br:*Jesus1980*
ybenmaacho@granal.ma:Vavo2015*
130405023@live.unilag.edu.ng:Aeronaut@66
laura-lopezb@unilibre.edu.co:Perroloco14
yuma@citilink.co.id:kenyot123
balachandar.r@tsugami.co.in:Bala#654
s_539125@emis.am:Wad13245
francisd@koutfood.com:G00dL!fe@52
shiny5327@o365.ice.go.kr:1212!qwqw
mai.alqaisi@actionaid.org:mai@mm90
adahmer5253@hwdsb.on.ca:Apple123
vinzent.frisch@herzjesugym.at:Zwilling2019!
trudiepilot@coronishealth.com:Corro@2022
p.bhuva876@mybvc.ca:Nobody8304
mateonaranjogonzalez@gmail.com:Boeing777-9x
faruk1700214@anjumanihmct.org:Faruk@123
s9834333@mkhb.moe.gov.sa:19P@s68sW0r4917
e24309727@miescuela.pr:Pel@54321
10011937@bridgeportedu.net:20031001
kevincolon1234@outlook.com:Midnight_12
regel@benchmark365.com:Slainskt14
ha14061@2016office.cn:Wing321~
joniszczuk@itba.edu.ar:3650Jorgito
201854908@edu.clg.qc.ca:G35infiniti!
syedf1147@wrdsb.ca:Furqan123!
e1870@365i.team:Raydu936
motycak.jakub@st.spsoa.cz:#Jetovtobe2
medina_93344@students.pupr.edu:cristoesmipadre
p2jts@indoprima-group.com:Yub34573
730847900@moe.bh:HHTTGG181973
elshafi:Elshafita8
jmartinez@colusadigital.com:Welcome123$
szymon.szy@sp2uczen.busko.pl:Kochanie45
aalameer@students.rcsj.edu:Moh1234zxcvA
napat.nark@live.ku.th:Zk44153.
2006000718@ilbc.edu.mm:209@jimmy
agarcia@sogesa.es:Estandan0
ku_g03269@utp.edu.my:Hanim.rahim7
17116178@student.hcmute.edu.vn:Huytran269
nermeen.236043@t2.moe.edu.eg:egyptN@bm002287
tarhossain@my.lonestar.edu:!15602Cypress
aldoliveira@firjan.com.br:alec*2503
20171901045@stu.khas.edu.tr:159357Gul
perera.23542@stpetersedu.lk:imash'90
ashaz.atif@rbslearn.net:Step#Soft45
abimael.ssilva@senacsp.edu.br:22082018
a.xochiltsosad@sinadep.org.mx:Mibebetito*1
11187182@mylife.unisa.ac.za:gfx07VGP
landi@quantuminventions.com:Goldenhand789
carlos@1phrtk.onmicrosoft.com:PEtaq9sfU7PR8_C
ishaam@ecgholdings.co.za:Vuho7194
smenesesper@uniminuto.edu.co:Ch4mo1123511713
1053825:Emp#740109
582065:DracoX8504
peus@cyberven.onmicrosoft.com:LMre3065
natalia.bat@alumnos.uai.edu.ar:Mfael2020
tust@rioenergy.com.br:n2pbDB2YhB&q33
p.krempa@uczen.ziarnkomaku.pl:DupaJana2006
sheetalkuppast:Qwerty1234@
cristopher-sanaguano:Cri$$0604176966
vip3003@vip365.pub:faiq1414++
aiden.baker@students.jmcss.org:Ab5341446
abhijit:Reetu511
f58-217-0008@mjii.kktm.edu.my:10.1leds
653073@pdsb.net:Winter98
sahmed@webmd.net:W3lcome22@
ali.raza01@ucp.edu.pk:Sobi55711
irovito@alumnos.kennedy.edu.ar:Lolo2021
kanniselvan.k@hcl.com:Padmavathi!1234567
daniele@z05jk.onmicrosoft.com:letrofaPawer111
mvanrossen@apogilo.nl:Donderdag30
s6834346@asrg.moe.gov.sa:Mm@40181
sajankamath28@gmail.com:Edpu12328
mansooralzaabi31:Mansoor_xx112233
k132373905@taalim.ma:Fnpr7137
office.manager@wise-energy.eu:NWreb674
mdeguia@angathydro.com.ph:Mark*0312
mitc2251@scdsb.on.ca:Minesing1
henri@rockethut.io:Zav91980
igor.0193359@discente.uemg.br:Com@ndo96
franciscodanielpena@gmail.com:EGc7iUk
elenilton.sandrade@sp.senac.br:infrages3
dp6316@student.uph.edu:Tince3895
bjsch3470@uib.no:Detteerdetnyepassord
lfpatron@senaedu.edu.co:#OravleOne
486490530@qaliobia2.moe.edu.eg:Std#050127
info@npsal.com:123@Nepal
cert_a@outlook.com:AchroNicS110
l1f20bscs0593@ucp.edu.pk:Gux55077
giefymenko@splot.info:G07092005gggg
joe_joeoliva@hotmail.com:Joe-joeoliva26
pcortez@miatech.net:Miat@365
a223191@aluno.aerfreitas.pt:Escola2005
buggybuddy78:18012011
2111027@mme.buet.ac.bd:Neel152003
0952711125:Mattewsb19-
jdlamm@my.pfeiffer.edu:lotsofbirdies
00021560@ufrgs.br:A2p1f974.!
stpsetm2008945@pgc.edu.pk:P2008945ALad
762219@nkcschools.org:Sep282005
sandra.machuca@uaem.edu.mx:churrumino1234
pedro.montero@zuana.com.co:pEdRo@2019
h120006073@taalim.ma:Lakb4777
l137347830@taalim.ma:Daoui2000
00181568@red.unid.mx:antonio1991
dsolecki@zskochanowski.eu:JestesCieciem123
sjemmott.mhs@school.edu.bb:Shabree365
wlidwin@zstarnowiec.eu:112233Wiki1
cheyo1984:8419*2602
18082@mijnpiusx.nl:Google1986!
gerard.rodriguez@upsjb.edu.pe:abcd123ABCD
1367619@senati.pe:elmundoderumiko
kumar-vimlesh@lntecc.com:Avr@2017
408385582@qena1.moe.edu.eg:Std#030901
miguel.lopez@vitro.bio:Djmmma45
lamiae.eldjehad@taalim.ma:KZQZ4dTAY
user5593@365office.club:Matteo10072003
gbarrete@cambridgebizserve.com:C@mbr!dge2021
41010483@sfcollege.edu:4kwbDk5pXi7+kah
francisco.mota3@etec.sp.gov.br:My@42554777
ha0210978@gmail.com:Thang123
407706165@qaliobia2.moe.edu.eg:Std#040620
oficios@jucesp.sp.gov.br:Prodesp@123
vom20@mscloud.ua.es:UAvom021001
202203265261@alunos.estacio.br:97119226Nbm!
nvspk28081@ttdtxh.tdmu.edu.vn:Tdmu#2406
136711190019@ncr2.deped.gov.ph:Coleen031714
vt83730279@edu.mon.bg:2006Vm5009
stefek.matyas@zsmalin.cz:Lah71110
k15a3.30@thcsgungre.edu.vn:kimtruc12345@
wojtas:Szkola123
jose.barrios7@meduca.edu.pa:Futbol16
sentija@gmail.com:12345678
thall16@students.asurams.edu:gabriel1871
wilmer.chevez@unah.hn:@Ligia2017
457853254@monofeya3.moe.edu.eg:Std#070515
bart.dendulk@vng.nl:D!epenveen01/
onsrp@seznam.cz:Damian123456
vq2-es5.2d-04@cecvn.edu.vn:CEC1234@
lr-20-30428@ufhec.edu.do:Yamileth7393
jdmacias@hotmail.com:Colegio123*
himesh.patel@frameworkz.com:niralP8079!@#
clearya2@wwu.edu:Crew2424
mjespinoza@canetwork.org:Wecan4elp
engineering@rrel.in:Rashmi@2019
mateo.naranjog@upb.edu.co:Boeing777-9x
sm73874240@idat.edu.pe:Beagle9617
716525@luxor1.moe.edu.eg:Emp#680716
diana.ferrer@alumno.buap.mx:NokiaC36.
6247263484@kontum.itrithuc.vn:Hoang123
sargis.dehacker@icloud.com:Plopkoek1355.
navandebu18.extc@coep.ac.in:Anjali@1234
khaled.1180481@t22.moe.edu.eg:egyptM@e1180481
jlops@ceoworks.org:C92392p.
goutam:Shanu@1999
t271061604697@moe.edu.kw:94065735
sg0018@myoffice365.site:Mujahidah7
zlatko_brasnarski@yahoo.com:Brasnar2306
dominik.kopacki@sp1sopot.eu:Dominix1
info@acuitydoc.com:P@ssAcuityDoc
jasejime8522:jasejime8522
mohamed.igoulzan@ofppt-edu.ma:Ista@010588
licenciamientomedicina@upt.pe:Wun55336
shubo.yang@accenture.com:5W0601qaz!QAZ
cmosley@cunninghamhome.org:18B3arimy!!
uma.maheswary@reportprep.com:claims@2019
8126@svmjaipur.in:jaijai@1234
shaheerali899:Samukhan111
cholman.4001@wcstudents.wc.edu:09052002
takayamada@tkcc-jp.com:W99ro0q2-31
designmill:Kszpkhi1
shubham_21:swayam-(00)
karan08@jbmps.onmicrosoft.com:Golu@123
jquintero1@eagles.ewu.edu:M@nc1ty96
volet79073@dakcans.com:Na@123133
lbenavides@traxintl.com:12345Betamax_0458
as20210607@aschool.edu.vn:Manhquan10
kagabi1@student.gsu.edu:Divine1ga1ba3ja
omar.amar@commerce.au.edu.eg:tiger201071515
1060743@ucao.edu.sn:diattara1
soporte@itstk.com:Qur982133
f19bscs003.fusc@fui.edu.pk:fusc@123456
rdaprosa1210635@aims.edu.ph:Zarathos24
mhike:Sanpedro7271ohem
26111070@hebron.edu.ps:950141598@1984W
mgray@uniformadvantage.com:Mook*24
sasinnat@microsoft.com:NGsrilanka2019
yaren.guner@arc.iku.edu.tr:05af167ceren
a.victor@lescomptoirs.com:AmirVictor2017
samruddhi17:samruddhi1502@
lp62014137@edu.mon.bg:elinet77
backup@ieadeal.onmicrosoft.com:Gestor&&&&1170
romulo.morag@ug.edu.ec:rafaelmessi1A1
at256030@schools.mk:Prozorec2002
l8717605@std.yildiz.edu.tr:Ev2o9lEd?9
a.zhran@ustf.ac.ae:Abdallahaymn12.
gokmen@ceo.admin.edu.pl:Gg00620062
kaio.silva140@etec.sp.gov.br:Belinsk@071
mostaphaika73@gmail.com:HHTH54343ghg
jsotomayor1:Dental_@2035
antonio.trindade@facape.br:antonio
jricardo7373@gmail.com:101520212223ric
jennifer.bicomong@urc.net.ph:Fot50178
315791@monofeya2.moe.edu.eg:Emp#761228
arman.veloso@lumen.com:Seenzoned@2021!!
408421912@qaliobia2.moe.edu.eg:Std#030701
thayhaitoan@ms365vip.com:HaiToanMath@8689
ngalarza@umsa.bo:Playmobil555666
22287033@dut4life.ac.za:Godknows@22
csl053@bcps.org:Ddce%473
aulan.martins@villemor.com.br:Aus@ma123
n.darwish0110@education.qa:Noor@2007
106170035@sv1.dut.udn.vn:BEdangyeu123.tne
denison.cavillot@gmail.com:LTRrtl2021
ahmad009:IRONman@01
scrob.david@iagarbiceanucj.ro:Scoala2020
novoselski.mihail1@gmail.com:hirjq5j6
badr.darwish@ar-augsburg.de:Abend-365
1574515@fayoum2.moe.edu.eg:Emp#720920
vinicius.maciel@ivecogroup.com:Viniciusdiego55
452143999@giza5.moe.edu.eg:Std#051207
202002441801@alunos.estacio.br:919991mR.
mohsin@almaadi.onmicrosoft.com:khunasam@11
mmlozano@uts.edu.co:Mariana2309
meloukijul@institutdegenech.fr:Hozuha13
hemanth4999:Venky@4999
j.kuznik@hyva.com:Hyva2017
s4066084@asrb.moe.gov.sa:Batal2013@
b160900034@sakarya.edu.tr:Bc.608042
timofei.puida@emkts.ee:z123654.
ondrejsvoboda@zak.spsul.cz:O26n02d20r03a
fghcstudios:DATATEST3a?!
shahjan.jokhio@tmf.org.pk:Mallah@12
217074410@tut4life.ac.za:Mgk65633873@
s6239385@asrb.moe.gov.sa:fxfxfxfx70700X
timo.messics@bs-erlangen.de:357Hack?1289
hklimczak@sp.bukowice.pl:Stokrotka351
m_gkaraoglanidhs@baharakis.gr:Poy11295
u1742139@uel.ac.uk:Saliha1980
s1001083:9062004
ahmadks@upr.edu.pk:Bot12345
arequipaa:Adrianito28092009
bscs16040@itu.edu.pk:asd@154
cvchavez@sacyr.com:HH_jl@91
444629860@sohag3.moe.edu.eg:Std#040325
lilicalovea74:meutonylindo
20fth1217@student.pb.edu.bn:Zainulsofrin13082000
ciscosp@my.sliit.lk:CCNA@SL#20
ds1080@rd.com.br:Drogasil#1080
ap2120079@uarm.pe:Abatimentoyo*02934_Admfi
brozekmi@zaci.spse.cz:Mirdas258
0134169939@thcsaimo.edu.vn:Qqrr12345
202020235@keyaka.ul.ac.za:Hitler9876
katriine.geier@aste.edu.ee:Gos11139
h.eldaoor@makhotels.com:Pass@123
s6252321@hb.moe.gov.sa:Ff555161029
407206619@assiut1.moe.edu.eg:Std#030410
1909010034@utcamargo.edu.mx:Refacuna56
oliwierkonop@zsms.zabrze.pl:Hab17856
d134206857@taalim.ma:h!qy-S/2@wM6iUU
19981a0533@raghuenggcollege.in:7ZEP!T7mmlIjZ0L
qewxa@office.jimschool.org:GOpaglia73
190705005@live.unilag.edu.ng:KLM.amiti25
n1404188b@e.ntu.edu.sg:yy276479!0!
4485877@hcps.net:4485877Ab!
alvaro_alova@tbcs.sch.id:abm123456
umashukla:Bindki@00
j.szot@zso1.olsztyn.pl:Blagam1234
danielvm63@educastur.es:Alfonso38
sourabh.sahare@zamilac.com:100rabh
1768@shalomhills.org:kush@134
rachid.ahajri@compta.com:Antivirus1933+
190149@softwarica.edu.np:Gryffindor@12
cameronvermeulen349:Kansascity@101
lamioslamios@gmail.com:#"/WxRu1995yZ+-\%
vvb@mytrusto.eu:AODtrust0
d00550@stu.foeim.org:P@ssw0rd0808
ee0410107@me.cba.gov.ar:Honorato2018
xypicachu@gmal.com:Pht.2172146
masa.likosar@g-glas.si:Aurora1991
nathan.viana@aluno.ifsp.edu.br:@viana18
taass03@mail.sunysuffolk.edu:Ilovesakib123
341339125@dcpdsb.org:Lovemelike22
kk-m21-316-10@smgood.bg:sussibaka229944
ndevard@citymd.net:Bluewii123456_
duybc2k5@gmail.com:Duy17325
erjon.helshani@hakju.at:3emmhx2684#
h130383501@taalim.ma:SkroAnas2002
stum20174660@ese.gov.ae:Superman257995
a2183070136@alumnos.uat.edu.mx:Ihkdydrf5
behbehani.2@wright.edu:Skywalker1432
ethan.chua@mspsbs.moe.edu.bn:Oyster26*
x19136421@student.ncirl.ie:Healy1901
claudecor.diouf@senelec.sn:@Kyrios2026
heet.j_nms@gemselearning.com:advice37
o1028400@zaam.nl:1112BN503wil
ve003214:RinaMomo1229
1272681@learn71.ca:12726811
e2350242984@live.uleam.edu.ec:Yahir.2003
marcelo.matias@digitrix.com.br:Mac@s4p0rt3
yjustinianog:Gov61728
gacsoriano@ngcp.ph:Jam3110_1234
19411854ksa@aou.edu.sa:2204973941KSA
nquintero43:A1y4kk4c2osf*
a1304@escolaglobal.org:Mula3858
thyrson.sousa@etec.sp.gov.br:13769928
200502@epvc.pt:Supernano007
m.abuhamad@waadholding.com:MA@123456
jimeesh.nambiar@razorpay.com:Insane@134679852
arongsarah@unical.edu.ng:Unical123
194938:Baljeet@123
martina.costa@usm.cl:Maite208572997
286095@o365.stud.umk.pl:Volume1997!
kalexander51@student.umgc.edu:Chevanese88
vishalgosavi@aissmscoe.com:Chiku@6128
jouha.badr@ofppt-edu.ma:Fpuf4735
20192886@ceosanrafael.edu.do:yerinson22
student.sicak@9zsmb.cz:Brawlstars2017
gbosanko@talema.com:ARB!&er959
jeffrey.chung@f1.hk:Ga!i4S65unNy$$
412087559@behera1.moe.edu.eg:Std#031026
450947252@qaliobia2.moe.edu.eg:Std#050604
betzaida.jimenez@utp.ac.pa:Bechi1230
8377980@fmu.edu.br:Fmu@170601
mahimabaheti05:qwer1234Q
2152220016@sv.spnttw.edu.vn:Hieu2003@@
ecarrera@alumno.unlam.edu.ar:BastianZoe1
dacio@spturowo.onmicrosoft.com:Uczen2010
shashin@t.5tb.in:J56IKP4QJ5NNXW0FTOEI
ing.florvilcam@gmail.com:Carmel84+
409662911@alex1.moe.edu.eg:Std#021204
m.caromiranda@uandresbello.edu:MED@u5454
ebates9@fordham.edu:Fatcat380?
sgs1385@suryaglobal.online:as@259659
paulina-ayma@hotmail.com:ayma2020
andreabvasquez310:bicicletaverde
leah@jentecstorage4.com:17@jentec
cda.centro@unibta.edu.br:Pcep003403
p142087840@taalim.ma:Mama2010
2017ev0425@unijos.edu.ng:Jay20011968
braylenc61479@mnpsk12.org:Bc081208
460615204@aswan1.moe.edu.eg:Std#080101
wpuentes@bec24h.bancoestado.cl:Sophia*280419
j131438277:Amine@2003
n08759_2013@lyceum.lk:Pah90002
naglaa.429939@t2.moe.edu.eg:egyptM@e429939
adisa.velic@dreihacken.at:adisa6187
nafeesm@eteaminc.com:Noq09518
fressy.sanchez@uned.cr:fbk121095
zhukovov@krok.edu.ua:Azarterazarter259
dirodriguez:Osamamini1
104180020@sv1.dut.udn.vn:@Vollibear92
irvjimenez@pisa.com.mx:Mar2022.
19133@my.sanctamaria.school.nz:c5lLomi@
oryleigh@marion.flvs.net:Homeschool01
u201612155@upc.edu.pe:Villasante98
sidhant.das@iserveu.in:sidhant@000
jimmyperezriano359@gmail.com:1020719409
alhelisalazar@uadec.edu.mx:-vGUzhy&1p
459897@mail.muni.cz:kroton-bun
s2441976@mb.moe.gov.sa:Fiore1144
ever.abrego@onsite-pm.com:Ever011305803
suncy01@outlook.com:Hsps105077
adriana.zamfir.p@sc2catelu.ro:A@gad829)
allen.arias@tup.edu.ph:09686586293kyla
hkhk41@utas.edu.au:desire-chart-turnip-idiot
swetha.t@fnf.com:india@123
ejpertuzs@unadvirtual.edu.co:WWL87WF5W8
kshitij.kale@ril.com:idk@WTstp7
hr@smkbatik2ska.sch.id:Gatot1995
e137260629@taalim.ma:mirakkarim@PSP
856679@stud.unive.it:Acdc4everad
172580:Mahdi11223355
xlijimem@proveedoresnmp.com.mx:21Jimemarz0324.
b.tebid@credixcm.com:B@ris676014555
boefdie@4elementsesports.com:Toq70825
marius.skersis@rytomokykla.lt:862526588Ms
kamiczek123@o2.pl:LubieSzkole2020
100109688@cientifica.edu.pe:1220sur02
serviss@ovt.lv:VTO#&($adminkc
stum172377@ese.gov.ae:P#24HGas34ZE
dh52007050@student.stu.edu.vn:Tien@Quang@161995
okaufmann@office.zspz.edu.pl:Olivier.123
172c24145@alumno.ujat.mx:162255185
10182332@bac2013.taalim.ma:Yassin20
rmendoza@acesco.com:carlos1512
proudk@my.normandale.edu:Cayman9999
edvinas.smigelskis@vdu.lt:Cristiano489
carol.gama@lmsuser.org:Cal1992**!!
stu_crtmxm06h27@snets.it:Lolpep123?
l1825010187@guasave.tecnm.mx:KarinaG_123!
id530485@schools.mk:Ivana1105
486118672@qaliobia2.moe.edu.eg:Std#080221
222800590:Simba725
support@storyhealth.com:Shikhar@123
t227103@azharonline.edu.eg:Moha1973
20210099@ricaldone.edu.sv:Rical_2021
sindilat@sindilat.com.br:SINDIMaua2011505
akinneye.david@stu.cu.edu.ng:Onelastdance1
mms10112:MMS10112*
abrumbter@lamarquerose.com:BienvenueICI!2020
shannon.clausi@tax.hrblock.com:HMc6910!
apoorv_a@hcl.com:Lucifer@1805
471929940@sharkia2.moe.edu.eg:Std#040410
16bcs1737@cuchd.in:Outlawking#1
pbaran3@sp20dg.onmicrosoft.com:Ewelina13!@
a.kaabnah@student.aaup.edu:12861440
a.khan@itac-itservices.eu:Paris75013
kolam3757@gmail.com:Student@123
jamaya13@cuc.edu.co:amaya-15
gs45314994@edu.mon.bg:Gg660102
75168523@peruchamps.org:Har83963
201120219@my.xu.edu.ph:Aurijune2
nikolas.almeida@aluno.unip.br:38995531878
aqsatsabit@my365original.com:Portal007
nikola_radnev@abv.bg:Nikolaradnev01
2021cs606@student.uet.edu.pk:stdio.hg
juracek.vojtech@susg.cz:T4tAr4726015
jagomezjurado@lacolina.edu.ec:JOSEaurelio2006
cgarcia@dynamicmediacc.com:Genoveva911!
bguczen90@lo69.onmicrosoft.com:Kapibara666
acg3359651@udelasalle.edu.mx:yusei5ds68
043579133@ecampus.ut.ac.id:savira123
ali.ali@dna-tec.de:hgS5zQCjVs9LRty
101190305@sv.dut.edu.vn:Ngocthang870
rfporozoq@itsjapon.edu.ec:Dep1lacion
szabo_kevin1206@sulid.hu:Kevin1206
imadbahamou02@gmail.com:imad@06
48365@mbz.ens.sch.ae:12345678
arsh.siddiqui@s.amity.edu:M@9729A8@1
+212691708496:Ktyk8426
borja.alvarino@rai.usc.es:s4rFG#!s
thanhdv@tanlongfood.vn:56LeHongPhong
00318932@red.unid.mx:Burlesque.1402
gwenctavares@live.com:Gnct2018
sparl.mkaszuba@edupolis.pl:9uSi2Br!!
20041418@vnu.edu.vn:lqlm24022002
mramesh@hcl.com:Jluy@123!
reservation@videlio-iec.com:Videlio753
jose.ocampo@uip.edu.pa:19ocampolucasJOS
beomeek123@gmail.com:vothiphuongthao@1
sqkerna1@stu.k12.wv.us:Sk330044314
gmcoffin@auntmillies.com:Coconut6
leorkg.102000@gmail.com:Leo@1003
luisa.isaza@correo.tdea.edu.co:Pazyamor98
isabela.masb@ufsc.br:isabela.masb@ufsc.br
yehia.189518@t2.moe.edu.eg:Y@189518
shubhankar1998:Ronti1@#
logann491@cobleskill.edu:Auggie#03
lamnp@donggiang.vn:Pk220207
barthbolou@yahoo.fr:Boniface7
e.a.prah@edu.salford.ac.uk:pealex12345
280349@aubank.in:Sept@1234
450588872@monofeya2.moe.edu.eg:Ff#1234567
hassan.naqvi@avantgarde.ae:Dfgh665$
khanani.f-zahra@taalim.ma:YasseR208
souhail.laazizi@ensam.ac.ma:Souhail@Safae2022
210553874@csusaflstudent.org:zf03062009!
s2439748@tbkb.moe.gov.sa:1212Moha
s4996696@jg.moe.gov.sa:Tlal6404
charles.silva@minacaraiba.com:99195235ccs453
xjeffoyw9@t.odmail.cn:Deeppaal@1
contact@michaelchow.page:Mike@8080
javier.lopez15@colegioceu.es:mcX0Kk5FWY
olgarumi@sura.com.co:Surafl2022**
6098@sobieski.edu.pl:Sobieski.7
vip9263@vip365.pub:58272*Hamza
khwanhathais3@gsb.or.th:gsb@2566
afiqsingle@365office.digital:Venomancer88
ubaid.4685601@talmeez.pk:asd@10185
calvarezv1@est.ups.edu.ec:CJAVups2021
carla@gmce.com.au:Yug08419
daniel.silva.pereira@vale.com:d685370D
445171040@benisuef2.moe.edu.eg:Std#040606
361863@unilabs.com:@@Ah7895123@@
himal.742418@puc.tu.edu.np:BABita007
21818079108@std.bau.edu.jo:Xy.H2~gF!HJ^jAU
459455301@behera2.moe.edu.eg:Std#080209
s138117218@taalim.ma:Kxiij7300
2002-2115@est.unicaribe.edu.do:Tuwa1019
mrangeles2020@plm.edu.ph:LoisaAndalio16
451763473@gharbeia2.moe.edu.eg:osa11/22/33/44/55
1170836@student.edu.az:Ilham2006
m10923105@ms.ntust.edu.tw:How870531
cw_2179601@hotmail.com:T@dimeyteo1lio
emmanuel@century.consulting:Emm@nu&l1911
0305360893:Maryelmm20
2011098400466@alunocarioca.rio:rio22/04/2007
p82mumaf@uco.es:Paco1998
prince.solomon@betsol.com:PointBreak@321
1830996@std.hu.edu.jo:Sararose2468
j135367426@taalim.ma:Htvms8267mouad
matt1869:Matt12aar
dibindixitmurali@hotmail.com:gavSgavs_123
125385:Asd@6826
lanhdao:Sgr@1234
ak670000@schools.mk:AbKamb8.
s9986114@asrb.moe.gov.sa:GAga1413
abhayk5035@my.middlesexcc.edu:Lazored123!
19chatre@flhs.wigan.sch.uk:Tyl19Lane
sheilatyn.16@ichat.sp.edu.sg:S9811613c
vaguileras@bch.bancodechile.cl:Tcs@2025
bd1384@365svip.info:Turati70
drozniata1@1klodawa.pl:daniel1231
ryanboby@saints.mw:Leg@rsups2
e132161003@taalim.ma:Cnmp3372
444926762@g102019.moe.edu.eg:d2t@kudb
naser.660246@t2.moe.edu.eg:elbry2010@yahoo
301320:Sinderterliqui3
diego.diaz@besalco.cl:e3UOm0Phf!
eder.floresmrtn@uanl.edu.mx:30Disaivama192
analytics-18@uniaraxa.edu.br:ye5G2!#w
g42-20@rgf.bg.ac.rs:LDurmic01
mw5401@hbl.com:February1
devishgala@navneet.com:Navneet@99
20162218@student.hust.edu.vn:Longan2015
augusto.ruyz@bounceft.com.br:senhaAugusto22
juandav44609306:tsmyjdct2020J
ames.mcgrath@fenergo.com:Energy123
coltonh177@bvs.flvs.net:Coltonh1
kshankar@ciberspring.com:karthik1122
markwandumo@gmail.com:a123456789z
6300716@mec.edu.py:Rpf300716
jeane91@mail.sunysuffolk.edu:Supermom10
1046390@sga.pucminas.br:umbrella!
32018106@hti.edu.eg:Shehab@3012001
22034743@student.ltuc.com:ke@X9YJBdQnms7S
454025515@behera3.moe.edu.eg:Std#060514
imcoolafmthfckr@gmail.com:bloodyhell
duoc1206.1257200070@dnu.edu.vn:Duytinh12345
21010125320@symlaw.ac.in:Erendogg21262915
production@iebglobal.com.ar:Cobra2020$
chien181303056@st.utc.edu.vn:Ndc^280800
s8122652@mkhb.moe.gov.sa:Salam.mo
008751@student.isj.org:2lIjugeRuxo7
fbakala@edu.sp11.pulawy.pl:Fba20092210
thantkaungsettmce@ttu.edu.mm:Paungchain2718
parker.keeler@svclnk.com:red123CRUZe
br594@365svip.top:M159875321@
10019@i365vip.cloud:Oo1406Axq
a100@txqq.me:eL!k8(P!ba#wbW9
kei-ylc@cccmkc.edu.hk:611Shebnb
s.nugen@petethebugguy.com:W@rlord1
yang2065@purdue.edu:ctd123321!
shalithkaushalyaii:Shan@1234
kannislvn@gmail.com:Padmavathi!1234567
3310005733057@qaed.edu.pk:Fsd300789
alowaiscf:Ppa$$2022
471650289@qaliobia3.moe.edu.eg:Std#060911
yelitza.carpio@ucsm.edu.pe:trabajosocial@2021
830542@students.mcallenisd.net:PauMau@2013
jonle@ucsc.edu:beeGees14.
454923711@behera3.moe.edu.eg:Std#060429
d130187095@taalim.ma:Ywys10657
6640942022@mail.utec.edu.sv:Frank@108
asyraaf122.dfs@sik.ikm.edu.my:715bdCAB23
hubert.zyla@kleckozszp.edu.pl:KOTek88878
kjramirezr@unah.hn:3005Jkr@
zahir.hamid@fac.edu.tt:ZFAdt2014
g137393894@taalim.ma:u7MEiXQT4w
guard1@honmyue.com.tw:hy@000000
inmunozb@poligran.edu.co:P10aola*
22hansenda@capousd.org:7385043A
1900705013@st.aabu.edu.jo:Mohandes101010
gabriunas.matas@didzdvaris.lt:Gmailas48625
armin.mujic@msst.edu.ba:Armi66MU
s.havryliuk@ies.org.ua:Serhii1
gbanakos97@iekakmi.edu.gr:Akmi5158
vrosas0920@nay.conalep.edu.mx:darO190320
thehigherways@gmail.com:@PlatforM1234!
2020628088@isiswa.uitm.edu.my:net2019
sven.peine@rv-365.de:Ruy97109
bahmad@dallasglassanddoor.com:DGC@0306
lthangliana20@ilt.edu:Liana210278
elev_57@brassai.ro:micimacko7
gpiracci@gmail.com:Piraccihx@
2019352029@teschi.edu.mx:EM01leslaley.
